01-26 05:33:40.055  5299  5694 W SP.AiAi : hlj: HTTP_ERROR 404, url: https://gstatic.com/webref-ondevice/aiai/23072901_pir/2/en/superpacks_manifest.zip
01-26 05:33:40.055  5299  5694 W SP.AiAi : 	at hsi.a(PG:31)
01-26 05:33:40.055  5299  5694 W SP.AiAi : 	at hsg.run(PG:10)
01-26 05:33:40.055  5299  5694 W SP.AiAi : 	at java.util.concurrent.Executors$RunnableAdapter.call(Executors.java:462)
01-26 05:33:40.055  5299  5694 W SP.AiAi : 	at java.util.concurrent.FutureTask.run(FutureTask.java:266)
01-26 05:33:40.055  5299  5694 W SP.AiAi : 	at java.util.concurrent.ScheduledThreadPoolExecutor$ScheduledFutureTask.run(ScheduledThreadPoolExecutor.java:301)
01-26 05:33:40.055  5299  5694 W SP.AiAi : 	at java.util.concurrent.ThreadPoolExecutor.runWorker(ThreadPoolExecutor.java:1167)
01-26 05:33:40.055  5299  5694 W SP.AiAi : 	at java.util.concurrent.ThreadPoolExecutor$Worker.run(ThreadPoolExecutor.java:641)
01-26 05:33:40.055  5299  5694 W SP.AiAi : 	at ctg.run(Unknown Source:144)
01-26 05:33:40.055  5299  5694 W SP.AiAi : 	at java.lang.Thread.run(Thread.java:923)
01-26 05:33:40.057  5299  5694 I SP.AiAi : Download stopped: manifests:webref-2-en-23072901, failed (permanent), size: 0
01-26 05:33:40.057 21210 21210 I TetheringManager: registerTetheringEventCallback:com.android.vending
01-26 05:33:40.059  4820  5656 I SP      : Scheduling: download registered, 0 started, 0 paused, 1 scheduled, 1 pending: expressive_concepts:2020031023_en * {W:b, bg}
01-26 05:33:40.068 21244 21244 D app_process: Time zone APEX ICU file found: /apex/com.android.tzdata/etc/icu/icu_tzdata.dat
01-26 05:33:40.068 21244 21244 D app_process: I18n APEX ICU file found: /apex/com.android.i18n/etc/icu/icudt66l.dat
01-26 05:33:40.073  4820  5656 I SP      : Scheduling: job start ({W:b, bg}), 1 started, 0 paused, 0 scheduled, 1 pending: expressive_concepts:2020031023_en @ * {W:b, bg}
01-26 05:33:40.074  4820  5656 I SP      : Requesting download of URL https://www.gstatic.com/android/keyboard/modelpack/expressive_concepts/2020031023/en.zip to 2020031023_en.zip.fetched (constraints: W:b)
01-26 05:33:40.074 21244 21244 I app_process: The ClassLoaderContext is a special shared library.
01-26 05:33:40.085   587   773 I BpBinder: onLastStrongRef automatically unlinking death recipients: <uncached descriptor>
01-26 05:33:40.090 20872 20872 E NotificationAccessor: Cannot delete notification channel. Channel not found.
01-26 05:33:40.090 20872 20872 I chatty  : uid=10215(com.google.android.apps.docs) identical 1 line
01-26 05:33:40.090 20872 20872 E NotificationAccessor: Cannot delete notification channel. Channel not found.
01-26 05:33:40.101 21244 21244 W app_process: JNI RegisterNativeMethods: attempt to register 0 native methods for android.media.AudioAttributes
01-26 05:33:40.106 21244 21244 D AndroidRuntime: Calling main entry com.android.commands.input.Input
01-26 05:33:40.115  3986  3986 D InterruptionStateProvider: No bubble up: not allowed to bubble: -1|android|26|null|1000
01-26 05:33:40.116  3986  3986 W NotifBindPipeline: Row is not set so pipeline will not run. notif = -1|android|26|null|1000
01-26 05:33:40.118 21244 21244 D AndroidRuntime: Shutting down VM
01-26 05:33:40.119  5299  5694 I SP.AiAi : Scheduling: download stopped, 0 started, 0 paused, 0 scheduled, 1 pending: template_table-2-en:template_table_main_239883392619e66b4d5563317740d841 @ {W:b, bg}
01-26 05:33:40.120  5299  5694 W AiAiTextClassifier: Model sync failed.
01-26 05:33:40.120  5299  5694 W AiAiTextClassifier: hbx: Request of 1 packs for webref-2-en-manifest failed
01-26 05:33:40.120  5299  5694 W AiAiTextClassifier: 	at hmg.call(Unknown Source:129)
01-26 05:33:40.120  5299  5694 W AiAiTextClassifier: 	at jks.b(Unknown Source:2)
01-26 05:33:40.120  5299  5694 W AiAiTextClassifier: 	at jlr.run(PG:3)
01-26 05:33:40.120  5299  5694 W AiAiTextClassifier: 	at java.util.concurrent.Executors$RunnableAdapter.call(Executors.java:462)
01-26 05:33:40.120  5299  5694 W AiAiTextClassifier: 	at java.util.concurrent.FutureTask.run(FutureTask.java:266)
01-26 05:33:40.120  5299  5694 W AiAiTextClassifier: 	at java.util.concurrent.ScheduledThreadPoolExecutor$ScheduledFutureTask.run(ScheduledThreadPoolExecutor.java:301)
01-26 05:33:40.120  5299  5694 W AiAiTextClassifier: 	at java.util.concurrent.ThreadPoolExecutor.runWorker(ThreadPoolExecutor.java:1167)
01-26 05:33:40.120  5299  5694 W AiAiTextClassifier: 	at java.util.concurrent.ThreadPoolExecutor$Worker.run(ThreadPoolExecutor.java:641)
01-26 05:33:40.120  5299  5694 W AiAiTextClassifier: 	at java.lang.Thread.run(Thread.java:923)
01-26 05:33:40.120  5299  5694 W AiAiTextClassifier: Caused by: hlj: HTTP_ERROR 404, url: https://gstatic.com/webref-ondevice/aiai/23072901_pir/2/en/superpacks_manifest.zip
01-26 05:33:40.120  5299  5694 W AiAiTextClassifier: 	at hsi.a(PG:31)
01-26 05:33:40.120  5299  5694 W AiAiTextClassifier: 	at hsg.run(PG:10)
01-26 05:33:40.120  5299  5694 W AiAiTextClassifier: 	at java.util.concurrent.Executors$RunnableAdapter.call(Executors.java:462)
01-26 05:33:40.120  5299  5694 W AiAiTextClassifier: 	at java.util.concurrent.FutureTask.run(FutureTask.java:266)
01-26 05:33:40.120  5299  5694 W AiAiTextClassifier: 	at java.util.concurrent.ScheduledThreadPoolExecutor$ScheduledFutureTask.run(ScheduledThreadPoolExecutor.java:301)
01-26 05:33:40.120  5299  5694 W AiAiTextClassifier: 	at java.util.concurrent.ThreadPoolExecutor.runWorker(ThreadPoolExecutor.java:1167)
01-26 05:33:40.120  5299  5694 W AiAiTextClassifier: 	at java.util.concurrent.ThreadPoolExecutor$Worker.run(ThreadPoolExecutor.java:641)
01-26 05:33:40.120  5299  5694 W AiAiTextClassifier: 	at ctg.run(Unknown Source:144)
01-26 05:33:40.120  5299  5694 W AiAiTextClassifier: 	... 1 more
01-26 05:33:40.121  3986  3986 D InterruptionStateProvider: No bubble up: not allowed to bubble: -1|android|32|null|1000
01-26 05:33:40.121  5299  5694 W AiAiTextClassifier: Miniature sync failed.
01-26 05:33:40.121  5299  5694 W AiAiTextClassifier: hbx: Request of 1 packs for webref-2-en-manifest failed
01-26 05:33:40.121  5299  5694 W AiAiTextClassifier: 	at hmg.call(Unknown Source:129)
01-26 05:33:40.121  5299  5694 W AiAiTextClassifier: 	at jks.b(Unknown Source:2)
01-26 05:33:40.121  5299  5694 W AiAiTextClassifier: 	at jlr.run(PG:3)
01-26 05:33:40.121  5299  5694 W AiAiTextClassifier: 	at java.util.concurrent.Executors$RunnableAdapter.call(Executors.java:462)
01-26 05:33:40.121  5299  5694 W AiAiTextClassifier: 	at java.util.concurrent.FutureTask.run(FutureTask.java:266)
01-26 05:33:40.121  5299  5694 W AiAiTextClassifier: 	at java.util.concurrent.ScheduledThreadPoolExecutor$ScheduledFutureTask.run(ScheduledThreadPoolExecutor.java:301)
01-26 05:33:40.121  5299  5694 W AiAiTextClassifier: 	at java.util.concurrent.ThreadPoolExecutor.runWorker(ThreadPoolExecutor.java:1167)
01-26 05:33:40.121  5299  5694 W AiAiTextClassifier: 	at java.util.concurrent.ThreadPoolExecutor$Worker.run(ThreadPoolExecutor.java:641)
01-26 05:33:40.121  5299  5694 W AiAiTextClassifier: 	at java.lang.Thread.run(Thread.java:923)
01-26 05:33:40.121  5299  5694 W AiAiTextClassifier: Caused by: hlj: HTTP_ERROR 404, url: https://gstatic.com/webref-ondevice/aiai/23072901_pir/2/en/superpacks_manifest.zip
01-26 05:33:40.121  5299  5694 W AiAiTextClassifier: 	at hsi.a(PG:31)
01-26 05:33:40.121  5299  5694 W AiAiTextClassifier: 	at hsg.run(PG:10)
01-26 05:33:40.121  5299  5694 W AiAiTextClassifier: 	at java.util.concurrent.Executors$RunnableAdapter.call(Executors.java:462)
01-26 05:33:40.121  5299  5694 W AiAiTextClassifier: 	at java.util.concurrent.FutureTask.run(FutureTask.java:266)
01-26 05:33:40.121  5299  5694 W AiAiTextClassifier: 	at java.util.concurrent.ScheduledThreadPoolExecutor$ScheduledFutureTask.run(ScheduledThreadPoolExecutor.java:301)
01-26 05:33:40.121  5299  5694 W AiAiTextClassifier: 	at java.util.concurrent.ThreadPoolExecutor.runWorker(ThreadPoolExecutor.java:1167)
01-26 05:33:40.121  5299  5694 W AiAiTextClassifier: 	at java.util.concurrent.ThreadPoolExecutor$Worker.run(ThreadPoolExecutor.java:641)
01-26 05:33:40.121  5299  5694 W AiAiTextClassifier: 	at ctg.run(Unknown Source:144)
01-26 05:33:40.121  5299  5694 W AiAiTextClassifier: 	... 1 more
01-26 05:33:40.121  1538  1632 I ActivityTaskManager: START u0 {act=android.intent.action.MAIN cat=[android.intent.category.HOME] flg=0x10000100 cmp=com.google.android.apps.nexuslauncher/.NexusLauncherActivity (has extras)} from uid 0
01-26 05:33:40.121  3986  3986 D InterruptionStateProvider: No heads up: unimportant notification: -1|android|32|null|1000
01-26 05:33:40.131  3986  3986 V ShadeControllerImpl: NotificationShadeWindow: com.android.systemui.statusbar.phone.NotificationShadeWindowView{20b5b74 I.E...... ......ID 0,0-1080,2340} canPanelBeCollapsed(): false
01-26 05:33:40.135  3986  3986 V ShadeControllerImpl: NotificationShadeWindow: com.android.systemui.statusbar.phone.NotificationShadeWindowView{20b5b74 I.E...... ......ID 0,0-1080,2340} canPanelBeCollapsed(): false
01-26 05:33:40.161  5299 21131 W ogle.android.a: Accessing hidden method Lcom/android/org/conscrypt/ConscryptEngineSocket;->setUseSessionTickets(Z)V (greylist-max-q,core-platform-api, reflection, denied)
01-26 05:33:40.161  5299 21131 W ogle.android.a: Accessing hidden method Lcom/android/org/conscrypt/OpenSSLSocketImpl;->setUseSessionTickets(Z)V (greylist-max-q,core-platform-api, reflection, denied)
01-26 05:33:40.161  5299 21131 W ogle.android.a: Accessing hidden method Lcom/android/org/conscrypt/AbstractConscryptSocket;->setUseSessionTickets(Z)V (greylist-max-q, reflection, denied)
01-26 05:33:40.162  5299 21131 W ogle.android.a: Accessing hidden method Lcom/android/org/conscrypt/ConscryptEngineSocket;->setHostname(Ljava/lang/String;)V (greylist-max-q,core-platform-api, reflection, denied)
01-26 05:33:40.162  5299 21131 W ogle.android.a: Accessing hidden method Lcom/android/org/conscrypt/OpenSSLSocketImpl;->setHostname(Ljava/lang/String;)V (greylist-max-q,core-platform-api, reflection, denied)
01-26 05:33:40.162  5299 21131 W ogle.android.a: Accessing hidden method Lcom/android/org/conscrypt/AbstractConscryptSocket;->setHostname(Ljava/lang/String;)V (greylist-max-q, reflection, denied)
01-26 05:33:40.162  5299 21131 W ogle.android.a: Accessing hidden method Lcom/android/org/conscrypt/OpenSSLSocketImpl;->setAlpnProtocols([B)V (greylist-max-q,core-platform-api, reflection, denied)
01-26 05:33:40.162  5299 21131 W ogle.android.a: Accessing hidden method Lcom/android/org/conscrypt/AbstractConscryptSocket;->setAlpnProtocols([B)V (greylist-max-q, reflection, denied)
01-26 05:33:40.169  3986  3986 W TouchableRegionManager: onHeadsUpPinnedModeChanged
01-26 05:33:40.170 19661 19686 I ChimeraConfigurator: Update complete: success
01-26 05:33:40.172  3986  3986 D StatusBar: disable<e i a s b h r c s > disable2<q i n >
01-26 05:33:40.202 19661 19686 I GmsModuleFndr: Beginning GMS chimera module scan
01-26 05:33:40.204 20540 20595 W Finsky  : [1563] SLM: no metadata property com.android.vending.derived.apk.id found for shared library com.google.android.trichromelibrary_410410683:
01-26 05:33:40.205 20540 20595 W Finsky  : [1563] SLM: no metadata property com.android.vending.sdk.version.patch found for shared library com.google.android.trichromelibrary_410410683:
01-26 05:33:40.210 19661 19686 I ModuleSetResolution: Computing pending module set with APKs: [[AdsFdrDynamite.integ:254380203100000], [Appsearch.optional:254932100400], [Games.optional:254932100000], [MlkitOcrCommon.optional:254932100400], [Pay.optional:254932100400], [TfliteDynamiteDynamite.integ:243930802100400], [VisionOcr.optional:254932100000], [AdsFdrDynamite.integ:253405700100000], [Cronetdynamite:254932150400], [Dynamiteloader:254932150000], [Dynamitemodulesa:254932150000], [Dynamitemodulesc:254932150000], [Googlecertificates:254932150000], [Mapsdynamite:254932150000], [Measurementdynamite:254932150000]]
01-26 05:33:40.214 19661 19686 I ModuleSetResolution: Pending container module APKs: [[Appsearch.optional:254932100400], [Games.optional:254932100000], [MlkitOcrCommon.optional:254932100400], [Pay.optional:254932100400], [TfliteDynamiteDynamite.integ:243930802100400], [VisionOcr.optional:254932100000]]
01-26 05:33:40.214 19661 19686 I ModuleSetResolution: Pending non-container module APKs: [[AdsFdrDynamite.integ:254380203100000]]
01-26 05:33:40.228  3986  3986 W View    : requestLayout() improperly called by android.widget.TextView{bc8f06 V.ED..... ......ID 96,47-381,91 #7f0a04a4 app:id/text} during layout: running second layout pass
01-26 05:33:40.234  5299 21131 W ogle.android.a: Accessing hidden method Lcom/android/org/conscrypt/OpenSSLSocketImpl;->getAlpnSelectedProtocol()[B (greylist-max-q,core-platform-api, reflection, denied)
01-26 05:33:40.234  5299 21131 W ogle.android.a: Accessing hidden method Lcom/android/org/conscrypt/AbstractConscryptSocket;->getAlpnSelectedProtocol()[B (greylist-max-q, reflection, denied)
01-26 05:33:40.243  1538  4070 D CompatibilityChangeReporter: Compat change id reported: 135634846; UID 10224; state: DISABLED
01-26 05:33:40.243  1538  4070 D CompatibilityChangeReporter: Compat change id reported: 135754954; UID 10224; state: ENABLED
01-26 05:33:40.245  1538  1643 D CompatibilityChangeReporter: Compat change id reported: 143937733; UID 10224; state: ENABLED
01-26 05:33:40.254 13905 20844 W NetworkScheduler: The Firebase Job Dispatcher and GmsTaskScheduler are deprecated for apps targeting API 30 or newer. Application com.google.android.apps.maps has targetSdkVersion 30. Please migrate to the WorkManager or JobScheduler. [CONTEXT service_id=218 ]
01-26 05:33:40.254 13905 20844 W NetworkScheduler: Running in whitelist mode. Ignoring task: com.google.android.apps.maps/com.google.android.apps.gmm.cloudmessage.CloudMessageService{u=0 tag="LOCALE_CHANGED" trigger=window{start=0s,end=30s,earliest=0s,latest=29s} requirements=[NET_CONNECTED,PREFERRED_NET_CONNECTED] attributes=[] scheduled=0s last_run=N/A exec_window_multiplier=1.0000 jid=N/A status=UNKNOWN retries=0 client_lib=MANCHEGO_GCM-202210000} [CONTEXT service_id=218 ]
01-26 05:33:40.271   869   869 D Zygote  : Forked child process 21285
01-26 05:33:40.273  1538  1643 I ActivityManager: Start proc 21285:com.google.android.apps.messaging/u0a224 for broadcast {com.google.android.apps.messaging/com.google.android.apps.messaging.shared.receiver.BootAndPackageReplacedReceiver}
01-26 05:33:40.290 21285 21285 E .apps.messagin: Not starting debugger since process cannot load the jdwp agent.
01-26 05:33:40.318 21285 21285 I .apps.messagin: The ClassLoaderContext is a special shared library.
01-26 05:33:40.320  5299  5694 I SP.AiAi : <==== Finishing job {W:b, bg}, 889 ms. elapsed since start
01-26 05:33:40.321  5299  5694 I SP.AiAi : Download stopped: template_table-2-en:template_table_main_239883392619e66b4d5563317740d841, succeeded, size: 1000
01-26 05:33:40.326 21285 21285 I .apps.messagin: The ClassLoaderContext is a special shared library.
01-26 05:33:40.327 21285 21285 D nativeloader: classloader namespace configured for unbundled product apk. library_path=/product/app/PrebuiltBugle/lib/arm64:/product/app/PrebuiltBugle/PrebuiltBugle.apk!/lib/arm64-v8a:/product/lib64:/system/product/lib64
01-26 05:33:40.340 21285 21285 D NetworkSecurityConfig: No Network Security Config specified, using platform default
01-26 05:33:40.341 21285 21285 D NetworkSecurityConfig: No Network Security Config specified, using platform default
01-26 05:33:40.346 13905 20846 I NetworkScheduler.Stats: (REDACTED) Task %s/%s finished executing. cause:%s result: %s elapsed_millis: %s uptime_millis: %s exec_start_elapsed_seconds: %s
01-26 05:33:40.347 21285 21285 I MultiDex: VM with version 2.1.0 has multidex support
01-26 05:33:40.347 21285 21285 I MultiDex: install
01-26 05:33:40.347 21285 21285 I MultiDex: VM has multidex support, MultiDex support library is disabled.
01-26 05:33:40.359  5299  5762 I SP.AiAi : Sync for template_table-2-en succeeded in 406 ms: {added: [template_table_main_239883392619e66b4d5563317740d841], metadata: false
01-26 05:33:40.379  5299  5762 I SP.AiAi : GC for 'template_table-2-en' (<hnh@f081308 number=10 name=POST_SYNC_GC>) with ttl of 0 ms took 0 ms (0/0/0)
01-26 05:33:40.379  5299  5762 I FederatedAnalyticsState: Starting to sync training state...
01-26 05:33:40.380  5299  6439 I TrainingStateHandler: Nothing new to stop.
01-26 05:33:40.380  5299  6439 I TrainingStateHandler: Nothing new to stop.
01-26 05:33:40.380  5299  5694 I AiAiTextClassifier: Deeplink template table packs changed for model: template_table-2-en
01-26 05:33:40.384  5299  6439 I TrainingStateHandler: Nothing new to start.
01-26 05:33:40.384  5299  6439 I TrainingStateHandler: Nothing new to start.
01-26 05:33:40.384  5299  6439 I TrainingStateHandler: Successfully synced training state: null -> null.
01-26 05:33:40.384  5299  6439 I TrainingStateHandler: Successfully synced training state: null -> null.
01-26 05:33:40.385  5299  6439 I FederatedAnalyticsState: Sync complete!
01-26 05:33:40.395  5299  5694 I AiAiTextClassifier: Deeplink template table instance created: {template_table={superpack=template_table-2-en.21072101, metadata=false, packs=template_table_main_239883392619e66b4d5563317740d841(2)}}
01-26 05:33:40.437 21285 21285 I aphq    : SslGuard completed installation.
01-26 05:33:40.446 21285 21312 W BuglePhenotype: Phenotype Flags not initialized
01-26 05:33:40.446 21285 21312 W BuglePhenotype: java.lang.IllegalStateException: Must call PhenotypeFlag.init() first
01-26 05:33:40.446 21285 21312 W BuglePhenotype: 	at aszc.l(PG:1)
01-26 05:33:40.446 21285 21312 W BuglePhenotype: 	at ansc.f(PG:4)
01-26 05:33:40.446 21285 21312 W BuglePhenotype: 	at pph.h(PG:1)
01-26 05:33:40.446 21285 21312 W BuglePhenotype: 	at ppn.g(PG:2)
01-26 05:33:40.446 21285 21312 W BuglePhenotype: 	at pph.i(PG:3)
01-26 05:33:40.446 21285 21312 W BuglePhenotype: 	at itc.a(PG:2)
01-26 05:33:40.446 21285 21312 W BuglePhenotype: 	at idr.d(PG:66)
01-26 05:33:40.446 21285 21312 W BuglePhenotype: 	at idr.b(PG:268)
01-26 05:33:40.446 21285 21312 W BuglePhenotype: 	at ands.b(Unknown Source:16)
01-26 05:33:40.446 21285 21312 W BuglePhenotype: 	at badd.b(PG:1)
01-26 05:33:40.446 21285 21312 W BuglePhenotype: 	at anpe.run(Unknown Source:1)
01-26 05:33:40.446 21285 21312 W BuglePhenotype: 	at java.util.concurrent.Executors$RunnableAdapter.call(Executors.java:462)
01-26 05:33:40.446 21285 21312 W BuglePhenotype: 	at avte.c(PG:1)
01-26 05:33:40.446 21285 21312 W BuglePhenotype: 	at avsf.run(PG:4)
01-26 05:33:40.446 21285 21312 W BuglePhenotype: 	at avtf.run(PG:1)
01-26 05:33:40.446 21285 21312 W BuglePhenotype: 	at anet.run(Unknown Source:1)
01-26 05:33:40.446 21285 21312 W BuglePhenotype: 	at avsu.run(PG:1)
01-26 05:33:40.446 21285 21312 W BuglePhenotype: 	at avsv.run(PG:4)
01-26 05:33:40.446 21285 21312 W BuglePhenotype: 	at aria.run(PG:1)
01-26 05:33:40.446 21285 21312 W BuglePhenotype: 	at java.util.concurrent.ThreadPoolExecutor.runWorker(ThreadPoolExecutor.java:1167)
01-26 05:33:40.446 21285 21312 W BuglePhenotype: 	at java.util.concurrent.ThreadPoolExecutor$Worker.run(ThreadPoolExecutor.java:641)
01-26 05:33:40.446 21285 21312 W BuglePhenotype: 	at argf.run(Unknown Source:5)
01-26 05:33:40.446 21285 21312 W BuglePhenotype: 	at java.lang.Thread.run(Thread.java:923)
01-26 05:33:40.447 21285 21309 W BuglePhenotype: Phenotype Flags not initialized
01-26 05:33:40.447 21285 21285 I Bugle   : BugleApplicationBase: Bugle version: 7.1.084 (hickory_rc10_alldpi.arm64-v8a.phone)
01-26 05:33:40.448 21285 21309 W BuglePhenotype: java.lang.IllegalStateException: Must call PhenotypeFlag.init() first
01-26 05:33:40.448 21285 21309 W BuglePhenotype: 	at aszc.l(PG:1)
01-26 05:33:40.448 21285 21309 W BuglePhenotype: 	at ansc.f(PG:4)
01-26 05:33:40.448 21285 21309 W BuglePhenotype: 	at pph.h(PG:1)
01-26 05:33:40.448 21285 21309 W BuglePhenotype: 	at ppn.g(PG:2)
01-26 05:33:40.448 21285 21309 W BuglePhenotype: 	at pph.i(PG:3)
01-26 05:33:40.448 21285 21309 W BuglePhenotype: 	at skp.run(Unknown Source:2)
01-26 05:33:40.448 21285 21309 W BuglePhenotype: 	at asje.run(PG:2)
01-26 05:33:40.448 21285 21309 W BuglePhenotype: 	at java.util.concurrent.Executors$RunnableAdapter.call(Executors.java:462)
01-26 05:33:40.448 21285 21309 W BuglePhenotype: 	at avte.c(PG:1)
01-26 05:33:40.448 21285 21309 W BuglePhenotype: 	at avsf.run(PG:4)
01-26 05:33:40.448 21285 21309 W BuglePhenotype: 	at avtf.run(PG:1)
01-26 05:33:40.448 21285 21309 W BuglePhenotype: 	at avsu.run(PG:1)
01-26 05:33:40.448 21285 21309 W BuglePhenotype: 	at avsv.run(PG:4)
01-26 05:33:40.448 21285 21309 W BuglePhenotype: 	at aria.run(PG:1)
01-26 05:33:40.448 21285 21309 W BuglePhenotype: 	at java.util.concurrent.ThreadPoolExecutor.runWorker(ThreadPoolExecutor.java:1167)
01-26 05:33:40.448 21285 21309 W BuglePhenotype: 	at java.util.concurrent.ThreadPoolExecutor$Worker.run(ThreadPoolExecutor.java:641)
01-26 05:33:40.448 21285 21309 W BuglePhenotype: 	at argf.run(Unknown Source:5)
01-26 05:33:40.448 21285 21309 W BuglePhenotype: 	at java.lang.Thread.run(Thread.java:923)
01-26 05:33:40.468 21285 21285 I CarrierServices: [2] afim.l: Reinitialize CSLib Flags: com.google.android.ims.library
01-26 05:33:40.480  1538  4070 D CompatibilityChangeReporter: Compat change id reported: 136219221; UID 10187; state: ENABLED
01-26 05:33:40.493 15371 15387 W System  : A resource failed to call close. 
01-26 05:33:40.493 15371 15387 W SQLiteConnectionPool: A SQLiteConnection object for database '/data/user/0/com.android.vending/databases/resource_data.db' was leaked!  Please fix your application to end transactions in progress properly and to close the database when it is no longer needed.
01-26 05:33:40.493 15371 15387 W System  : A resource failed to call close. 
01-26 05:33:40.493 15371 15387 W System  : A resource failed to call close. 
01-26 05:33:40.493 15371 15387 W SQLiteConnectionPool: A SQLiteConnection object for database '/data/user/0/com.android.vending/databases/installer_data_v2.db' was leaked!  Please fix your application to end transactions in progress properly and to close the database when it is no longer needed.
01-26 05:33:40.493 15371 15387 W System  : A resource failed to call close. 
01-26 05:33:40.519 21285 21309 I Bugle   : Initializing EmojiCompat
01-26 05:33:40.525  1538  5375 W ActivityManager: Background start not allowed: service Intent { cmp=com.google.android.apps.messaging/.shared.datamodel.action.execution.ActionExecutorImpl$EmptyService } to com.google.android.apps.messaging/.shared.datamodel.action.execution.ActionExecutorImpl$EmptyService from pid=21285 uid=10224 pkg=com.google.android.apps.messaging startFg?=false
01-26 05:33:40.525 21285 21317 I BugleAction: ActionSchedulerImpl: class com.google.android.apps.messaging.shared.datamodel.action.SelfParticipantsRefreshAction-SelfParticipantsRefreshAction:816892001 deferred since it was started from unsafe context
01-26 05:33:40.526 21285 21309 I CarrierServices: [1616] afaf.a: Initializing Carrier Services Library.
01-26 05:33:40.527 21285 21309 I CarrierServices: [1616] afim.l: Reinitialize CSLib Flags: com.google.android.ims.library
01-26 05:33:40.529 20872 20892 I droid.apps.doc: Waiting for a blocking GC ProfileSaver
01-26 05:33:40.544  4820  5656 I SP      : <==== Finishing job {W:b, bg}, 492 ms. elapsed since start
01-26 05:33:40.544  4820  5656 I SP      : Download stopped: expressive_concepts:2020031023_en, succeeded, size: 440693
01-26 05:33:40.545 13905 13932 I FontLog : (REDACTED) Received query %s, URI %s
01-26 05:33:40.545 13905 13932 I FontLog : (REDACTED) Query [%s] resolved to %s
01-26 05:33:40.549 13905 13932 I FontLog : (REDACTED) Fetch %s end status %s
01-26 05:33:40.562 21285 21309 I CarrierServices: [1616] afaf.b: Initializing Carrier Services Logging.
01-26 05:33:40.562  4820  4820 I SP      : <<<<< Stopping job {W:b, bg}, 510 ms. elapsed since start
01-26 05:33:40.562 13905 13932 I FontLog : (REDACTED) Pulling font file for id = %d, cache size = %d
01-26 05:33:40.564 13905 13932 I FontLog : (REDACTED) Pulling font file for id = %d, cache size = %d
01-26 05:33:40.575 20872 20892 I droid.apps.doc: WaitForGcToComplete blocked ProfileSaver on ClassLinker for 45.631ms
01-26 05:33:40.578 21285 21323 W .apps.messagin: Accessing hidden field Ljava/util/Collections$SynchronizedCollection;->mutex:Ljava/lang/Object; (greylist-max-o, reflection, denied)
01-26 05:33:40.578 21285 21323 W .apps.messagin: Accessing hidden method Ljava/util/Collections$SynchronizedSet;-><init>(Ljava/util/Set;Ljava/lang/Object;)V (greylist-max-o, reflection, denied)
01-26 05:33:40.578 21285 21323 W .apps.messagin: Accessing hidden method Ljava/util/Collections$SynchronizedCollection;-><init>(Ljava/util/Collection;Ljava/lang/Object;)V (greylist-max-o, reflection, denied)
01-26 05:33:40.585 20872 20885 I droid.apps.doc: WaitForGcToComplete blocked RunEmptyCheckpoint on ProfileSaver for 5.307ms
01-26 05:33:40.586 21285 21309 I LogSaver: LogSaver new instance with filename: carrier_services
01-26 05:33:40.595 20963 20963 I abb     : StartCommandInProcess(73657474696e67730067657400676c6f settings.get.glo [truncated])
01-26 05:33:40.603 20963 21020 I abb     : oneway function results will be dropped but finished with status OK and parcel size 4
01-26 05:33:40.602  1538  1538 W Binder:1538_15: type=1400 audit(0.0:557): avc: denied { getopt } for scontext=u:r:system_server:s0 tcontext=u:r:shell:s0 tclass=unix_stream_socket permissive=0
01-26 05:33:40.603 21285 21325 I BugleDataModel: ParticipantRefresh: ContactContentObserver created
01-26 05:33:40.603 21285 21325 I BugleDataModel: ParticipantRefresh: Start participant refresh. refreshMode: SELF_ONLY
01-26 05:33:40.604 20963 20963 I abb     : StartCommandInProcess(7061636b61676500696e7374616c6c00 package.install. [truncated])
01-26 05:33:40.609 21285 21317 I TetheringManager: registerTetheringEventCallback:com.google.android.apps.messaging
01-26 05:33:40.635 21285 21309 I BugleBackup: Registering preference change listener for "bugle".
01-26 05:33:40.659 21285 21285 V ClearcutMetricXmitter: Transmission is done.
01-26 05:33:40.662 21285 21326 I DynamiteModule: Considering local module com.google.android.gms.measurement.dynamite:21 and remote module com.google.android.gms.measurement.dynamite:172
01-26 05:33:40.662 21285 21326 I DynamiteModule: Selected remote version of com.google.android.gms.measurement.dynamite, version >= 172
01-26 05:33:40.664 21285 21326 V DynamiteModule: Dynamite loader version >= 2, using loadModule2NoCrashUtils
01-26 05:33:40.560  1538  5375 W ActivityManager: Background start not allowed: service Intent { cmp=com.google.android.apps.messaging/.shared.datamodel.action.execution.ActionExecutorImpl$EmptyService } to com.google.android.apps.messaging/.shared.datamodel.action.execution.ActionExecutorImpl$EmptyService from pid=21285 uid=10224 pkg=com.google.android.apps.messaging startFg?=false
01-26 05:33:40.683  1538  1538 D NotificationService: 0|com.google.android.apps.wellbeing|174344743|null|10187: granting content://settings/system/notification_sound
01-26 05:33:40.686  4820  5656 I SP      : Sync for expressive_concepts succeeded in 702 ms: {added: [2020031023_en], metadata: false
01-26 05:33:40.684  1538  1538 I chatty  : uid=1000(system) Binder:1538_3 identical 3 lines
01-26 05:33:40.684  1538  1538 D NotificationService: 0|com.google.android.apps.wellbeing|174344743|null|10187: granting content://settings/system/notification_sound
01-26 05:33:40.692  1538  1538 W NotificationHistory: Attempted to add notif for locked/gone/disabled user 0
01-26 05:33:40.701  1538  5611 E ShortcutService: Resources for package com.google.android.videos not found
01-26 05:33:40.705  4820  5656 I SP      : GC for 'expressive_concepts' (10) with ttl of 0 ms took 0 ms (0/0/0)
01-26 05:33:40.709  3986  3986 D InterruptionStateProvider: No bubble up: not allowed to bubble: 0|com.google.android.apps.wellbeing|174344743|null|10187
01-26 05:33:40.709  3986  3986 D InterruptionStateProvider: No heads up: unimportant notification: 0|com.google.android.apps.wellbeing|174344743|null|10187
01-26 05:33:40.725   902  1000 D VSC     : @ 829.898: [WO] isFlat() nearest_rotation: 1, flat_angle: 40
01-26 05:33:40.725   902  1000 D VSC     : @ 829.898: [WO] orientation angle 90, orientation 1
01-26 05:33:40.728  1538  5663 D CompatibilityChangeReporter: Compat change id reported: 135634846; UID 10190; state: DISABLED
01-26 05:33:40.728  1538  5663 D CompatibilityChangeReporter: Compat change id reported: 135754954; UID 10190; state: DISABLED
01-26 05:33:40.728  1538  1643 D CompatibilityChangeReporter: Compat change id reported: 143937733; UID 10190; state: DISABLED
01-26 05:33:40.734   869   869 D Zygote  : Forked child process 21342
01-26 05:33:40.738 21342 21342 I libc    : SetHeapTaggingLevel: tag level set to 0
01-26 05:33:40.743  1538  1643 I ActivityManager: Start proc 21342:com.google.android.apps.tips/u0a190 for broadcast {com.google.android.apps.tips/com.google.android.apps.tips.onboarding.LocaleChangedReceiver}
01-26 05:33:40.751 21342 21342 E droid.apps.tip: Not starting debugger since process cannot load the jdwp agent.
01-26 05:33:40.771 21285 21325 W Bugle   : SubscriptionMetadataUtils get: invalid subId = -1
01-26 05:33:40.773 21285 21325 I Bugle   : TelephonyManagerFactory: Returning per-subscription TelephonyManager (>= N) subscription{id:-1}
01-26 05:33:40.775 21285 21325 W Bugle   : SubscriptionMetadataUtils get: invalid subId = -1
01-26 05:33:40.779 21285 21325 W Bugle   : SubscriptionMetadataUtils get: invalid subId = -1
01-26 05:33:40.780 21285 21325 W Bugle   : Get mms config failed: invalid subId. subId=-1, real subId=-1, map={ }
01-26 05:33:40.780 21342 21342 D ApplicationLoaders: Returning zygote-cached class loader: /system/framework/android.test.base.jar
01-26 05:33:40.780 21285 21325 I BugleBackup: Registering preference change listener for "buglesub_-1".
01-26 05:33:40.783 21342 21342 I droid.apps.tip: The ClassLoaderContext is a special shared library.
01-26 05:33:40.788 21285 21325 W Bugle   : SubscriptionUtilsAsOfLMR1: getSelfRawNumber: subInfo is null for subscription{id:-1}
01-26 05:33:40.788 21342 21342 I droid.apps.tip: The ClassLoaderContext is a special shared library.
01-26 05:33:40.789 21342 21342 D nativeloader: classloader namespace configured for unbundled product apk. library_path=/product/priv-app/TipsPrebuilt/lib/arm64:/product/lib64:/system/product/lib64
01-26 05:33:40.801 21342 21342 D NetworkSecurityConfig: No Network Security Config specified, using platform default
01-26 05:33:40.802 21342 21342 D NetworkSecurityConfig: No Network Security Config specified, using platform default
01-26 05:33:40.812 21285 21325 I BugleDataModel: ParticipantRefresh: Number of participants refreshed: 0
01-26 05:33:40.836 21342 21366 W droid.apps.tip: Accessing hidden field Ljava/util/Collections$SynchronizedCollection;->mutex:Ljava/lang/Object; (greylist-max-o, reflection, denied)
01-26 05:33:40.836 21342 21366 W droid.apps.tip: Accessing hidden method Ljava/util/Collections$SynchronizedSet;-><init>(Ljava/util/Set;Ljava/lang/Object;)V (greylist-max-o, reflection, denied)
01-26 05:33:40.836 21342 21366 W droid.apps.tip: Accessing hidden method Ljava/util/Collections$SynchronizedCollection;-><init>(Ljava/util/Collection;Ljava/lang/Object;)V (greylist-max-o, reflection, denied)
01-26 05:33:40.852 21342 21342 D Tips_PrimesApiImpl: Primes instant initialization
01-26 05:33:40.852 21342 21342 I Tips_PrimesApiImpl: background initialization
01-26 05:33:40.861  1538  5375 I ActivityManager: Killing 16619:com.google.android.googlequicksearchbox/u0a173 (adj 975): empty #17
01-26 05:33:40.954 21342 21342 I tips-smartspace-config: Should send the card for the retry.
01-26 05:33:40.957 21285 21285 V ClearcutMetricXmitter: Transmission is done.
01-26 05:33:40.964 21342 21342 I tips-smartspace-config: Should send the card for the retry.
01-26 05:33:40.968  4820 21339 I BlacklistManager: BlacklistManager.loadFileBasedBlacklist():65 BlackList is loaded with /data/user/0/com.google.android.inputmethod.latin/files/superpacks/expressive_concepts/2020031023_en/emotion_model_500_entries.blacklist, load result is true
01-26 05:33:40.968  4820 21339 I ExpressiveConceptsPredictionModuleImpl: ExpressiveConceptsPredictionModuleImpl.setupPredictorIfNeeded():72 Prediction manager has been set up.
01-26 05:33:40.968 21285 21310 W Bugle   : SubscriptionMetadataUtils get: invalid subId = -1
01-26 05:33:40.969   869   869 I Zygote  : Process 16619 exited due to signal 9 (Killed)
01-26 05:33:40.972 21285 21310 W Bugle   : SubscriptionMetadataUtils get: invalid subId = -1
01-26 05:33:40.974 21342 21342 I Tips_TipsContentJobServ: executeBackgroundSyncWork
01-26 05:33:40.975 21342 21342 I Tips_TipsContentJobServ: enqueueBackgroundSyncWork: PT0S
01-26 05:33:40.977 21342 21342 D Tips_TipsContentJobServ: Apply default Tips server URI
01-26 05:33:40.978 21285 21310 W Bugle   : SubscriptionMetadataUtils get: invalid subId = -1
01-26 05:33:40.979 21285 21310 I chatty  : uid=10224(com.google.android.apps.messaging) BG Thread #2 identical 1 line
01-26 05:33:40.981 21285 21310 W Bugle   : SubscriptionMetadataUtils get: invalid subId = -1
01-26 05:33:40.993  1538  1648 I libprocessgroup: Successfully killed process cgroup uid 10173 pid 16619 in 131ms
01-26 05:33:41.000 21342 21342 I TetheringManager: registerTetheringEventCallback:com.google.android.apps.tips
01-26 05:33:41.004 21342 21371 I tips-smartspace-config: Should send the card for the retry.
01-26 05:33:41.009 21342 21342 I Tips_NotificationReceiv: onReceive: android.intent.action.LOCALE_CHANGED
01-26 05:33:41.025 21342 21342 I Tips_TipsContentJobServ: Job start
01-26 05:33:41.029 21342 21371 I Tips_TipsContentJobServ: executeBackgroundSyncWork
01-26 05:33:41.029 21342 21371 I Tips_TipsContentJobServ: enqueueBackgroundSyncWork: PT0S
01-26 05:33:41.029 21342 21371 D Tips_TipsContentJobServ: Apply default Tips server URI
01-26 05:33:41.058 21342 21374 I Tips_TipsContentJobServ: startSetupTask: 1, force: false, allow: true
01-26 05:33:41.058 21342 21374 I Tips_TipsContentJobServ: getContentInfo: 2
01-26 05:33:41.061 21342 21342 I Tips_TipsContentJobServ: Job finish
01-26 05:33:41.062  1538  5375 I ActivityManager: Killing 20451:com.android.keychain/1000 (adj 975): empty #17
01-26 05:33:41.071 21342 21342 I Tips_TipsContentJobServ: Job start
01-26 05:33:41.075 21342 21384 I Tips_TipsContentJobServ: startSetupTask: 2, force: false, allow: false
01-26 05:33:41.075 21342 21384 I Tips_TipsContentJobServ: Task status: 2
01-26 05:33:41.075 21342 21384 I Tips_TipsContentJobServ: Notify UI to load Tips
01-26 05:33:41.076 21342 21384 I Tips_TipsContentJobServ: finishSetupTask: 3
01-26 05:33:41.077 21342 21384 I Tips_TipsContentJobServ: enqueueBackgroundSyncWork
01-26 05:33:41.080   869   869 I Zygote  : Process 20451 exited due to signal 9 (Killed)
01-26 05:33:41.086 21342 21342 I Tips_TipsContentJobServ: Job finish
01-26 05:33:41.087 21342 21374 I Tips_TipsContentJobServ: setUpContentInfo: {"tipsVersion": 0,"content": {"filelist": "https://ssl.gstatic.com/pixel-tips/2/production/","baseUri": {"scs": "https://ssl.gstatic.com/pixel-tips/2/production/"}},"onboarding": {"filelist": "https://ssl.gstatic.com/pixel-tips/2/production/onboarding/","baseUri": {"scs": "https://ssl.gstatic.com/pixel-tips/2/production/onboarding/"}}}
01-26 05:33:41.091  1538  1648 I libprocessgroup: Successfully killed process cgroup uid 1000 pid 20451 in 28ms
01-26 05:33:41.094 21342 21374 I Tips_TipsContentJobServ: tips info version - content: 0, server: 0, local: 0, apply: 0
01-26 05:33:41.094 21342 21374 I Tips_TipsContentJobServ: getFileList: 3
01-26 05:33:41.104 21342 21384 I Tips_TipsContentJobServ: The next sync time is February 9
01-26 05:33:41.105 21342 21384 I Tips_TipsContentJobServ: enqueueBackgroundSyncWork: PT336H
01-26 05:33:41.105 21342 21384 D Tips_TipsContentJobServ: Apply default Tips server URI
01-26 05:33:41.122 21342 21374 I Tips_TipsContentJobServ: setUpFileList: {
01-26 05:33:41.122 21342 21374 I Tips_TipsContentJobServ:   "fileList": [
01-26 05:33:41.122 21342 21374 I Tips_TipsContentJobServ:     {
01-26 05:33:41.122 21342 21374 I Tips_TipsContentJobServ:       "fileId": "tips_magnifier_image",
01-26 05:33:41.122 21342 21374 I Tips_TipsContentJobServ:       "hash": "dd1c31b8be18ec9897797b3984873dcb04f4fb4c",
01-26 05:33:41.122 21342 21374 I Tips_TipsContentJobServ:       "label": "tips_magnifier",
01-26 05:33:41.122 21342 21374 I Tips_TipsContentJobServ:       "locale": "default",
01-26 05:33:41.122 21342 21374 I Tips_TipsContentJobServ:       "path": "tips_magnifier/dd1c31b8be18ec9897797b3984873dcb04f4fb4c.webp",
01-26 05:33:41.122 21342 21374 I Tips_TipsContentJobServ:       "storageType": "scs"
01-26 05:33:41.122 21342 21374 I Tips_TipsContentJobServ:     },
01-26 05:33:41.122 21342 21374 I Tips_TipsContentJobServ:     {
01-26 05:33:41.122 21342 21374 I Tips_TipsContentJobServ:       "fileId": "tips_upgrade_p8_tradein_p4a_image",
01-26 05:33:41.122 21342 21374 I Tips_TipsContentJobServ:       "hash": "8f6a25def87ec7b917f549a9a246b4c3a660212a",
01-26 05:33:41.122 21342 21374 I Tips_TipsContentJobServ:       "label": "tips_upgrade_p8_tradein_p4a",
01-26 05:33:41.122 21342 21374 I Tips_TipsContentJobServ:       "locale": "default",
01-26 05:33:41.122 21342 21374 I Tips_TipsContentJobServ:       "path": "tips_upgrade_p8_tradein_p4a/8f6a25def87ec7b917f549a9a246b4c3a660212a.webp",
01-26 05:33:41.122 21342 21374 I Tips_TipsContentJobServ:       "storageType": "scs"
01-26 05:33:41.122 21342 21374 I Tips_TipsContentJobServ:     },
01-26 05:33:41.122 21342 21374 I Tips_TipsContentJobServ:     {
01-26 05:33:41.122 21342 21374 I Tips_TipsContentJobServ:       "fileId": "tips_camera_panorama_2_image",
01-26 05:33:41.122 21342 21374 I Tips_TipsContentJobServ:       "hash": "3b1087f619823558563d386504754d2992e3d630",
01-26 05:33:41.122 21342 21374 I Tips_TipsContentJobServ:       "label": "tips_camera_panorama_2",
01-26 05:33:41.122 21342 21374 I Tips_TipsContentJobServ:       "locale": "default",
01-26 05:33:41.122 21342 21374 I Tips_TipsContentJobServ:       "path": "tips_camera_panorama_2/3b1087f619823558563d386504754d2992e3d630.webp",
01-26 05:33:41.122 21342 21374 I Tips_TipsContentJobServ:       "storageType": "scs"
01-26 05:33:41.122 21342 21374 I Tips_TipsContentJobServ:     },
01-26 05:33:41.122 21342 21374 I Tips_TipsContentJobServ:     {
01-26 05:33:41.122 21342 21374 I Tips_TipsContentJobServ:       "fileId": "tips_safety_esos_video",
01-26 05:33:41.122 21342 21374 I Tips_TipsContentJobServ:       "hash": "78268ad58f16712647af007a03665e889bb187f1",
01-26 05:33:41.122 21342 21374 I Tips_TipsContentJobServ:       "label": "tips_safety_esos",
01-26 05:33:41.122 21342 21374 I Tips_TipsContentJobServ:       "locale": "default",
01-26 05:33:41.122 21342 21374 I Tips_TipsContentJobServ:       "path": "tips_safety_esos/78268ad58f16712647af007a03665e889bb187f1.mp4",
01-26 05:33:41.122 21342 21374 I Tips_TipsContentJobServ:       "storageType": "scs"
01-26 05:33:41.122 21342 21374 I Tips_TipsContentJobServ:     },
01-26 05:33:41.122 21342 21374 I Tips_TipsContentJobServ:     {
01-26 05:33:41.122 21342 21374 I Tips_TipsContentJobServ:       "fileId": "tips_support_guidebooks_video",
01-26 05:33:41.122 21342 21374 I Tips_TipsContentJobServ:       "hash": "74cd438a9e546f0955e333ac0af599e45b5d8639",
01-26 05:33:41.122 21342 21374 I Tips_TipsContentJobServ:       "label": "tips_support_guidebooks",
01-26 05:33:41.122 21342 21374 I Tips_TipsContentJobServ:       "locale": "default",
01-26 05:33:41.122 21342 21374 I Tips_TipsContentJobServ:       "path": "tips_support_guidebooks/74cd438a9e546f0955e333ac0af599e45b5d8639.mp4",
01-26 05:33:41.122 21342 21374 I Tips_TipsContentJobServ:       "storageType": "scs"
01-26 05:33:41.122 21342 21374 I Tips_TipsContentJobServ:     },
01-26 05:33:41.122 21342 21374 I Tips_TipsContentJobServ:     {
01-26 05:33:41.122 21342 21374 I Tips_TipsContentJobServ:       "fileId": "tips_navigation_image",
01-26 05:33:41.122 21342 21374 I Tips_TipsContentJobServ:       "hash": "f56e52a4257f71c3d6441e18b07f279618b4b2f5",
01-26 05:33:41.122 21342 21374 I Tips_TipsContentJobServ:       "label": "tips_navigation",
01-26 05:33:41.122 21342 21374 I Tips_TipsContentJobServ:       "locale": "default",
01-26 05:33:41.122 21342 21374 I Tips_TipsContentJobServ:       "path": "tips_navigation/f56e52a4257f71c3d6441e18b07f279618b4b2f5.webp",
01-26 05:33:41.122 21342 21374 I Tips_TipsContentJobServ:       "storageType": "scs"
01-26 05:33:41.122 21342 21374 I Tips_TipsContentJobServ:     },
01-26 05:33:41.122 21342 21374 I Tips_TipsContentJobServ:     {
01-26 05:33:41.122 21342 21374 I Tips_TipsContentJobServ:       "fileId": "tips_safety_and_security_image",
01-26 05:33:41.122 21342 21374 I Tips_TipsContentJobServ:       "hash": "cc33b223922e3308f93f44b3f36c6e68893f8fb0",
01-26 05:33:41.122 21342 21374 I Tips_TipsContentJobServ:       "label": "tips_safety_and_security",
01-26 05:33:41.122 21342 21374 I Tips_TipsContentJobServ:       "locale": "default",
01-26 05:33:41.122 21342 21374 I Tips_TipsContentJobServ:       "path": "tips_safety_and_security/cc33b223922e3308f93f44b3f36c6e68893f8fb0.webp",
01-26 05:33:41.122 21342 21374 I Tips_TipsContentJobServ:       "storageType": "scs"
01-26 05:33:41.122 21342 21374 I Tips_TipsContentJobServ:     },
01-26 05:33:41.122 21342 21374 I Tips_TipsContentJobServ:     {
01-26 05:33:41.122 21342 21374 I Tips_TipsContentJobServ:       "fileId": "tips_theme_mono_image",
01-26 05:33:41.122 21342 21374 I Tips_TipsContentJobServ:       "hash": "72a78c231af667fa1b835a378987dd6d5a6cdb73",
01-26 05:33:41.122 21342 21374 I Tips_TipsContentJobServ:       "label": "tips_theme_mono",
01-26 05:33:41.122 21342 21374 I Tips_TipsContentJobServ:       "locale": "default",
01-26 05:33:41.122 21342 21374 I Tips_TipsContentJobServ:       "path": "tips_theme_mono/72a78c231af667fa1b835a378987dd6d5a6cdb73.webp",
01-26 05:33:41.122 21342 21374 I Tips_TipsContentJobServ:       "storageType": "scs"
01-26 05:33:41.122 21342 21374 I Tips_TipsContentJobServ:     },
01-26 05:33:41.122 21342 21374 I Tips_TipsContentJobServ:     {
01-26 05:33:41.122 21342 21374 I Tips_TipsContentJobServ:       "fileId": "tips_battery_extremesaver_video",
01-26 05:33:41.122 21342 21374 I Tips_TipsContentJobServ:       "hash": "1665f5d9501084774382c217a56d004e98b4ac1f",
01-26 05:33:41.122 21342 21374 I Tips_TipsContentJobServ:       "label": "tips_battery_extremesaver",
01-26 05:33:41.122 21342 21374 I Tips_TipsContentJobServ:       "locale": "default",
01-26 05:33:41.122 21342 21374 I Tips_TipsContentJobServ:       "path": "tips_battery_extremesaver/1665f5d9501084774382c217a56d004e98b4ac1f.mp4",
01-26 05:33:41.122 21342 21374 I Tips_TipsContentJobServ:       "storageType": "scs"
01-26 05:33:41.122 21342 21374 I Tips_TipsContentJobServ:     },
01-26 05:33:41.122 21342 21374 I Tips_TipsContentJobServ:     {
01-26 05:33:41.122 21342 21374 I Tips_TipsContentJobServ:       "fileId": "tips_gamehub_record_video",
01-26 05:33:41.122 21342 21374 I Tips_TipsContentJobServ:       "hash": "a7731e5f3b5aec96f73e5995d7063677e0e2f000",
01-26 05:33:41.122 21342 21374 I Tips_TipsContentJobServ:       "label": "tips_gamehub_record",
01-26 05:33:41.122 21342 21374 I Tips_TipsContentJobServ:       "locale": "default",
01-26 05:33:41.122 21342 21374 I Tips_TipsContentJobServ:       "path": "tips_gamehub_record/a7731e5f3b5aec96f73e5995d7063677e0e2f000.mp4",
01-26 05:33:41.122 21342 21374 I Tips_TipsContentJobServ:       "storageType": "scs"
01-26 05:33:41.122 21342 21374 I Tips_TipsContentJobServ:     },
01-26 05:33:41.122 21342 21374 I Tips_TipsContentJobServ:     {
01-26 05:33:41.122 21342 21374 I Tips_TipsContentJobServ:       "fileId": "tips_livecaption_video",
01-26 05:33:41.122 21342 21374 I Tips_TipsContentJobServ:       "hash": "6eb030fdb59a3cf2ea9bd04ecd9f1767229419d3",
01-26 05:33:41.122 21342 21374 I Tips_TipsContentJobServ:       "label": "tips_livecaption",
01-26 05:33:41.122 21342 21374 I Tips_TipsContentJobServ:       "locale": "default",
01-26 05:33:41.122 21342 21374 I Tips_TipsContentJobServ:       "path": "tips_livecaption/6eb030fdb59a3cf2ea9bd04ecd9f1767229419d3.mp4",
01-26 05:33:41.122 21342 21374 I Tips_TipsContentJobServ:       "storageType": "scs"
01-26 05:33:41.122 21342 21374 I Tips_TipsContentJobServ:     },
01-26 05:33:41.122 21342 21374 I Tips_TipsContentJobServ:     {
01-26 05:33:41.122 21342 21374 I Tips_TipsContentJobServ:       "fileId": "tips_camera_ultrawide_video",
01-26 05:33:41.122 21342 21374 I Tips_TipsContentJobServ:       "hash": "af5a4c70f6d23a25eba0556a2f0a9f5b2bf499d9",
01-26 05:33:41.122 21342 21374 I Tips_TipsContentJobServ:       "label": "tips_camera_ultrawide",
01-26 05:33:41.122 21342 21374 I Tips_TipsContentJobServ:       "locale": "default",
01-26 05:33:41.122 21342 21374 I Tips_TipsContentJobServ:       "path": "tips_camera_ultrawide/af5a4c70f6d23a25eba0556a2f0a9f5b2bf499d9.mp4",
01-26 05:33:41.122 21342 21374 I Tips_TipsContentJobServ:       "storageType": "scs"
01-26 05:33:41.122 21342 21374 I Tips_TipsContentJobServ:     },
01-26 05:33:41.122 21342 21374 I Tips_TipsContentJobServ:     {
01-26 05:33:41.122 21342 21374 I Tips_TipsContentJobServ:       "fileId": "tips_livecaption_call_video",
01-26 05:33:41.122 21342 21374 I Tips_TipsContentJobServ:       "hash": "e5d73699a27f1c6e8b583b9cd2f79c2332efaace",
01-26 05:33:41.122 21342 21374 I Tips_TipsContentJobServ:       "label": "tips_livecaption_call",
01-26 05:33:41.122 21342 21374 I Tips_TipsContentJobServ:       "locale": "default",
01-26 05:33:41.122 21342 21374 I Tips_TipsContentJobServ:       "path": "tips_livecaption_call/e5d73699a27f1c6e8b583b9cd2f79c2332efaace.mp4",
01-26 05:33:41.122 21342 21374 I Tips_TipsContentJobServ:       "storageType": "scs"
01-26 05:33:41.122 21342 21374 I Tips_TipsContentJobServ:     },
01-26 05:33:41.122 21342 21374 I Tips_TipsContentJobServ:     {
01-26 05:33:41.122 21342 21374 I Tips_TipsContentJobServ:       "fileId": "tips_recorder_speakerlabels_video",
01-26 05:33:41.122 21342 21374 I Tips_TipsContentJobServ:       "hash": "df411d8e01d962083f1c39da24b64520f9fb2d97",
01-26 05:33:41.122 21342 21374 I Tips_TipsContentJobServ:       "label": "tips_recorder_speakerlabels",
01-26 05:33:41.123 21342 21374 I Tips_TipsContentJobServ:       "locale": "default",
01-26 05:33:41.123 21342 21374 I Tips_TipsContentJobServ:       "path": "tips_recorder_speakerlabels/df411d8e01d962083f1c39da24b64520f9fb2d97.mp4",
01-26 05:33:41.123 21342 21374 I Tips_TipsContentJobServ:       "storageType": "scs"
01-26 05:33:41.123 21342 21374 I Tips_TipsContentJobServ:     },
01-26 05:33:41.123 21342 21374 I Tips_TipsContentJobServ:     {
01-26 05:33:41.123 21342 21374 I Tips_TipsContentJobServ:       "fileId": "tips_wind_down_video",
01-26 05:33:41.123 21342 21374 I Tips_TipsContentJobServ:       "hash": "f18e4011b3a6608d272c327fa3d73cc65d9e452b",
01-26 05:33:41.123 21342 21374 I Tips_TipsContentJobServ:       "label": "tips_wind_down",
01-26 05:33:41.123 21342 21374 I Tips_TipsContentJobServ:       "locale": "default",
01-26 05:33:41.123 21342 21374 I Tips_TipsContentJobServ:       "path": "tips_wind_down/f18e4011b3a6608d272c327fa3d73cc65d9e452b.mp4",
01-26 05:33:41.123 21342 21374 I Tips_TipsContentJobServ:       "storageType": "scs"
01-26 05:33:41.123 21342 21374 I Tips_TipsContentJobServ:     },
01-26 05:33:41.123 21342 21374 I Tips_TipsContentJobServ:     {
01-26 05:33:41.123 21342 21374 I Tips_TipsContentJobServ:       "fileId": "tips_g1_gemini_row_image",
01-26 05:33:41.123 21342 21374 I Tips_TipsContentJobServ:       "hash": "13556d90230fbfd588c39d9b251aa6dde15935ce",
01-26 05:33:41.123 21342 21374 I Tips_TipsContentJobServ:       "label": "tips_g1_gemini_row",
01-26 05:33:41.123 21342 21374 I Tips_TipsContentJobServ:       "locale": "default",
01-26 05:33:41.123 21342 21374 I Tips_TipsContentJobServ:       "path": "tips_g1_gemini_row/13556d90230fbfd588c39d9b251aa6dde15935ce.webp",
01-26 05:33:41.123 21342 21374 I Tips_TipsContentJobServ:       "storageType": "scs"
01-26 05:33:41.123 21342 21374 I Tips_TipsContentJobServ:     },
01-26 05:33:41.123 21342 21374 I Tips_TipsContentJobServ:     {
01-26 05:33:41.123 21342 21374 I Tips_TipsContentJobServ:       "fileId": "tips_assistant_bard_video",
01-26 05:33:41.123 21342 21374 I Tips_TipsContentJobServ:       "hash": "eebcbeb7d2baad7f09e2a0d7926fedf4dd67e744",
01-26 05:33:41.123 21342 21374 I Tips_TipsContentJobServ:       "label": "tips_assistant_bard",
01-26 05:33:41.123 21342 21374 I Tips_TipsContentJobServ:       "locale": "default",
01-26 05:33:41.123 21342 21374 I Tips_TipsContentJobServ:       "path": "tips_assistant_bard/eebcbeb7d2baad7f09e2a0d7926fedf4dd67e744.mp4",
01-26 05:33:41.123 21342 21374 I Tips_TipsContentJobServ:       "storageType": "scs"
01-26 05:33:41.123 21342 21374 I Tips_TipsContentJobServ:     },
01-26 05:33:41.123 21342 21374 I Tips_TipsContentJobServ:     {
01-26 05:33:41.123 21342 21374 I Tips_TipsContentJobServ:       "fileId": "tips_call_notes_video",
01-26 05:33:41.123 21342 21374 I Tips_TipsContentJobServ:       "hash": "c7e871eedc48b31c8d633a518c62a0881608332b",
01-26 05:33:41.123 21342 21374 I Tips_TipsContentJobServ:       "label": "tips_call_notes",
01-26 05:33:41.123 21342 21374 I Tips_TipsContentJobServ:       "locale": "default",
01-26 05:33:41.123 21342 21374 I Tips_TipsContentJobServ:       "path": "tips_call_notes/c7e871eedc48b31c8d633a518c62a0881608332b.mp4",
01-26 05:33:41.123 21342 21374 I Tips_TipsContentJobServ:       "storageType": "scs"
01-26 05:33:41.123 21342 21374 I Tips_TipsContentJobServ:     },
01-26 05:33:41.123 21342 21374 I Tips_TipsContentJobServ:     {
01-26 05:33:41.123 21342 21374 I Tips_TipsContentJobServ:       "fileId": "tips_cinematic_blur_image",
