01-26 05:33:44.832  1538  5610 D CompatibilityChangeReporter: Compat change id reported: 135754954; UID 10173; state: DISABLED
01-26 05:33:44.834  1538  1643 D CompatibilityChangeReporter: Compat change id reported: 143937733; UID 10173; state: DISABLED
01-26 05:33:44.837 22029 22029 D AppCompatDelegate: Checking for metadata for AppLocalesMetadataHolderService : Service not found
01-26 05:33:44.832 21824 21824 W ThreadPoolForeg: type=1400 audit(0.0:567): avc: denied { write } for name="traced_producer" dev="tmpfs" ino=18637 scontext=u:r:gmscore_app:s0:c512,c768 tcontext=u:object_r:traced_producer_socket:s0 tclass=sock_file permissive=0 app=com.google.android.gms
01-26 05:33:44.839 14182 14182 I BgTaskExecutorImpl: Starting EXCLUSIVE background task FETCH_CONFIGS_FROM_PHENOTYPE.
01-26 05:33:44.839 20540 20595 I Finsky  : [1563] Not an active Cubes user. Ignoring package install/uninstall event.
01-26 05:33:44.856 20540 20576 I Finsky  : [1554] SCH: Scheduling phonesky job Id: 10-4, CT: 1769433755708, Constraints: [{ L: 1200000, D: 86400000, C: CHARGING_NONE, I: IDLE_NONE, N: NET_NONE, B: BATTERY_ANY }]
01-26 05:33:44.856 20540 20576 I Finsky  : [1554] SCH: Scheduling phonesky job Id: 26-1414141414, CT: 1769433762297, Constraints: [{ L: 900000, D: 1800000, C: CHARGING_NONE, I: IDLE_NONE, N: NET_NONE, B: BATTERY_ANY }]
01-26 05:33:44.864 22029 22029 I BackdropActivity: onCreate()
01-26 05:33:44.868  4820 22102 I PhenotypeModule: PhenotypeModule.handlePhenotypeConfigurationUpdates():332 Latency of updating configurations from phenotype (experiment v4): 3
01-26 05:33:44.868  4820 22102 I PhenotypeModule: PhenotypeModule.handlePhenotypeConfigurationUpdates():257 Latency of updating configurations from phenotype (ExperimentV4): 3
01-26 05:33:44.870 20540 20576 I Finsky  : [1554] SCH: Scheduling 1 system job(s)
01-26 05:33:44.870 20540 20576 I Finsky  : [1554] SCH: Scheduling system job Id: 9146, L: 237427, D: 1137427, C: false, I: false, N: 0
01-26 05:33:44.876   869   869 D Zygote  : Forked child process 22104
01-26 05:33:44.881 19661 21038 I 43-ServiceEntitlementIn: (REDACTED) [%s] onCreate
01-26 05:33:44.882 19661 21038 I 43-ServiceEntitlementIn: (REDACTED) [Ts.43-IntentOperation] Action : %s
01-26 05:33:44.882 19661 21038 I 43-ServiceEntitlementIn: (REDACTED) [%s] Action : %s
01-26 05:33:44.882 20540 20744 I Finsky  : [1617] SCH: job service finished with id 9142.
01-26 05:33:44.883 19661 21038 I 43-ServiceEntitlementIn: (REDACTED) [%s] onDestroy
01-26 05:33:44.884 22104 22104 I libc    : SetHeapTaggingLevel: tag level set to 0
01-26 05:33:44.902 22104 22104 E equicksearchbo: Not starting debugger since process cannot load the jdwp agent.
01-26 05:33:44.903  4820 22108 I PhenotypeModule: PhenotypeModule.lambda$fetchAndUpdate$3():215 fetchAndUpdate() : Success, hasFlags=true, flagCount=451, lastFetchStatus=January 26, 5:33 AM {reason=2, isFullFetch=false, success=true, isEmpty=false, isDelta=false, updatedFlagsCount=0, deletedFlagsCount=0, totalTime=171}
01-26 05:33:44.907 19661 19661 D BoundBrokerSvc: onBind: Intent { act=com.google.android.mdd.service.START dat=chimera-action: cmp=com.google.android.gms/.chimera.GmsBoundBrokerService }
01-26 05:33:44.907 19661 19661 D BoundBrokerSvc: Loading bound service for intent: Intent { act=com.google.android.mdd.service.START dat=chimera-action: cmp=com.google.android.gms/.chimera.GmsBoundBrokerService }
01-26 05:33:44.908 13905 14085 W FlagUpdateListenerRegis: Unable to invoke IFlagUpdateListener.onFlagUpdate. App: com.google.android.gms. Process: com.google.android.gms.unstable|255872424. Error: android.os.DeadObjectException. [CONTEXT service_id=51 ]
01-26 05:33:44.912  5299  5542 W AiAiAutofill: Failed to set whitelist for augmented autofill service.
01-26 05:33:44.912  5299  5542 W AiAiAutofill: java.lang.SecurityException: caller is not user's Augmented Autofill Service
01-26 05:33:44.912  5299  5542 W AiAiAutofill: 	at android.view.autofill.AutofillManager.setAugmentedAutofillWhitelist(AutofillManager.java:2074)
01-26 05:33:44.912  5299  5542 W AiAiAutofill: 	at boz.a(PG:10)
01-26 05:33:44.912  5299  5542 W AiAiAutofill: 	at bpv.c(PG:6)
01-26 05:33:44.912  5299  5542 W AiAiAutofill: 	at bpv.d(Unknown Source:3)
01-26 05:33:44.912  5299  5542 W AiAiAutofill: 	at bpv.a(PG:52)
01-26 05:33:44.912  5299  5542 W AiAiAutofill: 	at bpx.a(Unknown Source:2)
01-26 05:33:44.912  5299  5542 W AiAiAutofill: 	at dbr.run(Unknown Source:59)
01-26 05:33:44.912  5299  5542 W AiAiAutofill: 	at csp.run(Unknown Source:6)
01-26 05:33:44.912  5299  5542 W AiAiAutofill: 	at java.util.concurrent.Executors$RunnableAdapter.call(Executors.java:462)
01-26 05:33:44.912  5299  5542 W AiAiAutofill: 	at java.util.concurrent.FutureTask.run(FutureTask.java:266)
01-26 05:33:44.912  5299  5542 W AiAiAutofill: 	at java.util.concurrent.ScheduledThreadPoolExecutor$ScheduledFutureTask.run(ScheduledThreadPoolExecutor.java:301)
01-26 05:33:44.912  5299  5542 W AiAiAutofill: 	at java.util.concurrent.ThreadPoolExecutor.runWorker(ThreadPoolExecutor.java:1167)
01-26 05:33:44.912  5299  5542 W AiAiAutofill: 	at java.util.concurrent.ThreadPoolExecutor$Worker.run(ThreadPoolExecutor.java:641)
01-26 05:33:44.912  5299  5542 W AiAiAutofill: 	at ctg.run(Unknown Source:144)
01-26 05:33:44.912  5299  5542 W AiAiAutofill: 	at java.lang.Thread.run(Thread.java:923)
01-26 05:33:44.913  1538  1643 W ActivityManager: Slow operation: 82ms so far, now at startProcess: returned from zygote!
01-26 05:33:44.914  1538  1643 W ActivityManager: Slow operation: 82ms so far, now at startProcess: done updating battery stats
01-26 05:33:44.915  1538  1643 W ActivityManager: Slow operation: 83ms so far, now at startProcess: building log message
01-26 05:33:44.915  1538  1643 I ActivityManager: Start proc 22104:com.google.android.googlequicksearchbox/u0a173 for broadcast {com.google.android.googlequicksearchbox/com.google.android.libraries.phenotype.client.stable.PhenotypeUpdateBroadcastReceiver}
01-26 05:33:44.915  1538  1643 W ActivityManager: Slow operation: 83ms so far, now at startProcess: starting to update pids map
01-26 05:33:44.915  1538  1643 W ActivityManager: Slow operation: 83ms so far, now at startProcess: done updating pids map
01-26 05:33:44.917  1538  3895 I ActivityTaskManager: Activity requesting to dismiss Keyguard: ActivityRecord{8200841 u0 com.google.testing.helium.utp.android.companion.backdrop/.BackdropActivity t8}
01-26 05:33:44.925 19661 20605 I Icing   : Indexing done com.google.android.gms-apps
01-26 05:33:44.929  5299  5740 W AiAiAutofill: Failed to set whitelist for augmented autofill service.
01-26 05:33:44.929  5299  5740 W AiAiAutofill: java.lang.SecurityException: caller is not user's Augmented Autofill Service
01-26 05:33:44.929  5299  5740 W AiAiAutofill: 	at android.view.autofill.AutofillManager.setAugmentedAutofillWhitelist(AutofillManager.java:2074)
01-26 05:33:44.929  5299  5740 W AiAiAutofill: 	at boz.a(PG:10)
01-26 05:33:44.929  5299  5740 W AiAiAutofill: 	at bpv.c(PG:6)
01-26 05:33:44.929  5299  5740 W AiAiAutofill: 	at bqn.a(PG:10)
01-26 05:33:44.929  5299  5740 W AiAiAutofill: 	at bqt.a(Unknown Source:23)
01-26 05:33:44.929  5299  5740 W AiAiAutofill: 	at fll.a(PG:40)
01-26 05:33:44.929  5299  5740 W AiAiAutofill: 	at fll.a(PG:99)
01-26 05:33:44.929  5299  5740 W AiAiAutofill: 	at fki.run(Unknown Source:114)
01-26 05:33:44.929  5299  5740 W AiAiAutofill: 	at csp.run(Unknown Source:6)
01-26 05:33:44.929  5299  5740 W AiAiAutofill: 	at java.util.concurrent.Executors$RunnableAdapter.call(Executors.java:462)
01-26 05:33:44.929  5299  5740 W AiAiAutofill: 	at java.util.concurrent.FutureTask.run(FutureTask.java:266)
01-26 05:33:44.929  5299  5740 W AiAiAutofill: 	at java.util.concurrent.ScheduledThreadPoolExecutor$ScheduledFutureTask.run(ScheduledThreadPoolExecutor.java:301)
01-26 05:33:44.929  5299  5740 W AiAiAutofill: 	at java.util.concurrent.ThreadPoolExecutor.runWorker(ThreadPoolExecutor.java:1167)
01-26 05:33:44.929  5299  5740 W AiAiAutofill: 	at java.util.concurrent.ThreadPoolExecutor$Worker.run(ThreadPoolExecutor.java:641)
01-26 05:33:44.929  5299  5740 W AiAiAutofill: 	at ctg.run(Unknown Source:144)
01-26 05:33:44.929  5299  5740 W AiAiAutofill: 	at java.lang.Thread.run(Thread.java:923)
01-26 05:33:44.931 22104 22104 D ApplicationLoaders: Returning zygote-cached class loader: /system/framework/android.test.base.jar
01-26 05:33:44.931 13905 14085 I PkgUpdateTaskChimeraSvc: (REDACTED) Scheduling Phenotype config package catchup updates to be %d seconds from now (%d)
01-26 05:33:44.933 22104 22104 I equicksearchbo: The ClassLoaderContext is a special shared library.
01-26 05:33:44.938 13905 14085 I HeterodyneSyncer: (REDACTED) Finished notifying packages after sync. syncLatency: %d
01-26 05:33:44.956  4820  4882 I PeriodicStatsRunner: PeriodicStatsRunner.call():180 call()
01-26 05:33:44.957  4820  4882 I PeriodicStatsRunner: PeriodicStatsRunner.call():184 No submit PeriodicStats since input started.
01-26 05:33:44.959 22104 22104 I equicksearchbo: The ClassLoaderContext is a special shared library.
01-26 05:33:44.960 22104 22104 D nativeloader: classloader namespace configured for unbundled product apk. library_path=/product/priv-app/Velvet/lib/arm64:/product/priv-app/Velvet/Velvet.apk!/lib/arm64-v8a:/product/lib64:/system/product/lib64
01-26 05:33:44.974 22029 22029 W panion.backdro: Accessing hidden method Landroid/view/ViewGroup;->makeOptionalFitsSystemWindows()V (greylist, reflection, allowed)
01-26 05:33:44.986 22104 22104 D NetworkSecurityConfig: Using Network Security Config from resource network_security_config debugBuild: false
01-26 05:33:44.987 22104 22104 D NetworkSecurityConfig: Using Network Security Config from resource network_security_config debugBuild: false
01-26 05:33:44.999 13905 13932 I FontLog : (REDACTED) Received query %s, URI %s
01-26 05:33:44.999 13905 13932 I FontLog : (REDACTED) Query [%s] resolved to %s
01-26 05:33:45.009 21802 21936 I FA      : App measurement disabled by setAnalyticsCollectionEnabled(false)
01-26 05:33:45.015 14182 14221 W PhenotypeToGsaConfigs: Can't format flag AndroidGsaVelourJars__velour_birthdaydoodle_jar__name to integer.
01-26 05:33:45.015 14182 14221 W PhenotypeToGsaConfigs: Can't format flag AndroidGsaVelourJars__velour_call_jar__name to integer.
01-26 05:33:45.015 14182 14221 W PhenotypeToGsaConfigs: Can't format flag AndroidGsaVelourJars__velour_canvas_jar__name to integer.
01-26 05:33:45.015 14182 14221 W PhenotypeToGsaConfigs: Can't format flag AndroidGsaVelourJars__velour_chkpkg_jar__name to integer.
01-26 05:33:45.015 14182 14221 W PhenotypeToGsaConfigs: Can't format flag AndroidGsaVelourJars__velour_crashtest_jar__name to integer.
01-26 05:33:45.015 14182 14221 W PhenotypeToGsaConfigs: Can't format flag AndroidGsaVelourJars__velour_dining_jar__name to integer.
01-26 05:33:45.015 22104 22104 I MultiDex: VM with version 2.1.0 has multidex support
01-26 05:33:45.015 22104 22104 I MultiDex: install
01-26 05:33:45.015 14182 14221 W PhenotypeToGsaConfigs: Can't format flag AndroidGsaVelourJars__velour_doodle_notifications_jar__name to integer.
01-26 05:33:45.015 22104 22104 I MultiDex: VM has multidex support, MultiDex support library is disabled.
01-26 05:33:45.015 14182 14221 W PhenotypeToGsaConfigs: Can't format flag AndroidGsaVelourJars__velour_imageviewer_jar__name to integer.
01-26 05:33:45.015 14182 14221 W PhenotypeToGsaConfigs: Can't format flag AndroidGsaVelourJars__velour_ipa_jar__name to integer.
01-26 05:33:45.015 14182 14221 W PhenotypeToGsaConfigs: Can't format flag AndroidGsaVelourJars__velour_jslocation_jar__name to integer.
01-26 05:33:45.015 14182 14221 W PhenotypeToGsaConfigs: Can't format flag AndroidGsaVelourJars__velour_localintent_jar__name to integer.
01-26 05:33:45.015 14182 14221 W PhenotypeToGsaConfigs: Can't format flag AndroidGsaVelourJars__velour_messaging_jar__name to integer.
01-26 05:33:45.015 14182 14221 W PhenotypeToGsaConfigs: Can't format flag AndroidGsaVelourJars__velour_nativesrp_activity_jar__name to integer.
01-26 05:33:45.015 14182 14221 W PhenotypeToGsaConfigs: Can't format flag AndroidGsaVelourJars__velour_nativesrp_presenter_jar__name to integer.
01-26 05:33:45.015 14182 14221 W PhenotypeToGsaConfigs: Can't format flag AndroidGsaVelourJars__velour_nowcontent_jar__name to integer.
01-26 05:33:45.016 14182 14221 W PhenotypeToGsaConfigs: Can't format flag AndroidGsaVelourJars__velour_recents_activity_jar__name to integer.
01-26 05:33:45.016 14182 14221 W PhenotypeToGsaConfigs: Can't format flag AndroidGsaVelourJars__velour_save_jar__name to integer.
01-26 05:33:45.016 14182 14221 W PhenotypeToGsaConfigs: Can't format flag AndroidGsaVelourJars__velour_searchresults_activity_jar__name to integer.
01-26 05:33:45.016 14182 14221 W PhenotypeToGsaConfigs: Can't format flag AndroidGsaVelourJars__velour_test_jar__name to integer.
01-26 05:33:45.016 14182 14221 W PhenotypeToGsaConfigs: Can't format flag AndroidGsaVelourJars__velour_weather_jar__name to integer.
01-26 05:33:45.016 14182 14221 W PhenotypeToGsaConfigs: Can't format flag bindle_flags__bloblobber_blob to integer.
01-26 05:33:45.016 14182 14221 W PhenotypeToGsaConfigs: Can't format flag bindle_flags__velour_jar to integer.
01-26 05:33:45.016 22104 22104 I DefaultInitializer: Initialized process com.google.android.googlequicksearchbox
01-26 05:33:45.020 13905 13932 I FontLog : (REDACTED) Font PFD returned from cache for %s
01-26 05:33:45.020 13905 13932 I FontLog : (REDACTED) Fetch %s end status %s
01-26 05:33:45.030 13905 13932 I FontLog : (REDACTED) Pulling font file for id = %d, cache size = %d
01-26 05:33:45.040 21802 21936 I FA      : App measurement initialized, version: 26017
01-26 05:33:45.040 21802 21936 I FA      : To enable debug logging run: adb shell setprop log.tag.FA VERBOSE
01-26 05:33:45.041 21802 21936 I FA      : To enable faster debug mode event logging run:
01-26 05:33:45.041 21802 21936 I FA      :   adb shell setprop debug.firebase.analytics.app com.google.android.youtube
01-26 05:33:45.052 19661 20605 I Icing   : Indexing com.google.android.gms-apps from com.google.android.gms
01-26 05:33:45.061 22029 22029 I BackdropActivity: android_id: 4381235658798326026
01-26 05:33:45.067 19661 20605 I Icing   : Indexing done com.google.android.gms-apps
01-26 05:33:45.070 19661 20605 I Icing   : Indexing com.google.android.gms-apps from com.google.android.gms
01-26 05:33:45.072 22029 22029 I BackdropActivity: onResume()
01-26 05:33:45.073 19661 20605 I Icing   : Indexing done com.google.android.gms-apps
01-26 05:33:45.073  1538  5375 I ActivityTaskManager: Activity requesting to dismiss Keyguard: ActivityRecord{8200841 u0 com.google.testing.helium.utp.android.companion.backdrop/.BackdropActivity t8}
01-26 05:33:45.122 22029 22095 I AdrenoGLES-0: QUALCOMM build                   : 4783c89, I46ff5fc46f
01-26 05:33:45.122 22029 22095 I AdrenoGLES-0: Build Date                       : 11/30/20
01-26 05:33:45.122 22029 22095 I AdrenoGLES-0: OpenGL ES Shader Compiler Version: EV031.31.04.01
01-26 05:33:45.122 22029 22095 I AdrenoGLES-0: Local Branch                     : QPR2
01-26 05:33:45.122 22029 22095 I AdrenoGLES-0: Remote Branch                    : 
01-26 05:33:45.122 22029 22095 I AdrenoGLES-0: Remote Branch                    : 
01-26 05:33:45.122 22029 22095 I AdrenoGLES-0: Reconstruct Branch               : 
01-26 05:33:45.122 22029 22095 I AdrenoGLES-0: Build Config                     : S P 10.0.4 AArch64
01-26 05:33:45.122 22029 22095 I AdrenoGLES-0: Driver Path                      : /vendor/lib64/egl/libGLESv2_adreno.so
01-26 05:33:45.128 22029 22095 I AdrenoGLES-0: PFP: 0x016dd090, ME: 0x00000000
01-26 05:33:45.134 22029 22095 W AdrenoUtils: <ReadGpuID_from_sysfs:197>: Failed to open /sys/class/kgsl/kgsl-3d0/gpu_model
01-26 05:33:45.134 22029 22095 W AdrenoUtils: <ReadGpuID:221>: Failed to read chip ID from gpu_model. Fallback to use the GSL path
01-26 05:33:45.142 19661 19694 E ephu    : DataFileGroupValidator Group name missing in added group
01-26 05:33:45.184 19661 19694 I chatty  : uid=10180(com.google.android.gms) highpool[0] identical 10 lines
01-26 05:33:45.185 19661 19694 E ephu    : DataFileGroupValidator Group name missing in added group
01-26 05:33:45.187 14182 14216 I FedAssExpListener: Fed-ass not supported for signed out users.
01-26 05:33:45.187 14182 14218 I ModelDownloadListener: Schdedule model download
01-26 05:33:45.187 14182 14216 I FedAssExpListener: Successfully processed experiments changed.
01-26 05:33:45.203 19661 19694 E ephu    : DataFileGroupValidator Group name missing in added group
01-26 05:33:45.205 19661 19694 I chatty  : uid=10180(com.google.android.gms) highpool[0] identical 1 line
01-26 05:33:45.212 19661 19694 E ephu    : DataFileGroupValidator Group name missing in added group
01-26 05:33:45.215 22007 22009 I cmd     : oneway function results will be dropped but finished with status OK and parcel size 4
01-26 05:33:45.227  1538  1641 I ActivityTaskManager: Displayed com.google.testing.helium.utp.android.companion.backdrop/.BackdropActivity: +900ms
01-26 05:33:45.230   587   622 W ServiceManager: Permission failure: android.permission.ACCESS_SURFACE_FLINGER from uid=10273 pid=22029
01-26 05:33:45.230   587   622 D PermissionCache: checking android.permission.ACCESS_SURFACE_FLINGER for uid=10273 => denied (186 us)
01-26 05:33:45.237 14182 14182 I BgTaskExecutorImpl: Starting EXCLUSIVE background task UPDATE_HOTWORD_MODELS.
01-26 05:33:45.242  4014  6123 I PermissionControllerServiceImpl: Updating user sensitive for uid 10273
01-26 05:33:45.243  1538  1642 W BroadcastQueue: Background execution not allowed: receiving Intent { act=com.google.android.systemui.OPA_ENABLED flg=0x10000010 (has extras) } to com.google.android.apps.nexuslauncher/.qsb.OPAStatusReceiver
01-26 05:33:45.244 20540 20540 I Finsky  : [2] Exit with reason: 433, called from : java.lang.Throwable
01-26 05:33:45.244 20540 20540 I Finsky  : 	at azlt.run(PG:15)
01-26 05:33:45.244 20540 20540 I Finsky  : 	at android.os.Handler.handleCallback(Handler.java:938)
01-26 05:33:45.244 20540 20540 I Finsky  : 	at android.os.Handler.dispatchMessage(Handler.java:99)
01-26 05:33:45.244 20540 20540 I Finsky  : 	at android.os.Looper.loop(Looper.java:223)
01-26 05:33:45.244 20540 20540 I Finsky  : 	at android.app.ActivityThread.main(ActivityThread.java:7664)
01-26 05:33:45.244 20540 20540 I Finsky  : 	at java.lang.reflect.Method.invoke(Native Method)
01-26 05:33:45.244 20540 20540 I Finsky  : 	at com.android.internal.os.RuntimeInit$MethodAndArgsCaller.run(RuntimeInit.java:592)
01-26 05:33:45.244 20540 20540 I Finsky  : 	at com.android.internal.os.ZygoteInit.main(ZygoteInit.java:947)
01-26 05:33:45.247 20540 20540 I android.vendin: System.exit called, status: 0
01-26 05:33:45.247 20540 20540 I AndroidRuntime: VM exiting with result code 0, cleanup skipped.
01-26 05:33:45.248 14182 21775 I ModelDownloadController: requestHotwordModelUpdate modelType-1 modelLocale-en
01-26 05:33:45.250 14182 21775 E ModelDownloadController: Failed fetching the hotword model location configuration
01-26 05:33:45.250 14182 21775 E ModelDownloadController: Invalid hotword model location: location is null or empty: null
01-26 05:33:45.250 14182 21191 W PhenotypeToGsaConfigs: Can't format flag AndroidGsaVelourJars__velour_birthdaydoodle_jar__name to integer.
01-26 05:33:45.250 14182 21191 W PhenotypeToGsaConfigs: Can't format flag AndroidGsaVelourJars__velour_call_jar__name to integer.
01-26 05:33:45.250 14182 21191 W PhenotypeToGsaConfigs: Can't format flag AndroidGsaVelourJars__velour_canvas_jar__name to integer.
01-26 05:33:45.250 14182 21191 W PhenotypeToGsaConfigs: Can't format flag AndroidGsaVelourJars__velour_chkpkg_jar__name to integer.
01-26 05:33:45.250 14182 21191 W PhenotypeToGsaConfigs: Can't format flag AndroidGsaVelourJars__velour_crashtest_jar__name to integer.
01-26 05:33:45.250 14182 21191 W PhenotypeToGsaConfigs: Can't format flag AndroidGsaVelourJars__velour_dining_jar__name to integer.
01-26 05:33:45.250 14182 21191 W PhenotypeToGsaConfigs: Can't format flag AndroidGsaVelourJars__velour_doodle_notifications_jar__name to integer.
01-26 05:33:45.250 14182 21191 W PhenotypeToGsaConfigs: Can't format flag AndroidGsaVelourJars__velour_imageviewer_jar__name to integer.
01-26 05:33:45.251 14182 21191 W PhenotypeToGsaConfigs: Can't format flag AndroidGsaVelourJars__velour_ipa_jar__name to integer.
01-26 05:33:45.251 14182 21191 W PhenotypeToGsaConfigs: Can't format flag AndroidGsaVelourJars__velour_jslocation_jar__name to integer.
01-26 05:33:45.251 14182 21191 W PhenotypeToGsaConfigs: Can't format flag AndroidGsaVelourJars__velour_localintent_jar__name to integer.
01-26 05:33:45.251 14182 21191 W PhenotypeToGsaConfigs: Can't format flag AndroidGsaVelourJars__velour_messaging_jar__name to integer.
01-26 05:33:45.251 14182 21191 W PhenotypeToGsaConfigs: Can't format flag AndroidGsaVelourJars__velour_nativesrp_activity_jar__name to integer.
01-26 05:33:45.251 14182 21191 W PhenotypeToGsaConfigs: Can't format flag AndroidGsaVelourJars__velour_nativesrp_presenter_jar__name to integer.
01-26 05:33:45.251 14182 21191 W PhenotypeToGsaConfigs: Can't format flag AndroidGsaVelourJars__velour_nowcontent_jar__name to integer.
01-26 05:33:45.251 14182 21191 W PhenotypeToGsaConfigs: Can't format flag AndroidGsaVelourJars__velour_recents_activity_jar__name to integer.
01-26 05:33:45.251 14182 21191 W PhenotypeToGsaConfigs: Can't format flag AndroidGsaVelourJars__velour_save_jar__name to integer.
01-26 05:33:45.251 14182 21191 W PhenotypeToGsaConfigs: Can't format flag AndroidGsaVelourJars__velour_searchresults_activity_jar__name to integer.
01-26 05:33:45.251 14182 21191 W PhenotypeToGsaConfigs: Can't format flag AndroidGsaVelourJars__velour_test_jar__name to integer.
01-26 05:33:45.251 14182 21191 W PhenotypeToGsaConfigs: Can't format flag AndroidGsaVelourJars__velour_weather_jar__name to integer.
01-26 05:33:45.251 14182 21191 W PhenotypeToGsaConfigs: Can't format flag bindle_flags__bloblobber_blob to integer.
01-26 05:33:45.251 14182 21191 W PhenotypeToGsaConfigs: Can't format flag bindle_flags__velour_jar to integer.
01-26 05:33:45.253  1538  5382 D CompatibilityChangeReporter: Compat change id reported: 124107808; UID 1001; state: ENABLED
01-26 05:33:45.253  1538  5382 D CompatibilityChangeReporter: Compat change id reported: 124107808; UID 1001; state: DISABLED
01-26 05:33:45.254  4493 17465 D TelephonyProvider: Using old permission behavior for telephony provider compat
01-26 05:33:45.257  3986  3986 I OpaEnabledReceiver: Dispatching OPA eligble = true; AGSA = true; OPA enabled = true
01-26 05:33:45.260  1538  1631 W Looper  : Drained
01-26 05:33:45.263 19661 19694 E ephu    : FileGroupManager: Trying to add expired group enpromo-state-config.
01-26 05:33:45.263 19661 19694 W ephu    : MDDManager class eopo
01-26 05:33:45.263 19661 19694 E ephu    : DataFileGroupValidator Group name missing in added group
01-26 05:33:45.286  1538  1538 D NotificationService: 0|com.google.testing.helium.utp.android.companion.backdrop|1|null|10273: granting content://settings/system/notification_sound
01-26 05:33:45.264 19661 19694 E ephu    : DataFileGroupValidator Group name missing in added group
01-26 05:33:45.286 14182 14276 I PBSessionCacheImpl: Deleted sessionId[62374865054186191] from persistence.
01-26 05:33:45.288  1538  1538 I chatty  : uid=1000(system) Binder:1538_3 identical 3 lines
01-26 05:33:45.288  1538  1538 D NotificationService: 0|com.google.testing.helium.utp.android.companion.backdrop|1|null|10273: granting content://settings/system/notification_sound
01-26 05:33:45.288  1538  1538 W NotificationHistory: Attempted to add notif for locked/gone/disabled user 0
01-26 05:33:45.295  3986  3986 D InterruptionStateProvider: No bubble up: not allowed to bubble: 0|com.google.testing.helium.utp.android.companion.backdrop|1|null|10273
01-26 05:33:45.295  3986  3986 D InterruptionStateProvider: No heads up: unimportant notification: 0|com.google.testing.helium.utp.android.companion.backdrop|1|null|10273
01-26 05:33:45.300 19661 19661 D BoundBrokerSvc: onBind: Intent { act=com.google.android.gms.measurement.START pkg=com.google.android.gms }
01-26 05:33:45.300 19661 19661 D BoundBrokerSvc: Loading bound service for intent: Intent { act=com.google.android.gms.measurement.START pkg=com.google.android.gms }
01-26 05:33:45.337 21824 21852 I AdrenoGLES-0: QUALCOMM build                   : 4783c89, I46ff5fc46f
01-26 05:33:45.337 21824 21852 I AdrenoGLES-0: Build Date                       : 11/30/20
01-26 05:33:45.337 21824 21852 I AdrenoGLES-0: OpenGL ES Shader Compiler Version: EV031.31.04.01
01-26 05:33:45.337 21824 21852 I AdrenoGLES-0: Local Branch                     : QPR2
01-26 05:33:45.337 21824 21852 I AdrenoGLES-0: Remote Branch                    : 
01-26 05:33:45.337 21824 21852 I AdrenoGLES-0: Remote Branch                    : 
01-26 05:33:45.337 21824 21852 I AdrenoGLES-0: Reconstruct Branch               : 
01-26 05:33:45.337 21824 21852 I AdrenoGLES-0: Build Config                     : S P 10.0.4 AArch64
01-26 05:33:45.337 21824 21852 I AdrenoGLES-0: Driver Path                      : /vendor/lib64/egl/libGLESv2_adreno.so
01-26 05:33:45.347 21824 21852 I AdrenoGLES-0: PFP: 0x016dd090, ME: 0x00000000
01-26 05:33:45.349 14182 14253 W SearchServiceCore: Abort, client detached.
01-26 05:33:45.349 14182 14253 I chatty  : uid=10173(com.google.android.googlequicksearchbox) EventBus0 identical 2 lines
01-26 05:33:45.349 14182 14253 W SearchServiceCore: Abort, client detached.
01-26 05:33:45.350  3986  3986 I OpaEnabledReceiver: Dispatching OPA eligble = true; AGSA = true; OPA enabled = true
01-26 05:33:45.358 21824 21852 W AdrenoUtils: <ReadGpuID_from_sysfs:197>: Failed to open /sys/class/kgsl/kgsl-3d0/gpu_model
01-26 05:33:45.358 21824 21852 W AdrenoUtils: <ReadGpuID:221>: Failed to read chip ID from gpu_model. Fallback to use the GSL path
01-26 05:33:45.361 14182 14253 W SearchServiceCore: Abort, client detached.
01-26 05:33:45.361 14182 14253 I chatty  : uid=10173(com.google.android.googlequicksearchbox) EventBus0 identical 3 lines
01-26 05:33:45.361 14182 14253 W SearchServiceCore: Abort, client detached.
01-26 05:33:45.367 14182 14218 I OpaEligibilityChecker: send OpaEligibilityChange broadcast to CommonBroadcastReceiver
01-26 05:33:45.369 14182 14253 W SearchServiceCore: Abort, client detached.
01-26 05:33:45.418   902  1000 D VSC     : @ 834.591: [Rotation Vector Sensor] Stop accel
01-26 05:33:45.418   902  1000 D VSC     : @ 834.591: [Rotation Vector Sensor] Stop gyro
01-26 05:33:45.418   902  1000 D VSC     : @ 834.591: [Rotation Vector Sensor] Stop mag
01-26 05:33:45.421   902  1000 D VSC     : @ 834.594: [Linear Acceleration Sensor] Stop accel
01-26 05:33:45.421   902  1000 D VSC     : @ 834.594: [Linear Acceleration Sensor] Stop gyro
01-26 05:33:45.435 19661 19717 W linker  : Warning: "/data/user_de/0/com.google.android.gms/app_chimera/m/00000009/CronetDynamite.uncompressed.apk!/lib/arm64-v8a/libcronet.144.0.7500.8.so" unused DT entry: unknown processor-specific (type 0x70000001 arg 0x0) (ignoring)
01-26 05:33:45.440  1538  5679 D ConnectivityService: ConnectivityService NetworkRequestInfo binderDied(NetworkRequest [ LISTEN id=107, [ Capabilities: INTERNET&NOT_RESTRICTED&TRUSTED Uid: 10192 AdministratorUids: [] RequestorUid: 10192 RequestorPackageName: com.android.vending] ], android.os.BinderProxy@a85b91d)
01-26 05:33:45.441  1538  1629 D ConnectivityService: ConnectivityService NetworkRequestInfo binderDied(NetworkRequest [ TRACK_DEFAULT id=106, [ Capabilities: INTERNET&NOT_RESTRICTED&TRUSTED Uid: 10192 AdministratorUids: [] RequestorUid: 10192 RequestorPackageName: com.android.vending] ], android.os.BinderProxy@2c4d792)
01-26 05:33:45.441  1538  3907 D ConnectivityService: releasing NetworkRequest [ TRACK_DEFAULT id=106, [ Capabilities: INTERNET&NOT_RESTRICTED&TRUSTED Uid: 10192 AdministratorUids: [] RequestorUid: 10192 RequestorPackageName: com.android.vending] ] (release request)
01-26 05:33:45.441  1538  5679 I ActivityManager: Process com.android.vending (pid 20540) has died: cch+5 CEM 
01-26 05:33:45.443 19661 19661 D BoundBrokerSvc: onUnbind: Intent { act=com.google.android.gms.potokens.service.START dat=chimera-action: cmp=com.google.android.gms/.chimera.GmsApiService }
01-26 05:33:45.445 19661 19661 D BoundBrokerSvc: onUnbind: Intent { act=com.google.android.gms.safetynet.service.START pkg=com.google.android.gms }
01-26 05:33:45.449   869   869 I Zygote  : Process 20540 exited cleanly (0)
01-26 05:33:45.453   902  1000 D ASH     : @ 834.626: SensorType 195 resampler quality 2
01-26 05:33:45.456 19661 19661 W ThreadPoolForeg: type=1400 audit(0.0:568): avc: denied { write } for name="traced_producer" dev="tmpfs" ino=18637 scontext=u:r:gmscore_app:s0:c512,c768 tcontext=u:object_r:traced_producer_socket:s0 tclass=sock_file permissive=0 app=com.google.android.gms
01-26 05:33:45.460  1538  5382 D ConnectivityService: requestNetwork for uid/pid:10180/19661 NetworkRequest [ TRACK_DEFAULT id=113, [ Capabilities: INTERNET&NOT_RESTRICTED&TRUSTED Uid: 10180 AdministratorUids: [] RequestorUid: 10180 RequestorPackageName: com.google.android.gms] ]
01-26 05:33:45.461  1538  3907 D ConnectivityService: NetReassign [113 : null → 100]
01-26 05:33:45.461  1538  3903 D WifiNetworkFactory: got request NetworkRequest [ TRACK_DEFAULT id=113, [ Capabilities: INTERNET&NOT_RESTRICTED&TRUSTED Uid: 10180 AdministratorUids: [] RequestorUid: 10180 RequestorPackageName: com.google.android.gms] ] with score 60 and providerId 5
01-26 05:33:45.461  1538  3903 D UntrustedWifiNetworkFactory: got request NetworkRequest [ TRACK_DEFAULT id=113, [ Capabilities: INTERNET&NOT_RESTRICTED&TRUSTED Uid: 10180 AdministratorUids: [] RequestorUid: 10180 RequestorPackageName: com.google.android.gms] ] with score 60 and providerId 5
01-26 05:33:45.461  1538  3938 D Ethernet: got request NetworkRequest [ TRACK_DEFAULT id=113, [ Capabilities: INTERNET&NOT_RESTRICTED&TRUSTED Uid: 10180 AdministratorUids: [] RequestorUid: 10180 RequestorPackageName: com.google.android.gms] ] with score 60 and providerId 5
01-26 05:33:45.461  1538  3937 D WIFI_AWARE_FACTORY: got request NetworkRequest [ TRACK_DEFAULT id=113, [ Capabilities: INTERNET&NOT_RESTRICTED&TRUSTED Uid: 10180 AdministratorUids: [] RequestorUid: 10180 RequestorPackageName: com.google.android.gms] ] with score 60 and providerId 5
01-26 05:33:45.462  4493  4493 D PhoneSwitcherNetworkRequstListener: got request NetworkRequest [ TRACK_DEFAULT id=113, [ Capabilities: INTERNET&NOT_RESTRICTED&TRUSTED Uid: 10180 AdministratorUids: [] RequestorUid: 10180 RequestorPackageName: com.google.android.gms] ] with score 60 and providerId 5
01-26 05:33:45.465 19661 19717 I cn_CronetLibraryLoader: Cronet version: 144.0.7500.8, arch: aarch64
01-26 05:33:45.467  1538  3907 D ConnectivityService: NetReassign [no changes]
01-26 05:33:45.472 19661 20581 D AdvertisingIdClient: AdvertisingIdClient already created.
01-26 05:33:45.478  1538  1648 I libprocessgroup: Successfully killed process cgroup uid 10192 pid 20540 in 36ms
01-26 05:33:45.479 19661 20581 I AdvertisingIdClient: shouldSendLog 811256
01-26 05:33:45.479 19661 20581 I AdvertisingIdClient: GetInfoInternal elapse 7ms
01-26 05:33:45.521  1538  5679 I system_server: oneway function results will be dropped but finished with status OK and parcel size 4
01-26 05:33:45.521  1538  5679 I system_server: oneway function results will be dropped but finished with status OK and parcel size 4
01-26 05:33:45.522  1538  4073 I system_server: oneway function results will be dropped but finished with status OK and parcel size 4
01-26 05:33:45.524  1538  4073 I chatty  : uid=1000(system) Binder:1538_C identical 1 line
01-26 05:33:45.530  1538  4073 I system_server: oneway function results will be dropped but finished with status OK and parcel size 4
01-26 05:33:45.530  1538  5679 I system_server: oneway function results will be dropped but finished with status OK and parcel size 4
01-26 05:33:45.593 14182 14182 I BgTaskExecutorImpl: Starting EXCLUSIVE background task FETCH_CONFIGS_FROM_PHENOTYPE.
01-26 05:33:45.619 19661 19717 I Icing   : IndexChimeraService.getServiceInterface callingPackage=com.google.android.googlequicksearchbox componentName=agsa_icing_connection serviceId=32
01-26 05:33:45.622 19661 19694 I Icing   : IndexChimeraService.getServiceInterface callingPackage=com.google.android.googlequicksearchbox componentName=agsa_icing_connection serviceId=33
01-26 05:33:45.650  4476  7168 D QCNEJ/WlanStaInfoRelay: Received action: android.net.wifi.RSSI_CHANGED
01-26 05:33:45.650  4476  7168 I QCNEJ/NativeHalConnector: -> SND notifyWlanStaStatusChanged([WlanStaInfo]: wifiSwitchState = 1 rssi = -56 ssid = wl-ftl-mt34-1-5 bssid = 30:86:2d:f2:6f:d0 dnsInfo = 2001:4860:101d:100::100;2001:4860:101d:100::101;10.10.100.105;10.100.100.99; freqBand = _5GHz countryCode = [RatInfo]: networkType = 1 subType = 101 networkState = CONNECTED netHdl = 432902426637 ipAddrV4 = 10.12.137.103 ipAddrV6 = 2001:4860:101d:fe02:38f1:7527:f914:d816 ifNameV4 = wlan0 ifNameV6 = wlan0 slotIdx = 0 isAndroidValidated = true) timeStamp = 2026-01-26 05:33:45.65
01-26 05:33:45.651  7051  7102 D PowerManagerPoller: Downlink cellular capacity updated to 56062 Kbps
01-26 05:33:45.651  5176  6399 I CarrierServices: [198] bwx.d: (PEv2-SM): DisabledState: event Connectivity event [null]
01-26 05:33:45.651  5176  6394 I CarrierServices: [197] brf.d: Connected state: [1], networkType: [WIFI]
01-26 05:33:45.654  4493 17465 E PhoneInterfaceManager: [PhoneIntfMgr] getCarrierPrivilegeStatus: Invalid subId
01-26 05:33:45.666 19661 19697 I Icing   : Usage reports ok 1, Failed Usage reports 0, indexed 0, rejected 0
01-26 05:33:45.682 19661 19697 I Icing   : Usage reports ok 0, Failed Usage reports 0, indexed 0, rejected 0
01-26 05:33:45.694 14182 21169 W ProcessReaper: Scheduling killing of process to refresh configuration
01-26 05:33:45.711 14182 14182 W A       : Received update for unknown package com.google.android.googlequicksearchbox; known packages [com.google.android.apps.search.assistant.device#com.google.android.googlequicksearchbox, com.google.android.libraries.search.googleapp.device#com.google.android.googlequicksearchbox, com.google.android.libraries.search.googleapp.user#com.google.android.googlequicksearchbox, com.google.android.apps.gsa.pcp.device#com.google.android.googlequicksearchbox, com.google.android.apps.gsa.pcp.user#com.google.android.googlequicksearchbox, com.google.android.libraries.search.device#com.google.android.googlequicksearchbox, com.google.android.apps.search.transcription.device#com.google.android.googlequicksearchbox, com.google.android.apps.search.transcription.uidevice#com.google.android.googlequicksearchbox, com.google.android.apps.search.transcription.uiuser#com.google.android.googlequicksearchbox, com.google.android.apps.search.transcription.user#com.google.android.googlequicksearchbox]
01-26 05:33:45.727 14182 14182 I EngineIdGenerator: Refusing EXCLUSIVE task 21, it is already pending. Try again in 359 seconds.
01-26 05:33:45.659  1538  3907 D ConnectivityService: NetReassign [no changes]
01-26 05:33:45.735  1538  4073 D CompatibilityChangeReporter: Compat change id reported: 135634846; UID 10199; state: DISABLED
01-26 05:33:45.735  1538  4073 D CompatibilityChangeReporter: Compat change id reported: 135754954; UID 10199; state: ENABLED
01-26 05:33:45.735  1538  1643 D CompatibilityChangeReporter: Compat change id reported: 143937733; UID 10199; state: ENABLED
01-26 05:33:45.742   869   869 D Zygote  : Forked child process 22155
01-26 05:33:45.744  1538  1643 I ActivityManager: Start proc 22155:com.google.android.apps.photos/u0a199 for broadcast {com.google.android.apps.photos/com.google.android.apps.photos.experiments.phenotype.full.PhenotypeUpdateBroadcastReceiver}
01-26 05:33:45.753 22155 22155 E oid.apps.photo: Not starting debugger since process cannot load the jdwp agent.
01-26 05:33:45.764 14182 14217 I EngineIdGenerator: Refusing EXCLUSIVE task 24, it is already pending. Try again in 358 seconds.
01-26 05:33:45.775 22155 22155 I oid.apps.photo: The ClassLoaderContext is a special shared library.
01-26 05:33:45.783 22155 22155 I oid.apps.photo: The ClassLoaderContext is a special shared library.
01-26 05:33:45.784 22155 22155 D nativeloader: classloader namespace configured for unbundled product apk. library_path=/product/app/Photos/lib/arm64:/product/app/Photos/Photos.apk!/lib/arm64-v8a:/product/lib64:/system/product/lib64
01-26 05:33:45.795 22155 22155 D NetworkSecurityConfig: No Network Security Config specified, using platform default
01-26 05:33:45.796 22155 22155 D NetworkSecurityConfig: No Network Security Config specified, using platform default
01-26 05:33:45.798 14182 14217 I ModelDownloadListener: Schdedule model download
01-26 05:33:45.800 14182 14216 I FedAssExpListener: Fed-ass not supported for signed out users.
01-26 05:33:45.800 14182 14216 I FedAssExpListener: Successfully processed experiments changed.
01-26 05:33:45.804 14182 14221 W PhenotypeToGsaConfigs: Can't format flag AndroidGsaVelourJars__velour_birthdaydoodle_jar__name to integer.
01-26 05:33:45.804 14182 14221 W PhenotypeToGsaConfigs: Can't format flag AndroidGsaVelourJars__velour_call_jar__name to integer.
01-26 05:33:45.806 14182 14182 I BgTaskExecutorImpl: Starting EXCLUSIVE background task UPDATE_HOTWORD_MODELS.
01-26 05:33:45.813 14182 14221 W PhenotypeToGsaConfigs: Can't format flag AndroidGsaVelourJars__velour_canvas_jar__name to integer.
01-26 05:33:45.814 14182 14221 W PhenotypeToGsaConfigs: Can't format flag AndroidGsaVelourJars__velour_chkpkg_jar__name to integer.
01-26 05:33:45.819  1538  1642 W BroadcastQueue: Background execution not allowed: receiving Intent { act=com.google.android.systemui.OPA_ENABLED flg=0x10000010 (has extras) } to com.google.android.apps.nexuslauncher/.qsb.OPAStatusReceiver
01-26 05:33:45.821  3986  3986 I OpaEnabledReceiver: Dispatching OPA eligble = true; AGSA = true; OPA enabled = true
01-26 05:33:45.829 14182 21169 I ModelDownloadController: requestHotwordModelUpdate modelType-1 modelLocale-en
01-26 05:33:45.829 14182 14221 W PhenotypeToGsaConfigs: Can't format flag AndroidGsaVelourJars__velour_crashtest_jar__name to integer.
01-26 05:33:45.830 14182 14221 W PhenotypeToGsaConfigs: Can't format flag AndroidGsaVelourJars__velour_dining_jar__name to integer.
01-26 05:33:45.830 14182 14221 W PhenotypeToGsaConfigs: Can't format flag AndroidGsaVelourJars__velour_doodle_notifications_jar__name to integer.
01-26 05:33:45.830 14182 14221 W PhenotypeToGsaConfigs: Can't format flag AndroidGsaVelourJars__velour_imageviewer_jar__name to integer.
01-26 05:33:45.830 14182 14221 W PhenotypeToGsaConfigs: Can't format flag AndroidGsaVelourJars__velour_ipa_jar__name to integer.
01-26 05:33:45.830 14182 14221 W PhenotypeToGsaConfigs: Can't format flag AndroidGsaVelourJars__velour_jslocation_jar__name to integer.
01-26 05:33:45.830 14182 14221 W PhenotypeToGsaConfigs: Can't format flag AndroidGsaVelourJars__velour_localintent_jar__name to integer.
01-26 05:33:45.830 14182 14221 W PhenotypeToGsaConfigs: Can't format flag AndroidGsaVelourJars__velour_messaging_jar__name to integer.
01-26 05:33:45.830 14182 14221 W PhenotypeToGsaConfigs: Can't format flag AndroidGsaVelourJars__velour_nativesrp_activity_jar__name to integer.
01-26 05:33:45.830 14182 14221 W PhenotypeToGsaConfigs: Can't format flag AndroidGsaVelourJars__velour_nativesrp_presenter_jar__name to integer.
01-26 05:33:45.830 14182 14221 W PhenotypeToGsaConfigs: Can't format flag AndroidGsaVelourJars__velour_nowcontent_jar__name to integer.
01-26 05:33:45.830 14182 14221 W PhenotypeToGsaConfigs: Can't format flag AndroidGsaVelourJars__velour_recents_activity_jar__name to integer.
01-26 05:33:45.831 14182 14221 W PhenotypeToGsaConfigs: Can't format flag AndroidGsaVelourJars__velour_save_jar__name to integer.
01-26 05:33:45.831 14182 14221 W PhenotypeToGsaConfigs: Can't format flag AndroidGsaVelourJars__velour_searchresults_activity_jar__name to integer.
01-26 05:33:45.831 14182 14221 W PhenotypeToGsaConfigs: Can't format flag AndroidGsaVelourJars__velour_test_jar__name to integer.
01-26 05:33:45.831 14182 14221 W PhenotypeToGsaConfigs: Can't format flag AndroidGsaVelourJars__velour_weather_jar__name to integer.
01-26 05:33:45.831 14182 14221 W PhenotypeToGsaConfigs: Can't format flag bindle_flags__bloblobber_blob to integer.
01-26 05:33:45.831 14182 14221 W PhenotypeToGsaConfigs: Can't format flag bindle_flags__velour_jar to integer.
01-26 05:33:45.840 21342 21365 I droid.apps.tip: Waiting for a blocking GC ProfileSaver
01-26 05:33:45.844 14182 21169 E ModelDownloadController: Failed fetching the hotword model location configuration
01-26 05:33:45.844 14182 21169 E ModelDownloadController: Invalid hotword model location: location is null or empty: null
01-26 05:33:45.846 14182 14253 W SearchServiceCore: Abort, client detached.
01-26 05:33:45.846 14182 14253 W SearchServiceCore: Abort, client detached.
01-26 05:33:45.864 14182 14217 I OpaEligibilityChecker: send OpaEligibilityChange broadcast to CommonBroadcastReceiver
01-26 05:33:45.866 22155 22155 W oid.apps.photo: Accessing hidden field Ljava/util/Collections$SynchronizedCollection;->mutex:Ljava/lang/Object; (greylist-max-o, reflection, denied)
01-26 05:33:45.867 22155 22155 W oid.apps.photo: Accessing hidden method Ljava/util/Collections$SynchronizedSet;-><init>(Ljava/util/Set;Ljava/lang/Object;)V (greylist-max-o, reflection, denied)
01-26 05:33:45.867 22155 22155 W oid.apps.photo: Accessing hidden method Ljava/util/Collections$SynchronizedCollection;-><init>(Ljava/util/Collection;Ljava/lang/Object;)V (greylist-max-o, reflection, denied)
01-26 05:33:45.868  3986  3986 W TouchableRegionManager: onHeadsUpPinnedModeChanged
01-26 05:33:45.888  3986  3986 D StatusBar: disable<e i a s b h r c s > disable2<q i n >
01-26 05:33:45.903  3986  3986 I OpaEnabledReceiver: Dispatching OPA eligble = true; AGSA = true; OPA enabled = true
01-26 05:33:45.905 21802 21844 W YT.MDX.aeto: CastAppId for type 0 not found. Defaulting to mainCastAppId.
01-26 05:33:45.990 21342 21365 I droid.apps.tip: WaitForGcToComplete blocked ProfileSaver on ClassLinker for 150.182ms
01-26 05:33:45.996 21342 21355 I droid.apps.tip: WaitForGcToComplete blocked RunEmptyCheckpoint on ProfileSaver for 5.623ms
01-26 05:33:46.015 19661 19694 I Icing   : IndexChimeraService.getServiceInterface callingPackage=com.google.android.googlequicksearchbox componentName=agsa_icing_connection serviceId=32
01-26 05:33:46.017 19661 19717 I Icing   : IndexChimeraService.getServiceInterface callingPackage=com.google.android.googlequicksearchbox componentName=agsa_icing_connection serviceId=33
01-26 05:33:46.047 19661 19697 I Icing   : Usage reports ok 0, Failed Usage reports 0, indexed 0, rejected 0
01-26 05:33:46.062 19661 19697 I Icing   : Usage reports ok 0, Failed Usage reports 0, indexed 0, rejected 0
01-26 05:33:46.297 21342 21374 I Tips_TipsContentJobServ: applyTipsContent tipsVersion: 0 -> 1724048000, locale: default
01-26 05:33:46.300  1538  4072 D CompatibilityChangeReporter: Compat change id reported: 135634846; UID 10174; state: DISABLED
01-26 05:33:46.300  1538  4072 D CompatibilityChangeReporter: Compat change id reported: 135754954; UID 10174; state: ENABLED
01-26 05:33:46.300  1538  1643 D CompatibilityChangeReporter: Compat change id reported: 143937733; UID 10174; state: ENABLED
01-26 05:33:46.310   869   869 D Zygote  : Forked child process 22184
01-26 05:33:46.311  1538  1643 I ActivityManager: Start proc 22184:com.google.android.setupwizard:remote/u0a174 for content provider {com.google.android.setupwizard/com.google.android.setupwizard.deviceorigin.provider.DeviceOriginProvider}
01-26 05:33:46.311 21802 21844 W YT.MDX.aeto: CastAppId for type 0 not found. Defaulting to mainCastAppId.
01-26 05:33:46.318 14182 14216 I EngineIdGenerator: Refusing EXCLUSIVE task 24, it is already pending. Try again in 358 seconds.
01-26 05:33:46.323 14182 14216 I ModelDownloadListener: Schdedule model download
01-26 05:33:46.324 22184 22184 E upwizard:remot: Not starting debugger since process cannot load the jdwp agent.
01-26 05:33:46.325 14182 14218 I FedAssExpListener: Fed-ass not supported for signed out users.
01-26 05:33:46.325 14182 14218 I FedAssExpListener: Successfully processed experiments changed.
01-26 05:33:46.333 14182 14182 I BgTaskExecutorImpl: Starting EXCLUSIVE background task UPDATE_HOTWORD_MODELS.
01-26 05:33:46.337  1538  1642 W BroadcastQueue: Background execution not allowed: receiving Intent { act=com.google.android.systemui.OPA_ENABLED flg=0x10000010 (has extras) } to com.google.android.apps.nexuslauncher/.qsb.OPAStatusReceiver
01-26 05:33:46.338  3986  3986 I OpaEnabledReceiver: Dispatching OPA eligble = true; AGSA = true; OPA enabled = true
01-26 05:33:46.340 14182 21194 I ModelDownloadController: requestHotwordModelUpdate modelType-1 modelLocale-en
01-26 05:33:46.342 14182 21194 E ModelDownloadController: Failed fetching the hotword model location configuration
01-26 05:33:46.342 14182 21194 E ModelDownloadController: Invalid hotword model location: location is null or empty: null
01-26 05:33:46.345 14182 14253 W SearchServiceCore: Abort, client detached.
01-26 05:33:46.345 14182 14253 W SearchServiceCore: Abort, client detached.
01-26 05:33:46.354 14182 14216 I OpaEligibilityChecker: send OpaEligibilityChange broadcast to CommonBroadcastReceiver
01-26 05:33:46.358 22184 22184 I upwizard:remot: The ClassLoaderContext is a special shared library.
01-26 05:33:46.359  3986  3986 I OpaEnabledReceiver: Dispatching OPA eligble = true; AGSA = true; OPA enabled = true
01-26 05:33:46.365 22184 22184 I upwizard:remot: The ClassLoaderContext is a special shared library.
01-26 05:33:46.366 22184 22184 D nativeloader: classloader namespace configured for unbundled product apk. library_path=/product/priv-app/SetupWizardPrebuilt/lib/arm64:/product/priv-app/SetupWizardPrebuilt/SetupWizardPrebuilt.apk!/lib/arm64-v8a:/product/lib64:/system/product/lib64
01-26 05:33:46.379 22184 22184 D NetworkSecurityConfig: No Network Security Config specified, using platform default
01-26 05:33:46.380 22184 22184 D NetworkSecurityConfig: No Network Security Config specified, using platform default
01-26 05:33:46.384 14182 14253 W SearchServiceCore: Abort, client detached.
01-26 05:33:46.389 14182 21775 I BgTaskExecutorImpl: Starting EXCLUSIVE background task FETCH_CONFIGS_FROM_PHENOTYPE.
01-26 05:33:46.411 22184 22205 W DynamiteModule: Local module descriptor class for com.google.android.gms.googlecertificates not found.
01-26 05:33:46.443 22184 22205 I DynamiteModule: Considering local module com.google.android.gms.googlecertificates:0 and remote module com.google.android.gms.googlecertificates:7
01-26 05:33:46.443 22184 22205 I DynamiteModule: Selected remote version of com.google.android.gms.googlecertificates, version >= 7
01-26 05:33:46.444 22184 22205 V DynamiteModule: Dynamite loader version >= 2, using loadModule2NoCrashUtils
01-26 05:33:46.459 19661 19661 W ThreadPoolForeg: type=1400 audit(0.0:569): avc: denied { write } for name="traced_producer" dev="tmpfs" ino=18637 scontext=u:r:gmscore_app:s0:c512,c768 tcontext=u:object_r:traced_producer_socket:s0 tclass=sock_file permissive=0 app=com.google.android.gms
01-26 05:33:46.510  6881  6924 D DeviceStateHelper: Audo mode: 0
01-26 05:33:46.511  6881  6924 D DeviceStateHelper: Audo mode: 0
01-26 05:33:46.524 14182 14218 W PhenotypeToGsaConfigs: Can't format flag AndroidGsaVelourJars__velour_birthdaydoodle_jar__name to integer.
01-26 05:33:46.524 14182 14218 W PhenotypeToGsaConfigs: Can't format flag AndroidGsaVelourJars__velour_call_jar__name to integer.
01-26 05:33:46.525 14182 14218 W PhenotypeToGsaConfigs: Can't format flag AndroidGsaVelourJars__velour_canvas_jar__name to integer.
01-26 05:33:46.525 14182 14218 W PhenotypeToGsaConfigs: Can't format flag AndroidGsaVelourJars__velour_chkpkg_jar__name to integer.
01-26 05:33:46.525 14182 14218 W PhenotypeToGsaConfigs: Can't format flag AndroidGsaVelourJars__velour_crashtest_jar__name to integer.
01-26 05:33:46.525 14182 14218 W PhenotypeToGsaConfigs: Can't format flag AndroidGsaVelourJars__velour_dining_jar__name to integer.
01-26 05:33:46.525 14182 14218 W PhenotypeToGsaConfigs: Can't format flag AndroidGsaVelourJars__velour_doodle_notifications_jar__name to integer.
01-26 05:33:46.525 14182 14218 W PhenotypeToGsaConfigs: Can't format flag AndroidGsaVelourJars__velour_imageviewer_jar__name to integer.
01-26 05:33:46.525 14182 14218 W PhenotypeToGsaConfigs: Can't format flag AndroidGsaVelourJars__velour_ipa_jar__name to integer.
01-26 05:33:46.525 14182 14218 W PhenotypeToGsaConfigs: Can't format flag AndroidGsaVelourJars__velour_jslocation_jar__name to integer.
01-26 05:33:46.525 14182 14218 W PhenotypeToGsaConfigs: Can't format flag AndroidGsaVelourJars__velour_localintent_jar__name to integer.
01-26 05:33:46.525 14182 14218 W PhenotypeToGsaConfigs: Can't format flag AndroidGsaVelourJars__velour_messaging_jar__name to integer.
01-26 05:33:46.525 14182 14218 W PhenotypeToGsaConfigs: Can't format flag AndroidGsaVelourJars__velour_nativesrp_activity_jar__name to integer.
01-26 05:33:46.526 14182 14218 W PhenotypeToGsaConfigs: Can't format flag AndroidGsaVelourJars__velour_nativesrp_presenter_jar__name to integer.
01-26 05:33:46.526 14182 14218 W PhenotypeToGsaConfigs: Can't format flag AndroidGsaVelourJars__velour_nowcontent_jar__name to integer.
01-26 05:33:46.526 14182 14218 W PhenotypeToGsaConfigs: Can't format flag AndroidGsaVelourJars__velour_recents_activity_jar__name to integer.
01-26 05:33:46.526 14182 14218 W PhenotypeToGsaConfigs: Can't format flag AndroidGsaVelourJars__velour_save_jar__name to integer.
