01-26 05:33:39.333  1538  5821 I Telecom : CallsManager: handlePhoneAccountChanged: phoneAccount=[[X] PhoneAccount: ComponentInfo{com.android.phone/com.android.services.telephony.TelephonyConnectionService}, ***, UserHandle{0} Capabilities: CallProvider MultiUser PlaceEmerg SimSub  Audio Routes: BESW Schemes: tel voicemail  Extras: Bundle[{android.telecom.extra.SUPPORTS_VIDEO_CALLING_FALLBACK=true}] GroupId: ***]: TSI.rPA@As0
01-26 05:33:39.330  4264  4264 D RecentsOrientedState: current RecentsOrientedState: [this=RecentsOrientedState@4dbff4a mOrientationHandler=PortraitPagedViewHandler@3f670d8 mDisplayRotation=0 mTouchRotation=0 mRecentsActivityRotation=0 isRecentsActivityRotationAllowed=false mSystemRotation=false mFlags=291]
01-26 05:33:39.334  4264  4264 I AiAiSuggestUi: Connecting to system intelligence module.
01-26 05:33:39.335  1538  1538 W InputMethodManagerService: Illegal subtype state: old subtype = null, new subtype = android.view.inputmethod.InputMethodSubtype@70bfcd7e
01-26 05:33:39.341  1538  1538 I Telecom : : Locale change; recreating channels.
01-26 05:33:39.350  5299  5299 I AiAiOverview: Created AiAiContentSuggestionsService.
01-26 05:33:39.351  5331  5831 I A       : onIsEnabledChanged, isEnabled: false
01-26 05:33:39.354  4264  5482 E FrameEvents: updateAcquireFence: Did not find frame.
01-26 05:33:39.358  4264  5482 E FrameEvents: updateAcquireFence: Did not find frame.
01-26 05:33:39.363 20872 20900 W DynamiteModule: Local module descriptor class for providerinstaller not found.
01-26 05:33:39.363 21099 21099 E externalstorag: Not starting debugger since process cannot load the jdwp agent.
01-26 05:33:39.375  3986  4015 D KeyguardViewMediator: setKeyguardEnabled(true)
01-26 05:33:39.377  5331  5831 I A       : setSysUiConfiguration, isAvailable: false
01-26 05:33:39.379  4264 21123 I AiAiSuggestUi: Successfully connected to system intelligence: 
01-26 05:33:39.379  5331  5831 I A       : onDisabled. Registered: true
01-26 05:33:39.383  4014  6123 I PermissionControllerServiceImpl: Updating user sensitive for uid 10272
01-26 05:33:39.383  4264  4264 E libprocessgroup: set_timerslack_ns write failed: Operation not permitted
01-26 05:33:39.386  4014  6123 I PermissionControllerServiceImpl: Updating user sensitive for uid 10272
01-26 05:33:39.386 14182 14253 W SearchServiceCore: Abort, client detached.
01-26 05:33:39.387  5331  6153 I A       : destroy()
01-26 05:33:39.393  5331 15557 I A       : Destroying PortableAssistant resources
01-26 05:33:39.396 14182 14253 I MicroDetectionState: Should stop hotword detection immediately - true
01-26 05:33:39.399 13905 15462 W ProviderHelper: Unknown dynamite feature providerinstaller
01-26 05:33:39.399 14182 14182 I PublicSearchService: Creating pss binder().
01-26 05:33:39.402  5299  5762 I SP.AiAi : Scheduling job with delay of 0s for {W:b, bg}, 1 candidates
01-26 05:33:39.402 14182 14277 I PublicSearchService: Calling beginBinderSession().
01-26 05:33:39.402 14182 14277 I PublicSearchService: beginBinderSession(): calling binder
01-26 05:33:39.403 20872 20900 W ProviderInstaller: Failed to load providerinstaller module: No acceptable module found. Local version is 0 and remote version is 0.
01-26 05:33:39.404  5331  5331 I A       : eventData = # com.google.android.apps.gsa.search.shared.service.b.uv@ed02c8b6
01-26 05:33:39.404  5331  5331 I A       : [255935327] {
01-26 05:33:39.404  5331  5331 I A       : }
01-26 05:33:39.405  1538  4071 I ActivityManager: Killing 17775:com.google.android.dialer/u0a181 (adj 985): empty #17
01-26 05:33:39.407  5299  5542 I SP.Model.AiAi: Downloadable packs for template_table-2-en are not ready
01-26 05:33:39.407 14182 14182 E OSSClientManager: sendGenericClientEvent, Search Service Client is not connected
01-26 05:33:39.411 14182 14182 E OSSClientManager: sendGenericClientEvent, Search Service Client is not connected
01-26 05:33:39.417  4264  4264 E libprocessgroup: set_timerslack_ns write failed: Operation not permitted
01-26 05:33:39.417  4264  4294 D LoaderTask: loadWorkspace: loading default favorites
01-26 05:33:39.424  4820  4820 W SessionManager: SessionManager.beginSession():53 Try to begin an already begun session [INPUT_SESSION], end it first
01-26 05:33:39.427 21099 21099 I externalstorag: The ClassLoaderContext is a special shared library.
01-26 05:33:39.427  5331  5764 I native  : screen_annotator_jni.cc:64 [ScreenAnnotatorJNI] Initialized JNIStorage = 496468967408
01-26 05:33:39.430  5299  5299 I SP.AiAi : ====> Starting job {W:b, bg}
01-26 05:33:39.431  5299  5762 I SP.AiAi : Scheduling: download registered, 0 started, 0 paused, 1 scheduled, 1 pending: manifests:template_table-2-en-21072101 * {W:b, bg}
01-26 05:33:39.435  5299  5762 I SP.AiAi : Registering template_table-2-en_bundled.3, url: null, constraints: *:*, flags: *, requested: 3, current: -1
01-26 05:33:39.439  1538  1631 D UsbDeviceManager: Clear notification
01-26 05:33:39.441  1538  3983 D CompatibilityChangeReporter: Compat change id reported: 135634846; UID 1001; state: DISABLED
01-26 05:33:39.441  1538  3983 D CompatibilityChangeReporter: Compat change id reported: 135754954; UID 1001; state: DISABLED
01-26 05:33:39.443  1538  3983 I ActivityManager: Killing 20028:com.google.android.projection.gearhead:shared/u0a184 (adj 985): empty #17
01-26 05:33:39.444  1538  1631 D UsbDeviceManager: push notification:Charging this device via USB
01-26 05:33:39.446  1538  1631 W Looper  : Drained
01-26 05:33:39.448  5299  5694 I SP.AiAi : Scheduling: job start ({W:b, bg}), 1 started, 0 paused, 0 scheduled, 1 pending: manifests:template_table-2-en-21072101 @ * {W:b, bg}
01-26 05:33:39.449  5299  5694 I SP.AiAi : Requesting download of URL https://gstatic.com/matchmaker/template_table/21072101/2/en/superpacks_manifest.zip to template_table-2-en-21072101.zip.fetched (constraints: W:b)
01-26 05:33:39.451  5331  5764 I native  : screen_annotator_jni.cc:117 [ScreenAnnotatorJNI] Destroyed storage = 496445445680
01-26 05:33:39.469  5331 15557 I A       : uninitializing SODA
01-26 05:33:39.470  4820  4820 I Environment: Environment.getDeviceMode():694 Get device mode by ui mode:1 and smallestScreenWidthDp:392
01-26 05:33:39.470  4820  4820 I Environment: Environment.getDeviceMode():694 Get device mode by ui mode:1 and smallestScreenWidthDp:392
01-26 05:33:39.474  5299  5762 I SP.AiAi : Successfully got manifest for template_table-2-en_bundled-manifest: manifests:template_table-2-en_bundled-3
01-26 05:33:39.475  4820 21129 I LstmExtension: LstmExtension.onCreate():132 onCreate(): Finished in 1 ms
01-26 05:33:39.477  4264  5482 E FrameEvents: updateAcquireFence: Did not find frame.
01-26 05:33:39.480   869   869 D Zygote  : Forked child process 21137
01-26 05:33:39.480  5299  5542 W AiAiTextClassifier: Failure loading bundled model via Superpacks.
01-26 05:33:39.480  5299  5542 W AiAiTextClassifier: his: Failed to sync bundled model for template_table-2-en
01-26 05:33:39.480  5299  5542 W AiAiTextClassifier: 	at hiz.a(PG:23)
01-26 05:33:39.480  5299  5542 W AiAiTextClassifier: 	at fal.e(PG:2)
01-26 05:33:39.480  5299  5542 W AiAiTextClassifier: 	at fal.d(PG:12)
01-26 05:33:39.480  5299  5542 W AiAiTextClassifier: 	at fah.a(Unknown Source:2)
01-26 05:33:39.480  5299  5542 W AiAiTextClassifier: 	at dcz.b(PG:5)
01-26 05:33:39.480  5299  5542 W AiAiTextClassifier: 	at dcy.run(Unknown Source:2)
01-26 05:33:39.480  5299  5542 W AiAiTextClassifier: 	at csp.run(Unknown Source:6)
01-26 05:33:39.480  5299  5542 W AiAiTextClassifier: 	at java.util.concurrent.Executors$RunnableAdapter.call(Executors.java:462)
01-26 05:33:39.480  5299  5542 W AiAiTextClassifier: 	at java.util.concurrent.FutureTask.run(FutureTask.java:266)
01-26 05:33:39.480  5299  5542 W AiAiTextClassifier: 	at java.util.concurrent.ScheduledThreadPoolExecutor$ScheduledFutureTask.run(ScheduledThreadPoolExecutor.java:301)
01-26 05:33:39.480  5299  5542 W AiAiTextClassifier: 	at java.util.concurrent.ThreadPoolExecutor.runWorker(ThreadPoolExecutor.java:1167)
01-26 05:33:39.480  5299  5542 W AiAiTextClassifier: 	at java.util.concurrent.ThreadPoolExecutor$Worker.run(ThreadPoolExecutor.java:641)
01-26 05:33:39.480  5299  5542 W AiAiTextClassifier: 	at ctg.run(Unknown Source:144)
01-26 05:33:39.480  5299  5542 W AiAiTextClassifier: 	at java.lang.Thread.run(Thread.java:923)
01-26 05:33:39.480  5299  5542 W AiAiTextClassifier: Caused by: java.io.EOFException: End of input at line 1 column 1 path $
01-26 05:33:39.480  5299  5542 W AiAiTextClassifier: 	at jnc.a(PG:9)
01-26 05:33:39.480  5299  5542 W AiAiTextClassifier: 	at jnc.f(PG:20)
01-26 05:33:39.480  5299  5542 W AiAiTextClassifier: 	at jnc.c(PG:1)
01-26 05:33:39.480  5299  5542 W AiAiTextClassifier: 	at gys.a(PG:10)
01-26 05:33:39.480  5299  5542 W AiAiTextClassifier: 	at gyu.a(PG:8)
01-26 05:33:39.480  5299  5542 W AiAiTextClassifier: 	at gxp.a(PG:5)
01-26 05:33:39.480  5299  5542 W AiAiTextClassifier: 	at gxp.a(PG:1)
01-26 05:33:39.480  5299  5542 W AiAiTextClassifier: 	at hau.a(Unknown Source:48)
01-26 05:33:39.480  5299  5542 W AiAiTextClassifier: 	at jjq.a(Unknown Source:2)
01-26 05:33:39.480  5299  5542 W AiAiTextClassifier: 	at jjs.run(PG:9)
01-26 05:33:39.480  5299  5542 W AiAiTextClassifier: 	at java.util.concurrent.Executors$RunnableAdapter.call(Executors.java:462)
01-26 05:33:39.480  5299  5542 W AiAiTextClassifier: 	at java.util.concurrent.FutureTask.run(FutureTask.java:266)
01-26 05:33:39.480  5299  5542 W AiAiTextClassifier: 	at java.util.concurrent.ScheduledThreadPoolExecutor$ScheduledFutureTask.run(ScheduledThreadPoolExecutor.java:301)
01-26 05:33:39.480  5299  5542 W AiAiTextClassifier: 	at java.util.concurrent.ThreadPoolExecutor.runWorker(ThreadPoolExecutor.java:1167)
01-26 05:33:39.480  5299  5542 W AiAiTextClassifier: 	at java.util.concurrent.ThreadPoolExecutor$Worker.run(ThreadPoolExecutor.java:641)
01-26 05:33:39.480  5299  5542 W AiAiTextClassifier: 	... 1 more
01-26 05:33:39.480  5299  5542 I AiAiTextClassifier: locale changed, triggering a sync and reload in MiniatureProviderImpl.
01-26 05:33:39.485 21137 21137 I libc    : SetHeapTaggingLevel: tag level set to 0
01-26 05:33:39.492   869 21138 I Zygote  : Process 20028 exited due to signal 9 (Killed)
01-26 05:33:39.492 21137 21137 E lugins.sprintd: Not starting debugger since process cannot load the jdwp agent.
01-26 05:33:39.495  5299  5542 I AiAiTextClassifier: Syncing webref with url: https://gstatic.com/webref-ondevice/aiai/23072901_pir/2/en/superpacks_manifest.zip, version 23072901
01-26 05:33:39.498 21099 21099 D NetworkSecurityConfig: No Network Security Config specified, using platform default
01-26 05:33:39.498  5299  5542 I SP.Model.AiAi: Setting manifest to https://gstatic.com/webref-ondevice/aiai/23072901_pir/2/en/superpacks_manifest.zip.23072901 and syncing
01-26 05:33:39.498 21099 21099 D NetworkSecurityConfig: No Network Security Config specified, using platform default
01-26 05:33:39.498  5125 21128 I ContactLocale: AddressBook Labels [[en]]: […, A, B, C, D, E, F, G, H, I, J, K, L, M, N, O, P, Q, R, S, T, U, V, W, X, Y, Z, Α, Β, Γ, Δ, Ε, Ζ, Η, Θ, Ι, Κ, Λ, Μ, Ν, Ξ, Ο, Π, Ρ, Σ, Τ, Υ, Φ, Χ, Ψ, Ω, …, А, Б, В, Г, Д, Ђ, Е, Є, Ж, З, И, І, Й, Ј, К, Л, Љ, М, Н, Њ, О, П, Р, С, Т, Ћ, У, Ф, Х, Ц, Ч, Џ, Ш, Щ, Ю, Я, …, א, ב, ג, ד, ה, ו, ז, ח, ט, י, כ, ל, מ, נ, ס, ע, פ, צ, ק, ר, ש, ת, …, ا, ب, ت, ث, ج, ح, خ, د, ذ, ر, ز, س, ش, ص, ض, ط, ظ, ع, غ, ف, ق, ك, ل, م, ن, ه, و, ي, …, ก, ข, ฃ, ค, ฅ, ฆ, ง, จ, ฉ, ช, ซ, ฌ, ญ, ฎ, ฏ, ฐ, ฑ, ฒ, ณ, ด, ต, ถ, ท, ธ, น, บ, ป, ผ, ฝ, พ, ฟ, ภ, ม, ย, ร, ฤ, ล, ฦ, ว, ศ, ษ, ส, ห, ฬ, อ, ฮ, …, ㄱ, ㄴ, ㄷ, ㄹ, ㅁ, ㅂ, ㅅ, ㅇ, ㅈ, ㅊ, ㅋ, ㅌ, ㅍ, ㅎ, …, あ, か, さ, た, な, は, ま, や, ら, わ, #, …]
01-26 05:33:39.498  5299  5542 I AiAiTextClassifier: Location is not available in Webref slicing strategy
01-26 05:33:39.500  5299  5762 I SP.AiAi : Registering webref-2-en.23072901, url: https://gstatic.com/webref-ondevice/aiai/23072901_pir/2/en/superpacks_manifest.zip, constraints: W:b, flags: *, requested: 23072901, current: -1
01-26 05:33:39.506   869   869 I Zygote  : Process 17775 exited due to signal 9 (Killed)
01-26 05:33:39.515  4191  4191 I WallpaperService: engine resumed
01-26 05:33:39.516  1538  1643 W ActivityManager: Slow operation: 75ms so far, now at startProcess: done updating battery stats
01-26 05:33:39.516  1538  1643 W ActivityManager: Slow operation: 75ms so far, now at startProcess: building log message
01-26 05:33:39.516  1538  1643 I ActivityManager: Start proc 21137:com.android.sdm.plugins.sprintdm/1001 for broadcast {com.android.sdm.plugins.sprintdm/com.android.sdm.plugins.sprintdm.SprintDMReceiver}
01-26 05:33:39.516  1538  1643 W ActivityManager: Slow operation: 75ms so far, now at startProcess: starting to update pids map
01-26 05:33:39.516  1538  1643 W ActivityManager: Slow operation: 75ms so far, now at startProcess: done updating pids map
01-26 05:33:39.519  5125 21128 I ContactsProvider: Locale has changed from [en_US] to [en]
01-26 05:33:39.519   902   902 I sensors-hal: [hal]batch_physical_sensor:301, android.sensor.gyroscope/41, period=20000000, max_latency=0
01-26 05:33:39.519   902   902 I sensors-hal: [hal]batch_physical_sensor:310, android.sensor.gyroscope/41, period=20000000, max_latency=0 request completed
01-26 05:33:39.519  5299  5762 I SP.AiAi : Scheduling: download registered, 1 started, 0 paused, 0 scheduled, 2 pending: manifests:template_table-2-en-21072101 @ {W:b, bg}, manifests:webref-2-en-23072901 @ * {W:b, bg}
01-26 05:33:39.519   902   902 I sensors-hal: [hal]activate_physical_sensor:238, android.sensor.gyroscope/41 en=1
01-26 05:33:39.520   902   902 I sensors-hal: [ssc_utils]get_qmi_debug_flag:244, support_qmi_debug : false
01-26 05:33:39.521 14182 14182 W PhoneWindow: Previously focused view reported id 2131432323 during save, but can't be found during restore.
01-26 05:33:39.523  5299  5694 I SP.AiAi : Requesting download of URL https://gstatic.com/webref-ondevice/aiai/23072901_pir/2/en/superpacks_manifest.zip to webref-2-en-23072901.zip.fetched (constraints: W:b)
01-26 05:33:39.524   902   902 D Diag_Lib:  Diag_LSM_Init: Failed to open handle to diag driver, error = 13
01-26 05:33:39.524   902   902 D Diag_Lib:  Diag_LSM_Init: Failed to open handle to diag driver, error = 13
01-26 05:33:39.524   902   902 I sensors-hal: [ssc_sensor]update_handle:537, handle=331, type=33, wakeup=0, hwid=0, base=331
01-26 05:33:39.524   902   902 I sensors-hal: [ssc_utils]get_qmi_debug_flag:244, support_qmi_debug : false
01-26 05:33:39.526  1538  4070 W InputDispatcher: Attempted to unregister already unregistered input channel 'edge-swipe (server)'
01-26 05:33:39.531   587  1676 I BpBinder: onLastStrongRef automatically unlinking death recipients: <uncached descriptor>
01-26 05:33:39.532  3986  3986 D NavigationModeController: getCurrentInteractionMode: mode=2 contextUser=0
01-26 05:33:39.532 21099 21099 D ExternalStorage: After updating volumes, found 1 active roots
01-26 05:33:39.534  5299 21131 W ogle.android.a: Accessing hidden method Lcom/android/org/conscrypt/ConscryptEngineSocket;->setUseSessionTickets(Z)V (greylist-max-q,core-platform-api, reflection, denied)
01-26 05:33:39.534  5299 21131 W ogle.android.a: Accessing hidden method Lcom/android/org/conscrypt/OpenSSLSocketImpl;->setUseSessionTickets(Z)V (greylist-max-q,core-platform-api, reflection, denied)
01-26 05:33:39.534  5299 21131 W ogle.android.a: Accessing hidden method Lcom/android/org/conscrypt/AbstractConscryptSocket;->setUseSessionTickets(Z)V (greylist-max-q, reflection, denied)
01-26 05:33:39.534  5299 21131 W ogle.android.a: Accessing hidden method Lcom/android/org/conscrypt/ConscryptEngineSocket;->setHostname(Ljava/lang/String;)V (greylist-max-q,core-platform-api, reflection, denied)
01-26 05:33:39.534  5299 21131 W ogle.android.a: Accessing hidden method Lcom/android/org/conscrypt/OpenSSLSocketImpl;->setHostname(Ljava/lang/String;)V (greylist-max-q,core-platform-api, reflection, denied)
01-26 05:33:39.535  5299 21131 W ogle.android.a: Accessing hidden method Lcom/android/org/conscrypt/AbstractConscryptSocket;->setHostname(Ljava/lang/String;)V (greylist-max-q, reflection, denied)
01-26 05:33:39.535  5299 21131 W ogle.android.a: Accessing hidden method Lcom/android/org/conscrypt/OpenSSLSocketImpl;->setAlpnProtocols([B)V (greylist-max-q,core-platform-api, reflection, denied)
01-26 05:33:39.535  5299 21131 W ogle.android.a: Accessing hidden method Lcom/android/org/conscrypt/AbstractConscryptSocket;->setAlpnProtocols([B)V (greylist-max-q, reflection, denied)
01-26 05:33:39.535  4820  4820 I DictionarySuperpacksManager: DictionarySuperpacksManager$1.onEnabledInputMethodEntriesChanged():61 onEnabledInputMethodEntriesChanged
01-26 05:33:39.536  4820  4820 I LstmExtension: LstmExtension.onCreateServiceInternal():143 onCreateServiceInternal()
01-26 05:33:39.537  4820  4820 I LstmTrainingCache: TrainingCache.getCacheConfig():182 getCacheConfig()
01-26 05:33:39.539  5331 15557 W native  : soda_async_impl.cc:769 Deleting soda_impl
01-26 05:33:39.539   902   902 I sensors-hal: [ssc_utils]get_qmi_debug_flag:244, support_qmi_debug : false
01-26 05:33:39.540  1538  1648 I libprocessgroup: Successfully killed process cgroup uid 10181 pid 17775 in 133ms
01-26 05:33:39.540  5331 15557 I A       : SODA uninitialized
01-26 05:33:39.540  1538  1648 I libprocessgroup: Successfully killed process cgroup uid 10184 pid 20028 in 0ms
01-26 05:33:39.541   902 21160 I sensors-hal: [ssc_sensor]ssc_conn_resp_cb:663, resp_value = 0
01-26 05:33:39.546  5125 21128 I ContactsDatabaseHelper: Switching to locale [en] (ICU v66.1.0.0)
01-26 05:33:39.549   902   902 I sensors-hal: [hal]activate_physical_sensor:249, android.sensor.gyroscope/41 en=1 completed
01-26 05:33:39.549  3986  3986 D StatusBar: disable<e i a s b h r c s > disable2<q i n >
01-26 05:33:39.556   902 21163 I sensors-hal: [ssc_sensor]ssc_conn_resp_cb:663, resp_value = 0
01-26 05:33:39.559 21137 21137 D ApplicationLoaders: Returning zygote-cached class loader: /system/framework/android.test.base.jar
01-26 05:33:39.560 13905 13932 I FontLog : (REDACTED) Received query %s, URI %s
01-26 05:33:39.560 13905 13932 I FontLog : (REDACTED) Query [%s] resolved to %s
01-26 05:33:39.562 21137 21137 I lugins.sprintd: The ClassLoaderContext is a special shared library.
01-26 05:33:39.562  3986  3986 D NavigationModeController: getCurrentInteractionMode: mode=2 contextUser=0
01-26 05:33:39.566 13905 13932 I FontLog : (REDACTED) Fetch %s end status %s
01-26 05:33:39.571 21137 21137 I lugins.sprintd: The ClassLoaderContext is a special shared library.
01-26 05:33:39.571  4820  4820 I LstmExtension: LstmExtension.onCreateServiceInternal():150 onCreateServiceInternal(): Finished in 33 ms
01-26 05:33:39.571 21137 21137 D nativeloader: classloader namespace configured for unbundled product apk. library_path=/product/priv-app/SprintDM/lib/arm64:/product/lib64:/system/product/lib64
01-26 05:33:39.571  4820 21129 I ConversationToQueryExtension: ConversationToQueryExtension.onCreate():89 onCreate()
01-26 05:33:39.580  3986  3986 D NavigationModeController: getCurrentUserContext: contextUser=0 currentUser=0
01-26 05:33:39.593 20872 20900 I droid.apps.doc: The ClassLoaderContext is a special shared library.
01-26 05:33:39.595 14182 14218 W ThreadPoolDumper: Queue length for executor EventBus is now 11. Perhaps some tasks are too long, or the pool is too small.
01-26 05:33:39.596  3986  3986 D NavigationModeController: getCurrentInteractionMode: mode=2 contextUser=0
01-26 05:33:39.598  4264  4264 E libprocessgroup: set_timerslack_ns write failed: Operation not permitted
01-26 05:33:39.601 21137 21137 D NetworkSecurityConfig: No Network Security Config specified, using platform default
01-26 05:33:39.602 21137 21137 D NetworkSecurityConfig: No Network Security Config specified, using platform default
01-26 05:33:39.602 13905 13932 I FontLog : (REDACTED) Pulling font file for id = %d, cache size = %d
01-26 05:33:39.606 21137 21137 D SprintDMReceiver: [SUBID-1] Received intent: android.intent.action.LOCALE_CHANGED
01-26 05:33:39.607  4820 21129 I ConversationToQueryClientSingleton: ConversationToQueryClientSingleton.register():101 registering client 'Conv2QueryExtension'
01-26 05:33:39.607  4820 21129 I ConversationToQueryExtension: ConversationToQueryExtension.isEnabled():134 isEnabled() : true
01-26 05:33:39.609 14182 14218 W LocationOracle: No location history returned by ContextManager
01-26 05:33:39.609  3986  3986 D NavigationModeController: getCurrentUserContext: contextUser=0 currentUser=0
01-26 05:33:39.613  5299 21131 W ogle.android.a: Accessing hidden method Lcom/android/org/conscrypt/OpenSSLSocketImpl;->getAlpnSelectedProtocol()[B (greylist-max-q,core-platform-api, reflection, denied)
01-26 05:33:39.613  5299 21131 W ogle.android.a: Accessing hidden method Lcom/android/org/conscrypt/AbstractConscryptSocket;->getAlpnSelectedProtocol()[B (greylist-max-q, reflection, denied)
01-26 05:33:39.619  1538  1630 D CompatibilityChangeReporter: Compat change id reported: 135634846; UID 2000; state: DISABLED
01-26 05:33:39.619  1538  1630 D CompatibilityChangeReporter: Compat change id reported: 135754954; UID 2000; state: ENABLED
01-26 05:33:39.640   869   869 D Zygote  : Forked child process 21168
01-26 05:33:39.643  1538  1538 W NotificationHistory: Attempted to add notif for locked/gone/disabled user 0
01-26 05:33:39.646  1538  3907 D ConnectivityService: NetReassign [no changes]
01-26 05:33:39.648  1538  1538 W NotificationHistory: Attempted to add notif for locked/gone/disabled user 0
01-26 05:33:39.651 13905 20249 I NetworkScheduler.Stats: (REDACTED) Task %s/%s started execution. cause:%s exec_start_elapsed_seconds: %s
01-26 05:33:39.652 14182 14216 W LocationOracle: No location returned by GMS core getLastLocation()
01-26 05:33:39.652 20540 20540 I Finsky  : [2] Received broadcast on system locale change.
01-26 05:33:39.666  5125 21128 I ContactsDatabaseHelper: Locale change completed in 120ms
01-26 05:33:39.666 21168 21168 E m.android.shel: Not starting debugger since process cannot load the jdwp agent.
01-26 05:33:39.666 20540 20563 I Finsky  : [1542] Background transition = LocaleChangeState { uuid = en--93fe9e99-7603-4899-885e-6bf717c57f86, type = 2, error = 0}
01-26 05:33:39.669  1538  1643 W ActivityManager: Slow operation: 52ms so far, now at startProcess: returned from zygote!
01-26 05:33:39.669  1538  5610 W UserManagerService: Cannot retrieve activities for disabled profile -1 from 0
01-26 05:33:39.671  1538  1643 W ActivityManager: Slow operation: 54ms so far, now at startProcess: done updating battery stats
01-26 05:33:39.671  1538  1643 W ActivityManager: Slow operation: 54ms so far, now at startProcess: building log message
01-26 05:33:39.671  1538  1643 I ActivityManager: Start proc 21168:com.android.shell/2000 for content provider {com.android.shell/com.android.shell.BugreportStorageProvider}
01-26 05:33:39.671  1538  1643 W ActivityManager: Slow operation: 54ms so far, now at startProcess: starting to update pids map
01-26 05:33:39.671  1538  5663 W UserManagerService: Cannot retrieve activities for disabled profile -1 from 0
01-26 05:33:39.671 20540 20563 I Finsky  : [1542] Enabling locale changed mode for locale = English
01-26 05:33:39.671  1538  1643 W ActivityManager: Slow operation: 55ms so far, now at startProcess: done updating pids map
01-26 05:33:39.671  5125 21128 I ContactsDatabaseHelper: Switching to locale [en] (ICU v66.1.0.0)
01-26 05:33:39.682 20540 20562 I Finsky  : [1541] SCH: Received scheduling request: Id: 37-3, Constraints: [{ L: 0, D: 0, C: CHARGING_NONE, I: IDLE_NONE, N: NET_NONE, B: BATTERY_ANY }]
01-26 05:33:39.690  4820 21129 I ConversationToQueryExtension: ConversationToQueryExtension.isEnabled():141 isConv2QueryDisabledByChevronUi() : false
01-26 05:33:39.694 14182 14182 I BgTaskExecutorImpl: Starting EXCLUSIVE background task TNG_MINUS_ONE_SYNC.
01-26 05:33:39.696 14182 14182 I BgTaskExecutorImpl: Starting EXCLUSIVE background task TNG_VOICE_SEARCH_SYNC.
01-26 05:33:39.700 13905 15462 I FontLog : (REDACTED) Pulling font file for id = %d, cache size = %d
01-26 05:33:39.702 14182 14218 E MDD     : DownloadProgressMonitor: Can't find file for uri: android://com.google.android.googlequicksearchbox/files/sharedminusonemodule/shared/SharedMinusOneData.pb.tmp
01-26 05:33:39.704 14182 14253 I TngVoiceSearchSync: Syncing TNG:VoiceSearch
01-26 05:33:39.705   911   952 D rlsservice: MonitorDisplayStatus client num 1, display status 1, sensor status 0
01-26 05:33:39.710 21168 21168 I m.android.shel: The ClassLoaderContext is a special shared library.
01-26 05:33:39.713  4820 21129 I ConversationToQueryExtension: ConversationToQueryExtension.updateCandidateProvider():270 Create MagicGCandidateProvider
01-26 05:33:39.722  5125 21128 I ContactsDatabaseHelper: Locale change completed in 50ms
01-26 05:33:39.723 21168 21168 D NetworkSecurityConfig: No Network Security Config specified, using platform default
01-26 05:33:39.723 21168 21168 D NetworkSecurityConfig: No Network Security Config specified, using platform default
01-26 05:33:39.728 13905 20249 I NetworkScheduler.Stats: (REDACTED) Task %s/%s finished executing. cause:%s result: %s elapsed_millis: %s uptime_millis: %s exec_start_elapsed_seconds: %s
01-26 05:33:39.728 20872 21173 E GoogleApiManager: Failed to get service from broker. 
01-26 05:33:39.728 20872 21173 E GoogleApiManager: java.lang.SecurityException: Unknown calling package name 'com.google.android.gms'.
01-26 05:33:39.728 20872 21173 E GoogleApiManager: 	at android.os.Parcel.createExceptionOrNull(Parcel.java:2373)
01-26 05:33:39.728 20872 21173 E GoogleApiManager: 	at android.os.Parcel.createException(Parcel.java:2357)
01-26 05:33:39.728 20872 21173 E GoogleApiManager: 	at android.os.Parcel.readException(Parcel.java:2340)
01-26 05:33:39.728 20872 21173 E GoogleApiManager: 	at android.os.Parcel.readException(Parcel.java:2282)
01-26 05:33:39.728 20872 21173 E GoogleApiManager: 	at baoy.a(:com.google.android.gms@254932022@25.49.32 (150400-843446962):36)
01-26 05:33:39.728 20872 21173 E GoogleApiManager: 	at bamz.z(:com.google.android.gms@254932022@25.49.32 (150400-843446962):150)
01-26 05:33:39.728 20872 21173 E GoogleApiManager: 	at aztc.run(:com.google.android.gms@254932022@25.49.32 (150400-843446962):42)
01-26 05:33:39.728 20872 21173 E GoogleApiManager: 	at android.os.Handler.handleCallback(Handler.java:938)
01-26 05:33:39.728 20872 21173 E GoogleApiManager: 	at android.os.Handler.dispatchMessage(Handler.java:99)
01-26 05:33:39.728 20872 21173 E GoogleApiManager: 	at cmlb.md(:com.google.android.gms@254932022@25.49.32 (150400-843446962):1)
01-26 05:33:39.728 20872 21173 E GoogleApiManager: 	at cmlb.dispatchMessage(:com.google.android.gms@254932022@25.49.32 (150400-843446962):5)
01-26 05:33:39.728 20872 21173 E GoogleApiManager: 	at android.os.Looper.loop(Looper.java:223)
01-26 05:33:39.728 20872 21173 E GoogleApiManager: 	at android.os.HandlerThread.run(HandlerThread.java:67)
01-26 05:33:39.734 20540 20570 I Finsky  : [1548] WM::SCH: Logging work initialize for 37-3
01-26 05:33:39.734 14182 14182 W NowVeViewportMonitor: Attempting to report viewport hidden that is already hidden.
01-26 05:33:39.735 20872 21173 W GoogleApiManager: Not showing notification since connectionResult is not user-facing: ConnectionResult{statusCode=DEVELOPER_ERROR, resolution=null, message=null, clientMethodKey=null}
01-26 05:33:39.739 20872 21170 W FlagRegistrar: Failed to register com.google.android.gms.providerinstaller#com.google.android.apps.docs
01-26 05:33:39.739 20872 21170 W FlagRegistrar: euco: 17: 17: API: Phenotype.API is not available on this device. Connection failed with: ConnectionResult{statusCode=DEVELOPER_ERROR, resolution=null, message=null, clientMethodKey=null}
01-26 05:33:39.739 20872 21170 W FlagRegistrar: 	at eucq.a(:com.google.android.gms@254932022@25.49.32 (150400-843446962):13)
01-26 05:33:39.739 20872 21170 W FlagRegistrar: 	at fpea.d(:com.google.android.gms@254932022@25.49.32 (150400-843446962):3)
01-26 05:33:39.739 20872 21170 W FlagRegistrar: 	at fpec.run(:com.google.android.gms@254932022@25.49.32 (150400-843446962):130)
01-26 05:33:39.739 20872 21170 W FlagRegistrar: 	at fpgj.execute(:com.google.android.gms@254932022@25.49.32 (150400-843446962):1)
01-26 05:33:39.739 20872 21170 W FlagRegistrar: 	at fpek.f(:com.google.android.gms@254932022@25.49.32 (150400-843446962):1)
01-26 05:33:39.739 20872 21170 W FlagRegistrar: 	at fpek.m(:com.google.android.gms@254932022@25.49.32 (150400-843446962):99)
01-26 05:33:39.739 20872 21170 W FlagRegistrar: 	at fpek.r(:com.google.android.gms@254932022@25.49.32 (150400-843446962):17)
01-26 05:33:39.739 20872 21170 W FlagRegistrar: 	at emza.hz(:com.google.android.gms@254932022@25.49.32 (150400-843446962):35)
01-26 05:33:39.739 20872 21170 W FlagRegistrar: 	at ecoq.run(:com.google.android.gms@254932022@25.49.32 (150400-843446962):12)
01-26 05:33:39.739 20872 21170 W FlagRegistrar: 	at fpgj.execute(:com.google.android.gms@254932022@25.49.32 (150400-843446962):1)
01-26 05:33:39.739 20872 21170 W FlagRegistrar: 	at ecor.b(:com.google.android.gms@254932022@25.49.32 (150400-843446962):18)
01-26 05:33:39.739 20872 21170 W FlagRegistrar: 	at ecpg.b(:com.google.android.gms@254932022@25.49.32 (150400-843446962):34)
01-26 05:33:39.739 20872 21170 W FlagRegistrar: 	at ecpi.d(:com.google.android.gms@254932022@25.49.32 (150400-843446962):25)
01-26 05:33:39.739 20872 21170 W FlagRegistrar: 	at azql.c(:com.google.android.gms@254932022@25.49.32 (150400-843446962):9)
01-26 05:33:39.739 20872 21170 W FlagRegistrar: 	at azta.q(:com.google.android.gms@254932022@25.49.32 (150400-843446962):48)
01-26 05:33:39.739 20872 21170 W FlagRegistrar: 	at azta.d(:com.google.android.gms@254932022@25.49.32 (150400-843446962):10)
01-26 05:33:39.739 20872 21170 W FlagRegistrar: 	at azta.g(:com.google.android.gms@254932022@25.49.32 (150400-843446962):191)
01-26 05:33:39.739 20872 21170 W FlagRegistrar: 	at azta.onConnectionFailed(:com.google.android.gms@254932022@25.49.32 (150400-843446962):2)
01-26 05:33:39.739 20872 21170 W FlagRegistrar: 	at aztc.run(:com.google.android.gms@254932022@25.49.32 (150400-843446962):70)
01-26 05:33:39.739 20872 21170 W FlagRegistrar: 	at android.os.Handler.handleCallback(Handler.java:938)
01-26 05:33:39.739 20872 21170 W FlagRegistrar: 	at android.os.Handler.dispatchMessage(Handler.java:99)
01-26 05:33:39.739 20872 21170 W FlagRegistrar: 	at cmlb.md(:com.google.android.gms@254932022@25.49.32 (150400-843446962):1)
01-26 05:33:39.739 20872 21170 W FlagRegistrar: 	at cmlb.dispatchMessage(:com.google.android.gms@254932022@25.49.32 (150400-843446962):5)
01-26 05:33:39.739 20872 21170 W FlagRegistrar: 	at android.os.Looper.loop(Looper.java:223)
01-26 05:33:39.739 20872 21170 W FlagRegistrar: 	at android.os.HandlerThread.run(HandlerThread.java:67)
01-26 05:33:39.739 20872 21170 W FlagRegistrar: Caused by: azos: 17: API: Phenotype.API is not available on this device. Connection failed with: ConnectionResult{statusCode=DEVELOPER_ERROR, resolution=null, message=null, clientMethodKey=null}
01-26 05:33:39.739 20872 21170 W FlagRegistrar: 	at baml.a(:com.google.android.gms@254932022@25.49.32 (150400-843446962):15)
01-26 05:33:39.739 20872 21170 W FlagRegistrar: 	at azqo.a(:com.google.android.gms@254932022@25.49.32 (150400-843446962):1)
01-26 05:33:39.739 20872 21170 W FlagRegistrar: 	at azql.c(:com.google.android.gms@254932022@25.49.32 (150400-843446962):5)
01-26 05:33:39.739 20872 21170 W FlagRegistrar: 	... 11 more
01-26 05:33:39.739 14182 14253 I TngMinusOneSync: Syncing TNG:-1
01-26 05:33:39.743  5125 21128 I ContactsFTS: Rebuild contact search index in 15ms, 0 contacts
01-26 05:33:39.750  5299 21131 W ogle.android.a: Accessing hidden method Lcom/android/org/conscrypt/ConscryptEngineSocket;->setUseSessionTickets(Z)V (greylist-max-q,core-platform-api, reflection, denied)
01-26 05:33:39.750  5299 21131 W ogle.android.a: Accessing hidden method Lcom/android/org/conscrypt/OpenSSLSocketImpl;->setUseSessionTickets(Z)V (greylist-max-q,core-platform-api, reflection, denied)
01-26 05:33:39.750  5299 21131 W ogle.android.a: Accessing hidden method Lcom/android/org/conscrypt/AbstractConscryptSocket;->setUseSessionTickets(Z)V (greylist-max-q, reflection, denied)
01-26 05:33:39.750  5299 21131 W ogle.android.a: Accessing hidden method Lcom/android/org/conscrypt/ConscryptEngineSocket;->setHostname(Ljava/lang/String;)V (greylist-max-q,core-platform-api, reflection, denied)
01-26 05:33:39.750  5299 21131 W ogle.android.a: Accessing hidden method Lcom/android/org/conscrypt/OpenSSLSocketImpl;->setHostname(Ljava/lang/String;)V (greylist-max-q,core-platform-api, reflection, denied)
01-26 05:33:39.750  5299 21131 W ogle.android.a: Accessing hidden method Lcom/android/org/conscrypt/AbstractConscryptSocket;->setHostname(Ljava/lang/String;)V (greylist-max-q, reflection, denied)
01-26 05:33:39.750  5299 21131 W ogle.android.a: Accessing hidden method Lcom/android/org/conscrypt/OpenSSLSocketImpl;->setAlpnProtocols([B)V (greylist-max-q,core-platform-api, reflection, denied)
01-26 05:33:39.751  5299 21131 W ogle.android.a: Accessing hidden method Lcom/android/org/conscrypt/AbstractConscryptSocket;->setAlpnProtocols([B)V (greylist-max-q, reflection, denied)
01-26 05:33:39.756 20540 20596 I Finsky  : [1564] SCH: Scheduling phonesky job Id: 37-3, CT: 1769434419682, Constraints: [{ L: 0, D: 0, C: CHARGING_NONE, I: IDLE_NONE, N: NET_NONE, B: BATTERY_ANY }, { L: 0, D: 0, C: CHARGING_NONE, I: IDLE_NONE, N: NET_NONE, B: BATTERY_ANY }]
01-26 05:33:39.763 20872 20900 V NativeCrypto: Registering com/google/android/gms/org/conscrypt/NativeCrypto's 329 native methods...
01-26 05:33:39.769 20540 20594 I Finsky  : [1561] SCH: Scheduling 1 system job(s)
01-26 05:33:39.772 20540 20594 I Finsky  : [1561] SCH: Scheduling system job Id: 9138, L: 0, D: 0, C: false, I: false, N: 0
01-26 05:33:39.776  4820 21129 I ConversationToQueryExtension: ConversationToQueryExtension.onCreate():128 onCreate() : Finished in 204 ms
01-26 05:33:39.776  4820 21129 I ExpressiveConceptsPredictionModuleImpl: ExpressiveConceptsPredictionModuleImpl.onCreate():32 onCreate()
01-26 05:33:39.784  4820 21129 I ExpressiveConceptsPredictionModuleImpl: ExpressiveConceptsPredictionModuleImpl.onCreate():51 Syncing expressive concept model.
01-26 05:33:39.784  4820  5656 I SP      : Registering expressive_concepts.2020031023, url: https://www.gstatic.com/android/keyboard/modelpack/expressive_concepts/2020031023/superpacks_manifest.json, constraints: *:*, flags: *, requested: 2020031023, current: -1
01-26 05:33:39.789  3986  3986 I Choreographer: Skipped 55 frames!  The application may be doing too much work on its main thread.
01-26 05:33:39.790 21202 21204 I cmd     : oneway function results will be dropped but finished with status OK and parcel size 4
01-26 05:33:39.791  4820  5656 I SP      : Requesting download of URL https://www.gstatic.com/android/keyboard/modelpack/expressive_concepts/2020031023/superpacks_manifest.json to expressive_concepts-2020031023.fetched (constraints: m:b)
01-26 05:33:39.796 19661 19661 D BoundBrokerSvc: onBind: Intent { act=com.google.android.gms.semanticlocationhistory.settings.SettingsSyncOneOffService.ACTION_TASK_READY dat=chimera-action: cmp=com.google.android.gms/.chimera.GmsInternalBoundBrokerService }
01-26 05:33:39.796 19661 19661 D BoundBrokerSvc: Loading bound service for intent: Intent { act=com.google.android.gms.semanticlocationhistory.settings.SettingsSyncOneOffService.ACTION_TASK_READY dat=chimera-action: cmp=com.google.android.gms/.chimera.GmsInternalBoundBrokerService }
01-26 05:33:39.803  5299 21131 W ogle.android.a: Accessing hidden method Lcom/android/org/conscrypt/OpenSSLSocketImpl;->getAlpnSelectedProtocol()[B (greylist-max-q,core-platform-api, reflection, denied)
01-26 05:33:39.803  5299 21131 W ogle.android.a: Accessing hidden method Lcom/android/org/conscrypt/AbstractConscryptSocket;->getAlpnSelectedProtocol()[B (greylist-max-q, reflection, denied)
01-26 05:33:39.806 20540 20564 I Finsky  : [1543] RECEIVER_LOCALE_CHANGED#logWorkEndAndFinishGoAsync: SUCCESS
01-26 05:33:39.807 20820 21010 I ProvidersCache: Provider returned no roots. Possibly naughty: com.google.android.apps.docs.storage
01-26 05:33:39.808 13905 20843 I NetworkScheduler.Stats: (REDACTED) Task %s/%s started execution. cause:%s exec_start_elapsed_seconds: %s
01-26 05:33:39.809  1538  4070 D CompatibilityChangeReporter: Compat change id reported: 135634846; UID 10192; state: DISABLED
01-26 05:33:39.809  1538  4070 D CompatibilityChangeReporter: Compat change id reported: 135754954; UID 10192; state: ENABLED
01-26 05:33:39.809  1538  1643 D CompatibilityChangeReporter: Compat change id reported: 143937733; UID 10192; state: ENABLED
01-26 05:33:39.824   869   869 D Zygote  : Forked child process 21210
01-26 05:33:39.826 20872 20900 I ProviderInstaller: Installed default security provider GmsCore_OpenSSL
01-26 05:33:39.828  3986  3986 W View    : requestLayout() improperly called by com.android.keyguard.AlphaOptimizedLinearLayout{c3863b7 V.E...... ......ID 7,0-48,61 #7f0a0522 app:id/wifi_group} during layout: running second layout pass
01-26 05:33:39.834 20540 20540 I Finsky  : [2] SCH: job service start with id 9138.
01-26 05:33:39.844 14182 14182 D m       : setAvailableAccounts() 0 -> 0.
01-26 05:33:39.844 14182 14182 D m       : availableAccounts hasn't changed, returning.
01-26 05:33:39.844 14182 14182 D m       : modelLoaded
01-26 05:33:39.844 13905 13905 D BoundBrokerSvc: onRebind: Intent { act=com.google.android.gms.auth.aang.events.services.START dat=chimera-action: cmp=com.google.android.gms/.chimera.PersistentApiService }
01-26 05:33:39.847  1538  1643 I ActivityManager: Start proc 21210:com.android.vending:instant_app_installer/u0a192 for broadcast {com.android.vending/com.google.android.finsky.instantapps.InstantAppsConfigChangeListener}
01-26 05:33:39.859  3986  3986 W View    : requestLayout() improperly called by com.android.keyguard.AlphaOptimizedLinearLayout{53b0b25 V.E...... ......ID 7,0-48,61 #7f0a0522 app:id/wifi_group} during layout: running second layout pass
01-26 05:33:39.864  5299  5694 I SP.AiAi : Download stopped: manifests:template_table-2-en-21072101, succeeded, size: 339
01-26 05:33:39.870 19661 19702 I LocationHistory: [SettingsSyncOneOffTask] Synced ODLH settings for all accounts. [CONTEXT service_id=314 ]
01-26 05:33:39.879 13905 20249 I NetworkScheduler.Stats: (REDACTED) Task %s/%s finished executing. cause:%s result: %s elapsed_millis: %s uptime_millis: %s exec_start_elapsed_seconds: %s
01-26 05:33:39.885  5299  5694 I SP.AiAi : Scheduling: download stopped, 0 started, 0 paused, 0 scheduled, 1 pending: manifests:webref-2-en-23072901 @ {W:b, bg}
01-26 05:33:39.886 21210 21210 E t_app_installe: Not starting debugger since process cannot load the jdwp agent.
01-26 05:33:39.892  1538  1635 I WindowManager: Screen frozen for +776ms due to Window{42bb42e u0 StatusBar}
01-26 05:33:39.896 20540 20660 I Finsky  : [1595] SCH: Satisfied jobs for 9138 are: 37-3
01-26 05:33:39.899 20540 20744 I Finsky  : [1617] SCH: Job 37-3 starting
01-26 05:33:39.901 20540 20540 I Finsky  : [2] WM::SCH: Logging work start for 37-3
01-26 05:33:39.903 20540 20540 I Finsky  : [2] Running LanguageSplitInstallEventJob.
01-26 05:33:39.904 20540 20563 I Finsky  : [1542] Background transition = LocaleChangeState { uuid = en--93fe9e99-7603-4899-885e-6bf717c57f86, type = 2, error = 0}
01-26 05:33:39.904  5331  5331 I A       : eventData = # com.google.android.apps.gsa.search.shared.service.b.uv@3bd9124
01-26 05:33:39.904  5331  5331 I A       : [255935327] {
01-26 05:33:39.904  5331  5331 I A       : }
01-26 05:33:39.904 20540 20563 I Finsky  : [1542] Enabling locale changed mode for locale = English
01-26 05:33:39.905  1538  1635 W ImageReader_JNI: Unable to acquire a buffer item, very likely client tried to acquire more than maxImages buffers
01-26 05:33:39.912 20540 20540 I Finsky  : [2] Checking for new language splits.
01-26 05:33:39.913 20540 20540 I Finsky  : [2] Updating language store, changed to [en]
01-26 05:33:39.915 19661 19661 D BoundBrokerSvc: onUnbind: Intent { act=com.google.android.gms.semanticlocationhistory.settings.SettingsSyncOneOffService.ACTION_TASK_READY dat=chimera-action: cmp=com.google.android.gms/.chimera.GmsInternalBoundBrokerService }
01-26 05:33:39.919 21240 21242 I cmd     : oneway function results will be dropped but finished with status OK and parcel size 4
01-26 05:33:39.921 13905 13905 D BoundBrokerSvc: onUnbind: Intent { act=com.google.android.gms.common.telemetry.service.START dat=chimera-action: cmp=com.google.android.gms/.chimera.PersistentApiService }
01-26 05:33:39.923 13905 20249 I NetworkScheduler.Stats: (REDACTED) Task %s/%s started execution. cause:%s exec_start_elapsed_seconds: %s
01-26 05:33:39.928  3986  3986 D TileServices: Couldn't find tile for ComponentInfo{com.google.android.gms/com.google.android.gms.nearby.sharing.SharingTileService}
01-26 05:33:39.938  1538  1538 W ServiceConnector.Impl: mayInterruptIfRunning not supported - ignoring
01-26 05:33:39.937  5299  5761 I AiAiAutofill: Disconnected AiAiAugmentedAutofillService.
01-26 05:33:39.941 19661 19686 I ChimeraConfigurator: Starting update, reason: 1 urgentFeatures: 
01-26 05:33:39.942  5299  5762 I SP.AiAi : Successfully got manifest for template_table-2-en-manifest: manifests:template_table-2-en-21072101
01-26 05:33:39.950  5299  5761 W AiAiAutofill: Failed to set whitelist for augmented autofill service.
01-26 05:33:39.950  5299  5761 W AiAiAutofill: java.lang.SecurityException: caller is not user's Augmented Autofill Service
01-26 05:33:39.950  5299  5761 W AiAiAutofill: 	at android.view.autofill.AutofillManager.setAugmentedAutofillWhitelist(AutofillManager.java:2074)
01-26 05:33:39.950  5299  5761 W AiAiAutofill: 	at boz.a(PG:10)
01-26 05:33:39.950  5299  5761 W AiAiAutofill: 	at bpv.c(PG:6)
01-26 05:33:39.950  5299  5761 W AiAiAutofill: 	at bpv.d(Unknown Source:3)
01-26 05:33:39.950  5299  5761 W AiAiAutofill: 	at bpv.a(PG:53)
01-26 05:33:39.950  5299  5761 W AiAiAutofill: 	at bpa.a(PG:64)
01-26 05:33:39.950  5299  5761 W AiAiAutofill: 	at bij.run(Unknown Source:12)
01-26 05:33:39.950  5299  5761 W AiAiAutofill: 	at csp.run(Unknown Source:6)
01-26 05:33:39.950  5299  5761 W AiAiAutofill: 	at java.util.concurrent.Executors$RunnableAdapter.call(Executors.java:462)
01-26 05:33:39.950  5299  5761 W AiAiAutofill: 	at java.util.concurrent.FutureTask.run(FutureTask.java:266)
01-26 05:33:39.950  5299  5761 W AiAiAutofill: 	at java.util.concurrent.ScheduledThreadPoolExecutor$ScheduledFutureTask.run(ScheduledThreadPoolExecutor.java:301)
01-26 05:33:39.950  5299  5761 W AiAiAutofill: 	at java.util.concurrent.ThreadPoolExecutor.runWorker(ThreadPoolExecutor.java:1167)
01-26 05:33:39.950  5299  5761 W AiAiAutofill: 	at java.util.concurrent.ThreadPoolExecutor$Worker.run(ThreadPoolExecutor.java:641)
01-26 05:33:39.950  5299  5761 W AiAiAutofill: 	at ctg.run(Unknown Source:144)
01-26 05:33:39.950  5299  5761 W AiAiAutofill: 	at java.lang.Thread.run(Thread.java:923)
01-26 05:33:39.950  5299  5761 I AiAiAutofill: Connected AiAiAugmentedAutofillService.
01-26 05:33:39.954 21210 21210 I t_app_installe: The ClassLoaderContext is a special shared library.
01-26 05:33:39.954  5299  5762 I SP.AiAi : Syncing template_table-2-en (21072101) with slices: [template_table_main_239883392619e66b4d5563317740d841], metadata: false
01-26 05:33:39.958  4820  5656 I SP      : Successfully got manifest for expressive_concepts-manifest: manifests:expressive_concepts-2020031023
01-26 05:33:39.976 20540 20570 I Finsky  : [1548] Existing languages: []
01-26 05:33:39.977  1538  1667 V DisplayPowerController: Brightness [0.035433073] reason changing to: 'manual', previous reason: 'manual [ dim ]'.
01-26 05:33:39.981 21210 21210 D NetworkSecurityConfig: No Network Security Config specified, using platform default
01-26 05:33:39.981 21210 21210 D NetworkSecurityConfig: No Network Security Config specified, using platform default
01-26 05:33:39.985  4820  5656 I LocaleSlicingStrategy: LocaleSlicingStrategy.getSlices():53 Found queries pack for locale: en
01-26 05:33:39.987  4820  5656 I SP      : Syncing expressive_concepts (2020031023) with slices: [2020031023_en], metadata: false
01-26 05:33:39.991 20540 20574 I Finsky  : [1552] Language change to [en], of which [en] are new, removed [].
01-26 05:33:39.991 20540 20574 I Finsky  : [1552] Language store updated - wasNewLanguageAdded=true
01-26 05:33:39.993 20540 20595 I Finsky  : [1563] Checking for language splits...
01-26 05:33:39.994 20540 20595 I Finsky  : [1563] PSR: Package cache is empty, setup cache.
01-26 05:33:40.000 21210 21210 I Finsky:instant_app_inst: [2] Process created at version: 49.7.20-23 [0] [PR] 854325918
01-26 05:33:40.001 21244 21244 D AndroidRuntime: >>>>>> START com.android.internal.os.RuntimeInit uid 2000 <<<<<<
01-26 05:33:40.002 21244 21244 W app_process: type=1400 audit(0.0:553): avc: denied { read } for name="u:object_r:device_config_runtime_native_boot_prop:s0" dev="tmpfs" ino=8933 scontext=u:r:shell:s0 tcontext=u:object_r:device_config_runtime_native_boot_prop:s0 tclass=file permissive=0 b/175106535
01-26 05:33:40.003 21244 21244 E libc    : Access denied finding property "persist.device_config.runtime_native_boot.profilebootclasspath"
01-26 05:33:40.003 21244 21244 E libc    : Access denied finding property "persist.device_config.runtime_native_boot.enable_apex_image"
01-26 05:33:40.003 21244 21244 I AndroidRuntime: Using default boot image
01-26 05:33:40.003 21244 21244 E libc    : Access denied finding property "persist.device_config.runtime_native_boot.disable_lock_profiling"
01-26 05:33:40.003 21244 21244 I AndroidRuntime: Leaving lock profiling enabled
01-26 05:33:40.004 21244 21244 E libc    : Access denied finding property "persist.device_config.runtime_native_boot.enable_generational_cc"
01-26 05:33:40.002 21244 21244 W app_process: type=1400 audit(0.0:554): avc: denied { read } for name="u:object_r:device_config_runtime_native_boot_prop:s0" dev="tmpfs" ino=8933 scontext=u:r:shell:s0 tcontext=u:object_r:device_config_runtime_native_boot_prop:s0 tclass=file permissive=0 b/175106535
01-26 05:33:40.010 19661 19686 E NativeHotLoader: Failed to hotload library '/data/app/~~fGpOLMLfWBlzfPOnjFtKvQ==/com.google.android.gms-JMcT2weoAFIxoqFP-nGFKA==/base.apk!/lib/arm64-v8a/libgmscore.so'. [CONTEXT service_id=447 ]
01-26 05:33:40.018  5299  5762 I SP.AiAi : Scheduling: download registered, 1 started, 0 paused, 0 scheduled, 2 pending: manifests:webref-2-en-23072901 @ {W:b, bg}, template_table-2-en:template_table_main_239883392619e66b4d5563317740d841 @ * {W:b, bg}
01-26 05:33:40.025 19661 19686 W GmsCorePageSize: Unable to load and call the method from the native lib gmscore
01-26 05:33:40.025 19661 19686 W GmsCorePageSize: java.lang.UnsatisfiedLinkError: Failed to load native library: gmscore
01-26 05:33:40.025 19661 19686 W GmsCorePageSize: 	at com.google.android.gms.common.nativeloader.NativeHotLoader.loadLibraryOrThrow(:com.google.android.gms@254932022@25.49.32 (150400-843446962):20)
01-26 05:33:40.025 19661 19686 W GmsCorePageSize: 	at com.google.android.gms.libs.platform.PageSize.a(:com.google.android.gms@254932022@25.49.32 (150400-843446962):31)
01-26 05:33:40.025 19661 19686 W GmsCorePageSize: 	at awlc.f(:com.google.android.gms@254932022@25.49.32 (150400-843446962):118)
01-26 05:33:40.025 19661 19686 W GmsCorePageSize: 	at awip.i(:com.google.android.gms@254932022@25.49.32 (150400-843446962):163)
01-26 05:33:40.025 19661 19686 W GmsCorePageSize: 	at com.google.android.gms.chimera.container.ConfigChimeraService.a(:com.google.android.gms@254932022@25.49.32 (150400-843446962):74)
01-26 05:33:40.025 19661 19686 W GmsCorePageSize: 	at cmna.call(:com.google.android.gms@254932022@25.49.32 (150400-843446962):30)
01-26 05:33:40.025 19661 19686 W GmsCorePageSize: 	at java.util.concurrent.FutureTask.run(FutureTask.java:266)
01-26 05:33:40.025 19661 19686 W GmsCorePageSize: 	at bbip.c(:com.google.android.gms@254932022@25.49.32 (150400-843446962):50)
01-26 05:33:40.025 19661 19686 W GmsCorePageSize: 	at bbip.run(:com.google.android.gms@254932022@25.49.32 (150400-843446962):73)
01-26 05:33:40.025 19661 19686 W GmsCorePageSize: 	at java.util.concurrent.ThreadPoolExecutor.runWorker(ThreadPoolExecutor.java:1167)
01-26 05:33:40.025 19661 19686 W GmsCorePageSize: 	at java.util.concurrent.ThreadPoolExecutor$Worker.run(ThreadPoolExecutor.java:641)
01-26 05:33:40.025 19661 19686 W GmsCorePageSize: 	at bbog.run(:com.google.android.gms@254932022@25.49.32 (150400-843446962):8)
01-26 05:33:40.025 19661 19686 W GmsCorePageSize: 	at java.lang.Thread.run(Thread.java:923)
01-26 05:33:40.025 19661 19686 W ModuleSetMgr: calling system page size method returned -1!
01-26 05:33:40.027 19661 19686 W FeatureMgr: Attempted to request and unrequest the same feature: spoon_pc. Ignoring unrequest.
01-26 05:33:40.027 19661 19686 W FeatureMgr: Attempted to request and unrequest the same feature: appsearch_impl. Ignoring unrequest.
01-26 05:33:40.032  4820  5656 I SP      : Scheduling job with delay of 0s for {W:b, bg}, 1 candidates
01-26 05:33:40.038  5299 11645 E hsi     : Non-success http response code 404 for: https://gstatic.com/webref-ondevice/aiai/23072901_pir/2/en/superpacks_manifest.zip
01-26 05:33:40.048  5299  5694 I SP.AiAi : Requesting download of URL https://gstatic.com/matchmaker/template_table/21072101/2/en/template_table_main_239883392619e66b4d5563317740d841.zip to template_table_main_239883392619e66b4d5563317740d841.zip.fetched (constraints: W:b)
01-26 05:33:40.050  4820  4820 I SpBackgroundTask: SuperpacksBackgroundJobService.onStartJob():23 onStartJob: android.app.job.JobParameters@73906f1
01-26 05:33:40.051  4820  4820 I SP      : ====> Starting job {W:b, bg}
01-26 05:33:40.055  5299  5694 W SP.AiAi : Error downloading: manifests:webref-2-en-23072901
