00-00 00:00:00.000     0     0 ? (none)  : --------- beginning of main
01-26 05:33:38.155 20953 20955 I cmd     : oneway function results will be dropped but finished with status OK and parcel size 4
01-26 05:33:38.313 20963 20963 I abb     : StartCommandInProcess(73657474696e67730067657400676c6f settings.get.glo [truncated])
01-26 05:33:38.316  1538  1538 W Binder:1538_15: type=1400 audit(0.0:540): avc: denied { getopt } for scontext=u:r:system_server:s0 tcontext=u:r:shell:s0 tclass=unix_stream_socket permissive=0
01-26 05:33:38.316  1538  1538 I chatty  : uid=1000(system) Binder:1538_3 identical 1 line
01-26 05:33:38.316  1538  1538 W Binder:1538_15: type=1400 audit(0.0:542): avc: denied { getopt } for scontext=u:r:system_server:s0 tcontext=u:r:shell:s0 tclass=unix_stream_socket permissive=0
01-26 05:33:38.318 20963 20969 I abb     : oneway function results will be dropped but finished with status OK and parcel size 4
01-26 05:33:38.319 20963 20963 I abb     : StartCommandInProcess(7061636b61676500696e7374616c6c00 package.install. [truncated])
01-26 05:33:38.382  1538  1538 W Binder:1538_15: type=1400 audit(0.0:543): avc: denied { getopt } for scontext=u:r:system_server:s0 tcontext=u:r:shell:s0 tclass=unix_stream_socket permissive=0
00-00 00:00:00.000     0     0 ? (none)  : --------- beginning of system
01-26 05:33:38.427  1538  3251 W RuleEvaluation: Integrity rule files are not available.
01-26 05:33:38.428  1538  1679 I PackageManager: Integrity check passed for file:///data/app/vmdl683318310.tmp
01-26 05:33:38.438  1538  1679 D CompatibilityChangeReporter: Compat change id reported: 135549675; UID 10272; state: ENABLED
01-26 05:33:38.463 20699 20726 I droid.apps.map: Waiting for a blocking GC ProfileSaver
01-26 05:33:38.483 20699 20726 I droid.apps.map: WaitForGcToComplete blocked ProfileSaver on ClassLinker for 19.877ms
01-26 05:33:38.493 20699 20713 I droid.apps.map: WaitForGcToComplete blocked RunEmptyCheckpoint on ProfileSaver for 9.994ms
01-26 05:33:38.521  1538  1679 W PackageManager: User 0 is not ready. Restore at install didn't take place.
01-26 05:33:38.526  1062  3059 E installd: Couldn't opendir /data/app/vmdl683318310.tmp: No such file or directory
01-26 05:33:38.526  1062  3059 E installd: Failed to delete /data/app/vmdl683318310.tmp: No such file or directory
01-26 05:33:38.526  1538  1538 W Binder:1538_15: type=1400 audit(0.0:544): avc: denied { getopt } for scontext=u:r:system_server:s0 tcontext=u:r:shell:s0 tclass=unix_stream_socket permissive=0
01-26 05:33:38.528 20963 20969 I abb     : oneway function results will be dropped but finished with status OK and parcel size 4
01-26 05:33:38.533  5277  5277 I MediaProvider: Invalidating LocalCallingIdentity cache for package com.google.testing.helium.utp.android.companion.instrumentations.locale. Reason: package android.intent.action.PACKAGE_ADDED
01-26 05:33:38.542  1538  1631 I RoleManagerService: Granting default roles...
01-26 05:33:38.544  1538  3242 I InputReader: Reconfiguring input devices, changes=KEYBOARD_LAYOUTS | 
01-26 05:33:38.548  5331  5331 I GsaVoiceInteractionSrv: O received Intent { act=android.intent.action.PACKAGE_ADDED dat=package:com.google.testing.helium.utp.android.companion.instrumentations.locale flg=0x4000010 (has extras) }
01-26 05:33:38.550  3963  3963 V AvrcpMediaPlayerList: mPackageChangedBroadcastReceiver: action: android.intent.action.PACKAGE_ADDED
01-26 05:33:38.550  3963  3963 D AvrcpMediaPlayerList: Name of package changed: com.google.testing.helium.utp.android.companion.instrumentations.locale
01-26 05:33:38.559 15371 15371 I Finsky:background: [2] ahoq - Received: android.intent.action.PACKAGE_ADDED, [p96ijs_D_wMlU6vwB82HkMOUnY1mjoEL-op4Avju01k]
01-26 05:33:38.563   956  3919 D AF::TrackHandle: OpPlayAudio: track:55 usage:3 not muted
01-26 05:33:38.563   956  5417 D AF::TrackHandle: OpPlayAudio: track:55 usage:3 not muted
01-26 05:33:38.563 20540 20540 I Finsky  : [2] ahpb - Received: android.intent.action.PACKAGE_ADDED, [p96ijs_D_wMlU6vwB82HkMOUnY1mjoEL-op4Avju01k]
01-26 05:33:38.566   956  5417 D AF::TrackHandle: OpPlayAudio: track:55 usage:3 not muted
01-26 05:33:38.566  1538  5611 W BroadcastQueue: Background execution not allowed: receiving Intent { act=android.intent.action.PACKAGE_ADDED dat=package:com.google.testing.helium.utp.android.companion.instrumentations.locale flg=0x4000010 (has extras) } to com.google.android.packageinstaller/com.android.packageinstaller.PackageInstalledReceiver
01-26 05:33:38.571  1538  1538 I Telecom : DefaultDialerCache: Refreshing default dialer for user 0: now com.google.android.dialer: DDC.oR@Asc
01-26 05:33:38.566   956  5417 I chatty  : uid=1041(audioserver) Binder:956_5 identical 1 line
01-26 05:33:38.566   956  5417 D AF::TrackHandle: OpPlayAudio: track:55 usage:3 not muted
01-26 05:33:38.574  5385  5385 D RegisteredNfcFServicesCache: Service unchanged, not updating
01-26 05:33:38.581 20977 20979 I cmd     : oneway function results will be dropped but finished with status OK and parcel size 4
01-26 05:33:38.582  4493  4493 E PhoneInterfaceManager: [PhoneIntfMgr] getCarrierPackageNamesForIntentAndPhone: No UICC
01-26 05:33:38.582  4493  4493 D CarrierSvcBindHelper: No carrier app for: 0
01-26 05:33:38.591  1538  1642 W BroadcastQueue: Background execution not allowed: receiving Intent { act=android.intent.action.PACKAGE_ADDED dat=package:com.google.testing.helium.utp.android.companion.instrumentations.locale flg=0x4000010 (has extras) } to com.android.vending/com.google.android.finsky.packagemonitor.impl.PackageMonitorReceiverImpl$RegisteredReceiver
01-26 05:33:38.591  1538  1642 W BroadcastQueue: Background execution not allowed: receiving Intent { act=android.intent.action.PACKAGE_ADDED dat=package:com.google.testing.helium.utp.android.companion.instrumentations.locale flg=0x4000010 (has extras) } to com.android.vending/com.google.android.finsky.packagemonitor.backgroundimpl.BackgroundPackageMonitorReceiverImpl$RegisteredReceiver
01-26 05:33:38.594  1538  1642 W BroadcastQueue: Background execution not allowed: receiving Intent { act=android.intent.action.PACKAGE_ADDED dat=package:com.google.testing.helium.utp.android.companion.instrumentations.locale flg=0x4000010 (has extras) } to com.google.android.gms/.chimera.GmsIntentOperationService$PersistentTrustedReceiver
01-26 05:33:38.595  1538  1642 W BroadcastQueue: Background execution not allowed: receiving Intent { act=android.intent.action.PACKAGE_ADDED dat=package:com.google.testing.helium.utp.android.companion.instrumentations.locale flg=0x4000010 (has extras) } to com.google.android.gms/.gass.chimera.PackageChangeBroadcastReceiver
01-26 05:33:38.595  1538  1642 W BroadcastQueue: Background execution not allowed: receiving Intent { act=android.intent.action.PACKAGE_ADDED dat=package:com.google.testing.helium.utp.android.companion.instrumentations.locale flg=0x4000010 (has extras) } to com.google.android.googlequicksearchbox/com.google.android.apps.gsa.googlequicksearchbox.GelStubAppWatcher
01-26 05:33:38.595  1538  1642 W BroadcastQueue: Background execution not allowed: receiving Intent { act=android.intent.action.PACKAGE_ADDED dat=package:com.google.testing.helium.utp.android.companion.instrumentations.locale flg=0x4000010 (has extras) } to com.google.android.ims/.receivers.RcsAutoStartReceiver
01-26 05:33:38.599  1538  1642 D CompatibilityChangeReporter: Compat change id reported: 135634846; UID 10119; state: DISABLED
01-26 05:33:38.599  1538  1642 D CompatibilityChangeReporter: Compat change id reported: 135754954; UID 10119; state: ENABLED
01-26 05:33:38.600  1538  1643 D CompatibilityChangeReporter: Compat change id reported: 143937733; UID 10119; state: ENABLED
01-26 05:33:38.605   869   869 D Zygote  : Forked child process 20984
01-26 05:33:38.607 20540 20660 I Finsky  : [1595] [ContentSync] finished, scheduled=false
01-26 05:33:38.613 15371 20444 I Finsky:background: [1175] Wrote row to frosting DB: 374
01-26 05:33:38.615  1538  1643 I ActivityManager: Start proc 20984:com.google.android.packageinstaller/u0a119 for broadcast {com.google.android.packageinstaller/com.android.packageinstaller.PackageInstalledReceiver}
01-26 05:33:38.620 15371 20444 I Finsky:background: [1175] Wrote row to frosting DB: 375
01-26 05:33:38.623  3963  3963 V AvrcpMediaPlayerList: mPackageChangedBroadcastReceiver: action: android.intent.action.PACKAGE_CHANGED
01-26 05:33:38.623  3963  3963 D AvrcpMediaPlayerList: Name of package changed: com.google.testing.helium.utp.android.companion.instrumentations.locale
01-26 05:33:38.623 20540 20540 I Finsky  : [2] DTU: Received onPackageAdded, replacing: false
01-26 05:33:38.627  1538  3242 I InputReader: Reconfiguring input devices, changes=KEYBOARD_LAYOUTS | 
01-26 05:33:38.637 20984 20984 E ackageinstalle: Not starting debugger since process cannot load the jdwp agent.
01-26 05:33:38.669  4493  4493 E VvmPkgInstalledRcvr: cannot create TelephonyManager from ComponentInfo{com.android.phone/com.android.services.telephony.TelephonyConnectionService}, ***, UserHandle{0}
01-26 05:33:38.673 20540 20540 I Finsky  : [2] Do not start WearSupportService due to Wear service optimization
01-26 05:33:38.673 20540 20540 I Finsky  : [2] Clearing split related stale data.
01-26 05:33:38.679  4493  4493 D ImsResolver: maybeAddedImsService, packageName: com.google.testing.helium.utp.android.companion.instrumentations.locale
01-26 05:33:38.680  5385  5385 D RegisteredNfcFServicesCache: Service unchanged, not updating
01-26 05:33:38.681  4493  4493 D CarrierConfigLoader: mHandler: 9 phoneId: 0
01-26 05:33:38.695 20540 20563 I Finsky  : [1542] SCH: Received scheduling request: Id: 37-2, Constraints: [{ L: 0, D: 0, C: CHARGING_NONE, I: IDLE_NONE, N: NET_NONE, B: BATTERY_ANY }]
01-26 05:33:38.706 20984 20984 I ackageinstalle: The ClassLoaderContext is a special shared library.
01-26 05:33:38.708 19661 20503 I Auth    : (REDACTED) [SupervisedAccountIntentOperation] onHandleIntent: %s
01-26 05:33:38.716 19661 20506 I Blockstore: (REDACTED) [DataStoreImpl] Clearing Blockstore Data for package %s
01-26 05:33:38.716 20748 20813 W DynamiteModule: Local module descriptor class for com.google.android.gms.googlecertificates not found.
01-26 05:33:38.723 13905 20463 W GCM     : Unexpected forwarded intent: Intent { act=android.intent.action.PACKAGE_ADDED dat=package:com.google.testing.helium.utp.android.companion.instrumentations.locale flg=0x4000010 pkg=com.google.android.gms cmp=com.google.android.gms/.chimera.PersistentIntentOperationService (has extras) }
01-26 05:33:38.725   902  1000 D VSC     : @ 827.898: [WO] isFlat() nearest_rotation: 1, flat_angle: 40
01-26 05:33:38.725   902  1000 D VSC     : @ 827.898: [WO] orientation angle 90, orientation 1
01-26 05:33:38.725 19661 20506 I Blockstore: [DataStoreImpl] Keyless data not found or its IsLastInstallationData = false. [CONTEXT service_id=258 ]
01-26 05:33:38.730 13905 20480 I FontLog : (REDACTED) Package %s has no metadata
01-26 05:33:38.733 13905 20465 W NetworkScheduler: Unexpected forwarded intent: Intent { act=android.intent.action.PACKAGE_ADDED dat=package:com.google.testing.helium.utp.android.companion.instrumentations.locale flg=0x4000010 pkg=com.google.android.gms cmp=com.google.android.gms/.chimera.PersistentIntentOperationService (has extras) }
01-26 05:33:38.739 20748 20813 D StrictMode: StrictMode policy violation: android.os.strictmode.CustomViolation: gcore.dynamite
01-26 05:33:38.739 20748 20813 D StrictMode: 	at android.os.StrictMode$AndroidBlockGuardPolicy.onCustomSlowCall(StrictMode.java:1563)
01-26 05:33:38.739 20748 20813 D StrictMode: 	at android.os.StrictMode.noteSlowCall(StrictMode.java:2555)
01-26 05:33:38.739 20748 20813 D StrictMode: 	at bbnp.a(:com.google.android.gms@254932022@25.49.32 (150400-843446962):3)
01-26 05:33:38.739 20748 20813 D StrictMode: 	at com.google.android.gms.chimera.container.GmsModuleChimeraProvider.query(:com.google.android.gms@254932022@25.49.32 (150400-843446962):150)
01-26 05:33:38.739 20748 20813 D StrictMode: 	at awhj.query(:com.google.android.gms@254932022@25.49.32 (150400-843446962):20)
01-26 05:33:38.739 20748 20813 D StrictMode: 	at android.content.ContentProvider.query(ContentProvider.java:1379)
01-26 05:33:38.739 20748 20813 D StrictMode: 	at xea.superQuery(:com.google.android.gms@254932022@25.49.32 (150400-843446962):6)
01-26 05:33:38.739 20748 20813 D StrictMode: 	at com.google.android.chimera.ContentProvider.query(:com.google.android.gms@254932022@25.49.32 (150400-843446962):9)
01-26 05:33:38.739 20748 20813 D StrictMode: 	at awhj.query(:com.google.android.gms@254932022@25.49.32 (150400-843446962):83)
01-26 05:33:38.739 20748 20813 D StrictMode: 	at android.content.ContentProvider.query(ContentProvider.java:1475)
01-26 05:33:38.739 20748 20813 D StrictMode: 	at xea.superQuery(:com.google.android.gms@254932022@25.49.32 (150400-843446962):1)
01-26 05:33:38.739 20748 20813 D StrictMode: 	at com.google.android.chimera.ContentProvider.query(:com.google.android.gms@254932022@25.49.32 (150400-843446962):14)
01-26 05:33:38.739 20748 20813 D StrictMode: 	at xea.query(:com.google.android.gms@254932022@25.49.32 (150400-843446962):64)
01-26 05:33:38.739 20748 20813 D StrictMode: 	at android.content.ContentProvider$Transport.query(ContentProvider.java:278)
01-26 05:33:38.739 20748 20813 D StrictMode: 	at android.content.ContentProviderNative.onTransact(ContentProviderNative.java:106)
01-26 05:33:38.739 20748 20813 D StrictMode: 	at android.os.Binder.execTransactInternal(Binder.java:1154)
01-26 05:33:38.739 20748 20813 D StrictMode: 	at android.os.Binder.execTransact(Binder.java:1123)
01-26 05:33:38.739 20748 20813 D StrictMode: # via Binder call with stack:
01-26 05:33:38.739 20748 20813 D StrictMode: 	at android.os.StrictMode.readAndHandleBinderCallViolations(StrictMode.java:2358)
01-26 05:33:38.739 20748 20813 D StrictMode: 	at android.os.Parcel.readExceptionCode(Parcel.java:2318)
01-26 05:33:38.739 20748 20813 D StrictMode: 	at android.database.DatabaseUtils.readExceptionFromParcel(DatabaseUtils.java:139)
01-26 05:33:38.739 20748 20813 D StrictMode: 	at android.content.ContentProviderProxy.query(ContentProviderNative.java:472)
01-26 05:33:38.739 20748 20813 D StrictMode: 	at android.content.ContentResolver.query(ContentResolver.java:1183)
01-26 05:33:38.739 20748 20813 D StrictMode: 	at android.content.ContentResolver.query(ContentResolver.java:1115)
01-26 05:33:38.739 20748 20813 D StrictMode: 	at android.content.ContentResolver.query(ContentResolver.java:1071)
01-26 05:33:38.739 20748 20813 D StrictMode: 	at kne.e(PG:10)
01-26 05:33:38.739 20748 20813 D StrictMode: 	at kne.c(PG:11)
01-26 05:33:38.739 20748 20813 D StrictMode: 	at kmv.a(PG:1)
01-26 05:33:38.739 20748 20813 D StrictMode: 	at kmx.a(PG:4)
01-26 05:33:38.739 20748 20813 D StrictMode: 	at kne.a(PG:5)
01-26 05:33:38.739 20748 20813 D StrictMode: 	at kbz.f(PG:4)
01-26 05:33:38.739 20748 20813 D StrictMode: 	at kbz.b(PG:2)
01-26 05:33:38.739 20748 20813 D StrictMode: 	at kck.b(PG:3)
01-26 05:33:38.739 20748 20813 D StrictMode: 	at bqe.a(Unknown Source:11)
01-26 05:33:38.739 20748 20813 D StrictMode: 	at oyj.a(PG:2)
01-26 05:33:38.739 20748 20813 D StrictMode: 	at pqh.g(Unknown Source:2)
01-26 05:33:38.739 20748 20813 D StrictMode: 	at pqi.run(PG:9)
01-26 05:33:38.739 20748 20813 D StrictMode: 	at nui.run(PG:1)
01-26 05:33:38.739 20748 20813 D StrictMode: 	at java.util.concurrent.ThreadPoolExecutor.runWorker(ThreadPoolExecutor.java:1167)
01-26 05:33:38.739 20748 20813 D StrictMode: 	at java.util.concurrent.ThreadPoolExecutor$Worker.run(ThreadPoolExecutor.java:641)
01-26 05:33:38.739 20748 20813 D StrictMode: 	at nrx.run(Unknown Source:5)
01-26 05:33:38.739 20748 20813 D StrictMode: 	at java.lang.Thread.run(Thread.java:923)
01-26 05:33:38.746 19661 20472 I Dck     : (REDACTED) disableDckSupport: %s
01-26 05:33:38.748 19661 20472 W Dck     : [WirelessCapabilitiesFeatures] wccSysProp: 0 [CONTEXT service_id=289 ]
01-26 05:33:38.748 19661 20472 I Dck     : [WirelessCapabilitiesFeatures] wccMendel: 3 [CONTEXT service_id=289 ]
01-26 05:33:38.748 19661 20472 I Dck     : [WirelessCapabilitiesFeatures] deviceWccOverride: false [CONTEXT service_id=289 ]
01-26 05:33:38.749 19661 20472 I Dck     : [WirelessCapabilitiesFeatures] replaceSupportedWccWithWccOverride: true [CONTEXT service_id=289 ]
01-26 05:33:38.749 19661 20472 I Dck     : [WirelessCapabilitiesFeatures] wccOverride: not set [CONTEXT service_id=289 ]
01-26 05:33:38.749 21011 21011 W app_process: type=1400 audit(0.0:547): avc: denied { read } for name="u:object_r:device_config_runtime_native_boot_prop:s0" dev="tmpfs" ino=8933 scontext=u:r:shell:s0 tcontext=u:object_r:device_config_runtime_native_boot_prop:s0 tclass=file permissive=0 b/175106535
01-26 05:33:38.750 21011 21011 D AndroidRuntime: >>>>>> START com.android.internal.os.RuntimeInit uid 2000 <<<<<<
01-26 05:33:38.751 19661 20472 I Dck     : (REDACTED) [WirelessCapabilitiesFeatures] returned wcc: %s
01-26 05:33:38.751 19661 20472 I Dck     : Dck module condition - hasWccSupport: false [CONTEXT service_id=289 ]
01-26 05:33:38.752 19661 20472 I Dck     : Dck module condition - downloadAllowed: false [CONTEXT service_id=289 ]
01-26 05:33:38.752 21011 21011 E libc    : Access denied finding property "persist.device_config.runtime_native_boot.profilebootclasspath"
01-26 05:33:38.752 21011 21011 E libc    : Access denied finding property "persist.device_config.runtime_native_boot.enable_apex_image"
01-26 05:33:38.752 21011 21011 I AndroidRuntime: Using default boot image
01-26 05:33:38.752 21011 21011 E libc    : Access denied finding property "persist.device_config.runtime_native_boot.disable_lock_profiling"
01-26 05:33:38.752 21011 21011 I AndroidRuntime: Leaving lock profiling enabled
01-26 05:33:38.752 19661 20472 W Dck     : Dck module not eligible for asynchronous downloading [CONTEXT service_id=289 ]
01-26 05:33:38.752 21011 21011 E libc    : Access denied finding property "persist.device_config.runtime_native_boot.enable_generational_cc"
01-26 05:33:38.787  1538  1546 I system_server: Background concurrent copying GC freed 393238(18MB) AllocSpace objects, 123(8964KB) LOS objects, 75% free, 31MB/126MB, paused 97us total 260.490ms
01-26 05:33:38.792  1538  1548 W System  : A resource failed to call close. 
01-26 05:33:38.802 20984 20984 D NetworkSecurityConfig: No Network Security Config specified, using platform default
01-26 05:33:38.812  1538  1538 W Looper  : Slow dispatch took 130ms main h=android.app.ActivityThread$H c=android.app.-$$Lambda$LoadedApk$ReceiverDispatcher$Args$_BumDX2UKsnxLVrE6UJsJZkotuA@9c81016 m=0
01-26 05:33:38.803 20984 20984 D NetworkSecurityConfig: No Network Security Config specified, using platform default
01-26 05:33:38.813 21011 21011 D app_process: Time zone APEX ICU file found: /apex/com.android.tzdata/etc/icu/icu_tzdata.dat
01-26 05:33:38.813 21011 21011 D app_process: I18n APEX ICU file found: /apex/com.android.i18n/etc/icu/icudt66l.dat
01-26 05:33:38.814 20820 20841 I ProvidersCache: Provider returned no roots. Possibly naughty: com.google.android.apps.docs.storage
01-26 05:33:38.819 21011 21011 I app_process: The ClassLoaderContext is a special shared library.
01-26 05:33:38.834 20540 20573 I Finsky  : [1551] WM::SCH: Logging work initialize for 37-2
01-26 05:33:38.836 21011 21011 W app_process: JNI RegisterNativeMethods: attempt to register 0 native methods for android.media.AudioAttributes
01-26 05:33:38.836 20748 20813 I DynamiteModule: Considering local module com.google.android.gms.googlecertificates:0 and remote module com.google.android.gms.googlecertificates:7
01-26 05:33:38.836 20748 20813 I DynamiteModule: Selected remote version of com.google.android.gms.googlecertificates, version >= 7
01-26 05:33:38.840 21011 21011 D AndroidRuntime: Calling main entry com.android.commands.am.Am
01-26 05:33:38.841 13905 21018 I Fitness : (REDACTED) OnPackageChangedOperation got intent: %s
01-26 05:33:38.841 20540 20540 I Finsky  : [2] ahpb - Received: android.intent.action.PACKAGE_CHANGED, [p96ijs_D_wMlU6vwB82HkMOUnY1mjoEL-op4Avju01k]
01-26 05:33:38.847  1538  1538 W Looper  : Slow delivery took 225ms main h=com.android.server.AlarmManagerService$AlarmHandler c=null m=8
01-26 05:33:38.853 19661 20506 I NearbyDiscovery: (REDACTED) processGrantSlicePermission: %s
01-26 05:33:38.854   956   956 D AF::TrackHandle: OpPlayAudio: track:55 usage:3 not muted
01-26 05:33:38.855  1538  1538 I Telecom : DefaultDialerCache: Refreshing default dialer for user 0: now com.google.android.dialer: DDC.oR@Aso
01-26 05:33:38.870  1538  4074 I ActivityManager: Force stopping com.google.testing.helium.utp.android.companion.instrumentations.locale appid=10272 user=0: start instr
01-26 05:33:38.876  1538  4074 D CompatibilityChangeReporter: Compat change id reported: 135634846; UID 10272; state: DISABLED
01-26 05:33:38.866   956   956 I chatty  : uid=1041(audioserver) /system/bin/audioserver identical 3 lines
01-26 05:33:38.870   956   956 D AF::TrackHandle: OpPlayAudio: track:55 usage:3 not muted
01-26 05:33:38.876  4493  4493 E PhoneInterfaceManager: [PhoneIntfMgr] getCarrierPackageNamesForIntentAndPhone: No UICC
01-26 05:33:38.876  4493  4493 D CarrierSvcBindHelper: No carrier app for: 0
01-26 05:33:38.876  4493  4493 D ImsResolver: maybeAddedImsService, packageName: com.google.testing.helium.utp.android.companion.instrumentations.locale
01-26 05:33:38.876  1538  4074 D CompatibilityChangeReporter: Compat change id reported: 135754954; UID 10272; state: ENABLED
01-26 05:33:38.876  1538  1643 D CompatibilityChangeReporter: Compat change id reported: 143937733; UID 10272; state: ENABLED
01-26 05:33:38.877 20540 20562 I Finsky  : [1541] RECEIVER_PACKAGE_MONITOR#logWorkEndAndFinishGoAsync: SUCCESS
01-26 05:33:38.878  1538  1631 W Looper  : Slow dispatch took 252ms android.fg h=android.os.Handler c=<recycled PooledLambda@4ad4646> m=0
01-26 05:33:38.880 20540 20596 I Finsky  : [1564] SCH: Scheduling phonesky job Id: 37-2, CT: 1769434418695, Constraints: [{ L: 0, D: 0, C: CHARGING_NONE, I: IDLE_NONE, N: NET_NONE, B: BATTERY_ANY }, { L: 0, D: 0, C: CHARGING_NONE, I: IDLE_NONE, N: NET_NONE, B: BATTERY_ANY }]
01-26 05:33:38.881  1538  1538 W Looper  : Drained
01-26 05:33:38.885 15371 15371 I Finsky:background: [2] ahoq - Received: android.intent.action.PACKAGE_CHANGED, [p96ijs_D_wMlU6vwB82HkMOUnY1mjoEL-op4Avju01k]
01-26 05:33:38.891   869   869 D Zygote  : Forked child process 21040
01-26 05:33:38.895 21040 21040 I ntations.local: Late-enabling -Xcheck:jni
01-26 05:33:38.901 20540 20595 I Finsky  : [1563] SCH: Scheduling 1 system job(s)
01-26 05:33:38.902 20540 20595 I Finsky  : [1563] SCH: Scheduling system job Id: 9134, L: 0, D: 0, C: false, I: false, N: 0
01-26 05:33:38.907 21040 21040 I ntations.local: Unquickening 12 vdex files!
01-26 05:33:38.910  1538  1643 I ActivityManager: Start proc 21040:com.google.testing.helium.utp.android.companion.instrumentations.locale/u0a272 for added application com.google.testing.helium.utp.android.companion.instrumentations.locale
01-26 05:33:38.911 13905 20480 I Fitness : (REDACTED) FitCleanupIntentOperation received Intent %s
01-26 05:33:38.912 20820 21010 I ProvidersCache: Provider returned no roots. Possibly naughty: com.google.android.apps.docs.storage
01-26 05:33:38.916 19661 19702 W GmscoreIpa: Can't build MobileApplication indexable: URL too long intent:#Intent;action=android.intent.action.MAIN;category=android.intent.category.LAUNCHER;package=com.google.testing.helium.utp.android.companion.instrumentations.locale;component=com.google.testing.helium.utp.android.companion.instrumentations.locale/com.google.testing.helium.utp.android.companion.activities.BlankActivity;end [CONTEXT service_id=255 ]
01-26 05:33:38.918 20748 20767 I .apps.wellbein: Waiting for a blocking GC ProfileSaver
01-26 05:33:38.926 15371 20444 I Finsky:background: [1175] Wrote row to frosting DB: 376
01-26 05:33:38.930 15371 15441 I Finsky:background: [1130] RECEIVER_PACKAGE_MONITOR_BACKGROUND#logWorkEndAndFinishGoAsync: SUCCESS
01-26 05:33:38.931 15371 20444 I Finsky:background: [1175] Wrote row to frosting DB: 377
01-26 05:33:38.933 19661 19686 I Icing   : Indexing com.google.android.gms-apps from com.google.android.gms
01-26 05:33:38.933  4839  4848 I adbd    : jdwp connection from 21040
01-26 05:33:38.955 15371 15439 I Finsky:background: [1128] RECEIVER_ENGAGE_PACKAGE_CHANGED#logWorkEndAndFinishGoAsync: SKIPPED_PRECONDITIONS_UNMET
01-26 05:33:38.961 20540 20540 I Finsky  : [2] SCH: job service start with id 9134.
01-26 05:33:38.962  1538  1631 W Looper  : Slow delivery took 316ms android.fg h=android.os.Handler c=<recycled PooledLambda@17eba84> m=0
01-26 05:33:38.976 13905 20480 I Fitness : (REDACTED) OnPackageChangedOperation got intent: %s
01-26 05:33:38.989 19661 19686 I Icing   : Indexing done com.google.android.gms-apps
01-26 05:33:38.991 19661 19702 W GmscoreIpa: Can't build MobileApplication indexable: URL too long intent:#Intent;action=android.intent.action.MAIN;category=android.intent.category.LAUNCHER;package=com.google.testing.helium.utp.android.companion.instrumentations.locale;component=com.google.testing.helium.utp.android.companion.instrumentations.locale/com.google.testing.helium.utp.android.companion.activities.BlankActivity;end [CONTEXT service_id=255 ]
01-26 05:33:39.001 19661 19686 I Icing   : Indexing com.google.android.gms-apps from com.google.android.gms
01-26 05:33:39.017 13905 20480 I Fitness : (REDACTED) FitCleanupIntentOperation received Intent %s
01-26 05:33:39.027 13905 14367 W GetConfigSnapshotOp: Succeeded but not registered: com.google.android.libraries.performance.primes#com.android.vending [CONTEXT service_id=51 ]
01-26 05:33:39.029 20540 20660 I Finsky  : [1595] SCH: Satisfied jobs for 9134 are: 37-2
01-26 05:33:39.030 19661 19686 I Icing   : Indexing done com.google.android.gms-apps
01-26 05:33:39.031 20540 20744 I Finsky  : [1617] SCH: Job 37-2 starting
01-26 05:33:39.034 20540 20540 I Finsky  : [2] WM::SCH: Logging work start for 37-2
01-26 05:33:39.036 20540 20540 I Finsky  : [2] Received an install/uninstall event for package com.google.testing.helium.utp.android.companion.instrumentations.locale
01-26 05:33:39.037 20540 20540 I Finsky  : [2] SCH: jobFinished: 37-2. TimeElapsed: 3ms.
01-26 05:33:39.037 20540 20540 I Finsky  : [2] WM::SCH: Logging work end for 37-2
01-26 05:33:39.039 19661 19686 I Icing   : Indexing com.google.android.gms-apps from com.google.android.gms
01-26 05:33:39.041 19661 19686 I Icing   : Indexing done com.google.android.gms-apps
01-26 05:33:39.044 19661 19702 W GmscoreIpa: Can't build MobileApplication indexable: URL too long intent:#Intent;action=android.intent.action.MAIN;category=android.intent.category.LAUNCHER;package=com.google.testing.helium.utp.android.companion.instrumentations.locale;component=com.google.testing.helium.utp.android.companion.instrumentations.locale/com.google.testing.helium.utp.android.companion.activities.BlankActivity;end [CONTEXT service_id=255 ]
01-26 05:33:39.053 20540 20576 I Finsky  : [1554] Not an active Cubes user. Ignoring package install/uninstall event.
01-26 05:33:39.081 20540 20594 I Finsky  : [1561] SCH: Scheduling phonesky job Id: 10-4, CT: 1769433755708, Constraints: [{ L: 1200000, D: 86400000, C: CHARGING_NONE, I: IDLE_NONE, N: NET_NONE, B: BATTERY_ANY }]
01-26 05:33:39.082 20540 20594 I Finsky  : [1561] SCH: Scheduling phonesky job Id: 26-1414141414, CT: 1769433762297, Constraints: [{ L: 900000, D: 1800000, C: CHARGING_NONE, I: IDLE_NONE, N: NET_NONE, B: BATTERY_ANY }]
01-26 05:33:39.089 21040 21040 W ntations.local: Accessing hidden method Landroid/app/IActivityManager;->getConfiguration()Landroid/content/res/Configuration; (greylist, linking, allowed)
01-26 05:33:39.089 21040 21040 W ntations.local: Accessing hidden method Landroid/app/IActivityManager;->updatePersistentConfiguration(Landroid/content/res/Configuration;)V (greylist, linking, allowed)
01-26 05:33:39.089 21040 21040 W ntations.local: Accessing hidden method Landroid/app/ActivityManagerNative;->getDefault()Landroid/app/IActivityManager; (greylist, linking, allowed)
01-26 05:33:39.092 21040 21040 D NetworkSecurityConfig: No Network Security Config specified, using platform default
01-26 05:33:39.093 21040 21040 D NetworkSecurityConfig: No Network Security Config specified, using platform default
01-26 05:33:39.094 20540 20576 I Finsky  : [1554] SCH: Scheduling 1 system job(s)
01-26 05:33:39.094 20540 20576 I Finsky  : [1554] SCH: Scheduling system job Id: 9138, L: 243203, D: 1143203, C: false, I: false, N: 0
01-26 05:33:39.098 21040 21040 I ConfigureLocale: Changing system locale from en_US to en
01-26 05:33:39.099 21040 21040 W ntations.local: Accessing hidden method Landroid/app/ActivityManager;->getService()Landroid/app/IActivityManager; (greylist, reflection, allowed)
01-26 05:33:39.103  1538  4073 I ActivityTaskManager: Config changes=2004 {1.0 ?mcc?mnc [en] ldltr sw392dp w392dp h782dp 440dpi nrml long hdr widecg port finger -keyb/v/h -nav/h winConfig={ mBounds=Rect(0, 0 - 1080, 2340) mAppBounds=Rect(0, 136 - 1080, 2296) mWindowingMode=fullscreen mDisplayWindowingMode=fullscreen mActivityType=undefined mAlwaysOnTop=undefined mRotation=ROTATION_0} s.65}
01-26 05:33:39.105 20540 20744 I Finsky  : [1617] SCH: job service finished with id 9134.
01-26 05:33:39.115  1538  4073 I WindowManager: Override config changes=2004 {1.0 ?mcc?mnc [en] ldltr sw392dp w392dp h782dp 440dpi nrml long hdr widecg port finger -keyb/v/h -nav/h winConfig={ mBounds=Rect(0, 0 - 1080, 2340) mAppBounds=Rect(0, 136 - 1080, 2296) mWindowingMode=fullscreen mDisplayWindowingMode=fullscreen mActivityType=undefined mAlwaysOnTop=undefined mRotation=ROTATION_0} s.65} for displayId=0
01-26 05:33:39.145  4820  4820 W GoogleInputMethodService: GoogleInputMethodService.onConfigurationChanged():1401 onConfigurationChanged() : NewConfig = {1.0 ?mcc?mnc [en] ldltr sw392dp w392dp h782dp 440dpi nrml long hdr widecg port finger -keyb/v/h -nav/h winConfig={ mBounds=Rect(0, 0 - 1080, 2340) mAppBounds=Rect(0, 136 - 1080, 2296) mWindowingMode=fullscreen mDisplayWindowingMode=fullscreen mActivityType=undefined mAlwaysOnTop=undefined mRotation=ROTATION_0} s.108}
01-26 05:33:39.155  4820  4820 W KeyboardModeManager: KeyboardModeManager.setInputView():302 setInputView() : inputView = null
01-26 05:33:39.158  4820  4820 I GoogleInputMethodService: GoogleInputMethodService.initializeKeyboardTheme():1171 Apply keyboard theme: theme_border_stylesheet_googleblue_materiallight_assets:theme_package_metadata_google_blue_light.binarypb_port
01-26 05:33:39.158  1538  4073 W ImageReader_JNI: Unable to acquire a buffer item, very likely client tried to acquire more than maxImages buffers
01-26 05:33:39.163  4820  4820 I Environment: Environment.getDeviceMode():694 Get device mode by ui mode:1 and smallestScreenWidthDp:392
01-26 05:33:39.164  1538  4073 V WindowManager: Orientation start waiting for draw, mDrawState=DRAW_PENDING in Window{c00048c u0 ScreenDecorOverlayBottom}, surfaceController Surface(name=ScreenDecorOverlayBottom)/@0xb9e0bb4
01-26 05:33:39.164  1538  4073 V WindowManager: Orientation start waiting for draw, mDrawState=DRAW_PENDING in Window{4de5248 u0 ScreenDecorOverlay}, surfaceController Surface(name=ScreenDecorOverlay)/@0x140c233
01-26 05:33:39.164  1538  4073 V WindowManager: Orientation start waiting for draw, mDrawState=DRAW_PENDING in Window{508044f u0 NavigationBar0}, surfaceController Surface(name=NavigationBar0)/@0xf261bc4
01-26 05:33:39.164  1538  4073 V WindowManager: Orientation start waiting for draw, mDrawState=DRAW_PENDING in Window{42bb42e u0 StatusBar}, surfaceController Surface(name=StatusBar)/@0x13961e2
01-26 05:33:39.165  1538  4073 V WindowManager: Orientation start waiting for draw, mDrawState=DRAW_PENDING in Window{6f6058b u0 com.google.android.apps.nexuslauncher/com.google.android.apps.nexuslauncher.NexusLauncherActivity}, surfaceController Surface(name=com.google.android.apps.nexuslauncher/com.google.android.apps.nexuslauncher.NexusLauncherActivity)/@0x4257e19
01-26 05:33:39.165  1538  4073 V WindowManager: Orientation start waiting for draw, mDrawState=DRAW_PENDING in Window{9811e60 u0 com.google.android.apps.nexuslauncher/com.google.android.apps.nexuslauncher.NexusLauncherActivity}, surfaceController Surface(name=com.google.android.apps.nexuslauncher/com.google.android.apps.nexuslauncher.NexusLauncherActivity)/@0xb87ede
01-26 05:33:39.165  1538  4073 V WindowManager: Orientation start waiting for draw, mDrawState=DRAW_PENDING in Window{9b531a4 u0 com.breel.wallpapers20.stack.wallpaper.StackWallpaper}, surfaceController Surface(name=com.breel.wallpapers20.stack.wallpaper.StackWallpaper)/@0x99d7009
01-26 05:33:39.163  4820  4820 I Environment: Environment.getDeviceMode():694 Get device mode by ui mode:1 and smallestScreenWidthDp:392
01-26 05:33:39.167 21040 21040 I ConfigureLocale: Locale change successful.
01-26 05:33:39.173  1538  5375 V WindowManager: Orientation start waiting for draw, mDrawState=DRAW_PENDING in Window{6f6058b u0 com.google.android.apps.nexuslauncher/com.google.android.apps.nexuslauncher.NexusLauncherActivity}, surfaceController Surface(name=com.google.android.apps.nexuslauncher/com.google.android.apps.nexuslauncher.NexusLauncherActivity)/@0x4257e19
01-26 05:33:39.173  1538  5375 V WindowManager: Orientation start waiting for draw, mDrawState=DRAW_PENDING in Window{9811e60 u0 com.google.android.apps.nexuslauncher/com.google.android.apps.nexuslauncher.NexusLauncherActivity}, surfaceController Surface(name=com.google.android.apps.nexuslauncher/com.google.android.apps.nexuslauncher.NexusLauncherActivity)/@0xb87ede
01-26 05:33:39.181  1538  1635 V WindowManager: Orientation start waiting for draw, mDrawState=DRAW_PENDING in Window{6f6058b u0 com.google.android.apps.nexuslauncher/com.google.android.apps.nexuslauncher.NexusLauncherActivity}, surfaceController Surface(name=com.google.android.apps.nexuslauncher/com.google.android.apps.nexuslauncher.NexusLauncherActivity)/@0x4257e19
01-26 05:33:39.181  1538  1635 V WindowManager: Orientation start waiting for draw, mDrawState=DRAW_PENDING in Window{9811e60 u0 com.google.android.apps.nexuslauncher/com.google.android.apps.nexuslauncher.NexusLauncherActivity}, surfaceController Surface(name=com.google.android.apps.nexuslauncher/com.google.android.apps.nexuslauncher.NexusLauncherActivity)/@0xb87ede
01-26 05:33:39.185  1538  5677 V WindowManager: Orientation start waiting for draw, mDrawState=DRAW_PENDING in Window{6f6058b u0 com.google.android.apps.nexuslauncher/com.google.android.apps.nexuslauncher.NexusLauncherActivity}, surfaceController Surface(name=com.google.android.apps.nexuslauncher/com.google.android.apps.nexuslauncher.NexusLauncherActivity)/@0x4257e19
01-26 05:33:39.187  1538  5677 V WindowManager: Orientation start waiting for draw, mDrawState=DRAW_PENDING in Window{9811e60 u0 com.google.android.apps.nexuslauncher/com.google.android.apps.nexuslauncher.NexusLauncherActivity}, surfaceController Surface(name=com.google.android.apps.nexuslauncher/com.google.android.apps.nexuslauncher.NexusLauncherActivity)/@0xb87ede
01-26 05:33:39.192 21040 21040 D Companion: Instrumentation completed successfully
01-26 05:33:39.205  1538  1642 D CompatibilityChangeReporter: Compat change id reported: 135634846; UID 10124; state: DISABLED
01-26 05:33:39.205  1538  1642 D CompatibilityChangeReporter: Compat change id reported: 135754954; UID 10124; state: ENABLED
01-26 05:33:39.207  1538  5824 I ActivityManager: Force stopping com.google.testing.helium.utp.android.companion.instrumentations.locale appid=10272 user=0: finished inst
01-26 05:33:39.208  1538  5824 I ActivityManager: Killing 21040:com.google.testing.helium.utp.android.companion.instrumentations.locale/u0a272 (adj 0): stop com.google.testing.helium.utp.android.companion.instrumentations.locale due to finished inst
01-26 05:33:39.209 13905 14343 I NearbyDiscovery: (REDACTED) FastPairHandler: Received action %s
01-26 05:33:39.209 13905 14343 I NearbyDiscovery: (REDACTED) FastPairHandler: evict memory cache due to %s
01-26 05:33:39.210  4493  4493 I Telephony: Locale change; re-registering phone accounts.
01-26 05:33:39.211  5299  5542 I AiAiMatchmaker: Locale changed: en-us -> en
01-26 05:33:39.220  1538  1643 D CompatibilityChangeReporter: Compat change id reported: 143937733; UID 10124; state: ENABLED
01-26 05:33:39.221  1538  5824 V WindowManager: Orientation start waiting for draw, mDrawState=DRAW_PENDING in Window{6f6058b u0 com.google.android.apps.nexuslauncher/com.google.android.apps.nexuslauncher.NexusLauncherActivity}, surfaceController Surface(name=com.google.android.apps.nexuslauncher/com.google.android.apps.nexuslauncher.NexusLauncherActivity)/@0x4257e19
01-26 05:33:39.221  1538  5824 V WindowManager: Orientation start waiting for draw, mDrawState=DRAW_PENDING in Window{9811e60 u0 com.google.android.apps.nexuslauncher/com.google.android.apps.nexuslauncher.NexusLauncherActivity}, surfaceController Surface(name=com.google.android.apps.nexuslauncher/com.google.android.apps.nexuslauncher.NexusLauncherActivity)/@0xb87ede
01-26 05:33:39.227   869   869 D Zygote  : Forked child process 21074
01-26 05:33:39.233 21011 21011 D AndroidRuntime: Shutting down VM
01-26 05:33:39.236  1538  1635 V WindowManager: Orientation start waiting for draw, mDrawState=DRAW_PENDING in Window{6f6058b u0 com.google.android.apps.nexuslauncher/com.google.android.apps.nexuslauncher.NexusLauncherActivity}, surfaceController Surface(name=com.google.android.apps.nexuslauncher/com.google.android.apps.nexuslauncher.NexusLauncherActivity)/@0x4257e19
01-26 05:33:39.236  1538  1635 V WindowManager: Orientation start waiting for draw, mDrawState=DRAW_PENDING in Window{9811e60 u0 com.google.android.apps.nexuslauncher/com.google.android.apps.nexuslauncher.NexusLauncherActivity}, surfaceController Surface(name=com.google.android.apps.nexuslauncher/com.google.android.apps.nexuslauncher.NexusLauncherActivity)/@0xb87ede
01-26 05:33:39.238  4493  4493 I Telephony: PstnIncomingCallNotifier: Unregistering: Handler (com.android.internal.telephony.GsmCdmaPhone) {56f4681}
01-26 05:33:39.239   869   869 I Zygote  : Process 21040 exited due to signal 9 (Killed)
01-26 05:33:39.239  4493  4493 D Telephony: Unregistering: Handler (com.android.internal.telephony.GsmCdmaPhone) {56f4681}
01-26 05:33:39.239  4493  4493 I Telephony: TelecomAccountRegistry: setupAccounts: Found 1 phones.  Attempting to register.
01-26 05:33:39.239  4493  4493 I Telephony: TelecomAccountRegistry: setupAccounts: Phone with subscription id -1
01-26 05:33:39.239  4493  4493 D Telephony: TelecomAccountRegistry: setupAccounts: skipping invalid subid -1
01-26 05:33:39.239  1538  1635 V WindowManager: Orientation start waiting for draw, mDrawState=DRAW_PENDING in Window{6f6058b u0 com.google.android.apps.nexuslauncher/com.google.android.apps.nexuslauncher.NexusLauncherActivity}, surfaceController Surface(name=com.google.android.apps.nexuslauncher/com.google.android.apps.nexuslauncher.NexusLauncherActivity)/@0x4257e19
01-26 05:33:39.239  4493  4493 I Telephony: setupAccounts: adding default
01-26 05:33:39.239  1538  1635 V WindowManager: Orientation start waiting for draw, mDrawState=DRAW_PENDING in Window{9811e60 u0 com.google.android.apps.nexuslauncher/com.google.android.apps.nexuslauncher.NexusLauncherActivity}, surfaceController Surface(name=com.google.android.apps.nexuslauncher/com.google.android.apps.nexuslauncher.NexusLauncherActivity)/@0xb87ede
01-26 05:33:39.241  1538  1643 I ActivityManager: Start proc 21074:com.android.carrierdefaultapp/u0a124 for broadcast {com.android.carrierdefaultapp/com.android.carrierdefaultapp.CarrierDefaultBroadcastReceiver}
01-26 05:33:39.249  4191  4191 I WallpaperService: engine paused
01-26 05:33:39.249 13905 14367 I NearbySharing: Broadcasting NearbySharing state change.
01-26 05:33:39.249   902   902 I sensors-hal: [hal]activate_physical_sensor:238, android.sensor.gyroscope/41 en=0
01-26 05:33:39.250  1538  4070 V WindowManager: Orientation start waiting for draw, mDrawState=DRAW_PENDING in Window{6f6058b u0 com.google.android.apps.nexuslauncher/com.google.android.apps.nexuslauncher.NexusLauncherActivity}, surfaceController Surface(name=com.google.android.apps.nexuslauncher/com.google.android.apps.nexuslauncher.NexusLauncherActivity)/@0x4257e19
01-26 05:33:39.252   902   902 D Diag_Lib: diag: Diag_LSM_DeInit done for pid: 902
01-26 05:33:39.254  1538  1648 I libprocessgroup: Successfully killed process cgroup uid 10272 pid 21040 in 45ms
01-26 05:33:39.256   902   902 D Diag_Lib: diag: Diag_LSM_DeInit done for pid: 902
01-26 05:33:39.256   902   902 I sensors-hal: [hal]activate_physical_sensor:249, android.sensor.gyroscope/41 en=0 completed
01-26 05:33:39.260 21074 21074 E rrierdefaultap: Not starting debugger since process cannot load the jdwp agent.
01-26 05:33:39.260  5299  5542 I AiAiTextClassifier: Syncing template table with url: https://gstatic.com/matchmaker/template_table/21072101/2/en/superpacks_manifest.zip, version 21072101
01-26 05:33:39.264  4493  4493 E PhoneInterfaceManager: [PhoneIntfMgr] getIccId: No UICC
01-26 05:33:39.268  4493  4493 D Telephony: isEmergencyPreferredAccount: subId=-1, activeData=-1
01-26 05:33:39.268  4493  4493 D Telephony: isEmergencyPreferredAccount: Device does not require preference.
01-26 05:33:39.268  4493  4493 I Telephony: isRttCurrentlySupported -- emergency acct and not supported in this country: 
01-26 05:33:39.271 20540 20551 I android.vendin: Compiler allocated 4160KB to compile int brvx.c(java.lang.Object, byte[], int, int, int, brst)
01-26 05:33:39.276 14182 14253 I PBSessionCacheImpl: Deleted sessionId[62374865054185817] from persistence.
01-26 05:33:39.277  1538  4073 V WindowManager: Orientation start waiting for draw, mDrawState=DRAW_PENDING in Window{6f6058b u0 com.google.android.apps.nexuslauncher/com.google.android.apps.nexuslauncher.NexusLauncherActivity}, surfaceController Surface(name=com.google.android.apps.nexuslauncher/com.google.android.apps.nexuslauncher.NexusLauncherActivity)/@0x4257e19
01-26 05:33:39.279  1538  1630 V WindowManager: Orientation start waiting for draw, mDrawState=DRAW_PENDING in Window{6f6058b u0 com.google.android.apps.nexuslauncher/com.google.android.apps.nexuslauncher.NexusLauncherActivity}, surfaceController Surface(name=com.google.android.apps.nexuslauncher/com.google.android.apps.nexuslauncher.NexusLauncherActivity)/@0x4257e19
01-26 05:33:39.287  1538  5677 I Telecom : PhoneAccountRegistrar: Modify account: [ComponentInfo{com.android.phone/com.android.services.telephony.TelephonyConnectionService}, ***, UserHandle{0}]: TSI.rPA@Ass
01-26 05:33:39.289  1538  5677 I Telecom : CallsManager: handlePhoneAccountChanged: phoneAccount=[[X] PhoneAccount: ComponentInfo{com.android.phone/com.android.services.telephony.TelephonyConnectionService}, ***, UserHandle{0} Capabilities: CallProvider MultiUser PlaceEmerg SimSub  Audio Routes: BESW Schemes: tel voicemail  Extras: Bundle[{android.telecom.extra.SUPPORTS_VIDEO_CALLING_FALLBACK=true}] GroupId: ***]: TSI.rPA@Ass
01-26 05:33:39.289  4820 21069 W JobInfoUtil: JobInfoUtil.setJobInfo():55 The max execution delay will be ignored for periodic task: PeriodicTasks
01-26 05:33:39.290  4493  4493 I Telephony: AccountEntry: Registered phoneAccount: [[ ] PhoneAccount: ComponentInfo{com.android.phone/com.android.services.telephony.TelephonyConnectionService}, ***, UserHandle{0} Capabilities: CallProvider MultiUser PlaceEmerg SimSub  Audio Routes: BESW Schemes: tel voicemail  Extras: Bundle[{android.telecom.extra.SUPPORTS_VIDEO_CALLING_FALLBACK=true}] GroupId: ***] with handle: ComponentInfo{com.android.phone/com.android.services.telephony.TelephonyConnectionService}, ***, UserHandle{0}
01-26 05:33:39.290  4493  4493 I Telephony: PstnIncomingCallNotifier: Registering: Handler (com.android.internal.telephony.GsmCdmaPhone) {56f4681}
01-26 05:33:39.290  4493  4493 D Telephony: Registering: Handler (com.android.internal.telephony.GsmCdmaPhone) {56f4681}
01-26 05:33:39.290  4820 21070 W JobInfoUtil: JobInfoUtil.setJobInfo():55 The max execution delay will be ignored for periodic task: daily_ping_task
01-26 05:33:39.291  4820  4820 I Environment: Environment.getDeviceMode():694 Get device mode by ui mode:1 and smallestScreenWidthDp:392
01-26 05:33:39.291  4820  4820 I Environment: Environment.getDeviceMode():694 Get device mode by ui mode:1 and smallestScreenWidthDp:392
01-26 05:33:39.292  4493  4493 I ImsExternalCallTracker: handleVideoCapabilitiesChanged : isVideoCapable = false
01-26 05:33:39.292  4493  4493 D ImsExternalCallTracker: refreshCallPullState
01-26 05:33:39.292  4493  4493 I Telephony: handleVideoCapabilitesChanged. Video capability - false
01-26 05:33:39.292  4820  4820 I Environment: Environment.getDeviceMode():694 Get device mode by ui mode:1 and smallestScreenWidthDp:392
01-26 05:33:39.293  4820  4820 I Environment: Environment.getDeviceMode():694 Get device mode by ui mode:1 and smallestScreenWidthDp:392
01-26 05:33:39.296  4493  4493 E PhoneInterfaceManager: [PhoneIntfMgr] getIccId: No UICC
01-26 05:33:39.297  1538  5824 V WindowManager: Orientation start waiting for draw, mDrawState=DRAW_PENDING in Window{6f6058b u0 com.google.android.apps.nexuslauncher/com.google.android.apps.nexuslauncher.NexusLauncherActivity}, surfaceController Surface(name=com.google.android.apps.nexuslauncher/com.google.android.apps.nexuslauncher.NexusLauncherActivity)/@0x4257e19
01-26 05:33:39.298 21074 21074 I rrierdefaultap: The ClassLoaderContext is a special shared library.
01-26 05:33:39.300  1538  5610 D CompatibilityChangeReporter: Compat change id reported: 135634846; UID 10107; state: DISABLED
01-26 05:33:39.300  1538  5610 D CompatibilityChangeReporter: Compat change id reported: 135754954; UID 10107; state: ENABLED
01-26 05:33:39.300  1538  1643 D CompatibilityChangeReporter: Compat change id reported: 143937733; UID 10107; state: ENABLED
01-26 05:33:39.307   869   869 D Zygote  : Forked child process 21099
01-26 05:33:39.307  4493  4493 D Telephony: isEmergencyPreferredAccount: subId=-1, activeData=-1
01-26 05:33:39.307  4493  4493 D Telephony: isEmergencyPreferredAccount: Device does not require preference.
01-26 05:33:39.308  1538  1643 I ActivityManager: Start proc 21099:com.android.externalstorage/u0a107 for content provider {com.android.externalstorage/com.android.externalstorage.ExternalStorageProvider}
01-26 05:33:39.308  4493  4493 I Telephony: isRttCurrentlySupported -- emergency acct and not supported in this country: 
01-26 05:33:39.309  5299  5542 I SP.Model.AiAi: Setting manifest to https://gstatic.com/matchmaker/template_table/21072101/2/en/superpacks_manifest.zip.21072101 and syncing
01-26 05:33:39.310  5299  5762 I SP.AiAi : Deleting file /data/user/0/com.google.android.as/files/superpacks/manifests/template_table-2-en-us-21072101 from manifest directory, last modified: 1/26/26 5:22 AM
01-26 05:33:39.311  5299  5762 I SP.AiAi : Deleting file template_table-2-en-us-21072101/superpacks_manifest.json, reason: <hnh@7a4bcd8 number=9 name=MANIFEST_GC>
01-26 05:33:39.312  5299  5762 I SP.AiAi : Deleting file manifests/template_table-2-en-us-21072101, reason: <hnh@7a4bcd8 number=9 name=MANIFEST_GC>
01-26 05:33:39.315  4820 21069 I JobSchedulerImpl: JobSchedulerImpl.schedule():86 Schedule task: PeriodicTasks. Success.
01-26 05:33:39.317  1538  1538 W Looper  : Slow dispatch took 102ms main h=android.app.ActivityThread$H c=android.app.-$$Lambda$LoadedApk$ReceiverDispatcher$Args$_BumDX2UKsnxLVrE6UJsJZkotuA@338c9bb m=0
01-26 05:33:39.319  5299  5762 I SP.AiAi : Deleting file template_table_main_d56cb52d782abb15977107f998eabdb1/template_table, reason: <hnh@9be6831 number=4 name=RELEASE_SUPERPACK>
01-26 05:33:39.319  4820  4820 I KeyboardViewUtil: KeyboardViewUtil.getKeyboardHeightRatio():128 systemKeyboardHeightRatio:1.200000; userKeyboardHeightRatio:1.000000.
01-26 05:33:39.320  5299  5762 I SP.AiAi : Deleting file template_table-2-en-us/template_table_main_d56cb52d782abb15977107f998eabdb1, reason: <hnh@9be6831 number=4 name=RELEASE_SUPERPACK>
01-26 05:33:39.327  5299  5762 I SP.AiAi : Deleting file superpacks/template_table-2-en-us, reason: <hnh@9be6831 number=4 name=RELEASE_SUPERPACK>
01-26 05:33:39.327 21074 21074 D NetworkSecurityConfig: No Network Security Config specified, using platform default
01-26 05:33:39.327 21074 21074 D NetworkSecurityConfig: No Network Security Config specified, using platform default
01-26 05:33:39.328  5299  5762 I SP.AiAi : Registering template_table-2-en.21072101, url: https://gstatic.com/matchmaker/template_table/21072101/2/en/superpacks_manifest.zip, constraints: W:b, flags: *, requested: 21072101, current: -1
01-26 05:33:39.328 21074 21074 D CarrierDefaultBroadcastReceiver: onReceive intent: android.intent.action.LOCALE_CHANGED
01-26 05:33:39.329  4820 21070 I JobSchedulerImpl: JobSchedulerImpl.schedule():86 Schedule task: daily_ping_task. Success.
01-26 05:33:39.330  4264  4264 D RecentsOrientedState: current RecentsOrientedState: [this=RecentsOrientedState@4dbff4a mOrientationHandler=PortraitPagedViewHandler@3f670d8 mDisplayRotation=0 mTouchRotation=0 mRecentsActivityRotation=0 isRecentsActivityRotationAllowed=false mSystemRotation=false mFlags=291]
01-26 05:33:39.330  1538  5821 I Telecom : PhoneAccountRegistrar: Modify account: [ComponentInfo{com.android.phone/com.android.services.telephony.TelephonyConnectionService}, ***, UserHandle{0}]: TSI.rPA@As0
